Component: ARM Compiler 5.06 update 7 (build 960) Tool: armlink [4d3601]

==============================================================================

Section Cross References

    main.o(i.ClockConfigure) refers to mdr32f9qx_rst_clk.o(i.RST_CLK_HSEconfig) for RST_CLK_HSEconfig
    main.o(i.ClockConfigure) refers to mdr32f9qx_rst_clk.o(i.RST_CLK_HSEstatus) for RST_CLK_HSEstatus
    main.o(i.ClockConfigure) refers to mdr32f9qx_rst_clk.o(i.RST_CLK_CPU_PLLconfig) for RST_CLK_CPU_PLLconfig
    main.o(i.ClockConfigure) refers to mdr32f9qx_rst_clk.o(i.RST_CLK_CPU_PLLcmd) for RST_CLK_CPU_PLLcmd
    main.o(i.ClockConfigure) refers to mdr32f9qx_rst_clk.o(i.RST_CLK_CPUclkPrescaler) for RST_CLK_CPUclkPrescaler
    main.o(i.ClockConfigure) refers to mdr32f9qx_rst_clk.o(i.RST_CLK_CPU_PLLuse) for RST_CLK_CPU_PLLuse
    main.o(i.ClockConfigure) refers to mdr32f9qx_rst_clk.o(i.RST_CLK_CPU_PLLstatus) for RST_CLK_CPU_PLLstatus
    main.o(i.ClockConfigure) refers to mdr32f9qx_rst_clk.o(i.RST_CLK_CPUclkSelection) for RST_CLK_CPUclkSelection
    main.o(i.ClockConfigure) refers to mdr32f9qx_rst_clk.o(i.RST_CLK_GetClocksFreq) for RST_CLK_GetClocksFreq
    main.o(i.main) refers to _printf_percent.o(.ARM.Collect$$_printf_percent$$00000000) for _printf_percent
    main.o(i.main) refers to _printf_s.o(.ARM.Collect$$_printf_percent$$00000014) for _printf_s
    main.o(i.main) refers to _printf_str.o(.text) for _printf_str
    main.o(i.main) refers to led.o(i.LEDConfig) for LEDConfig
    main.o(i.main) refers to led.o(i.BlinkLED) for BlinkLED
    main.o(i.main) refers to main.o(i.ClockConfigure) for ClockConfigure
    main.o(i.main) refers to led.o(i.LEDOn) for LEDOn
    main.o(i.main) refers to uart_app.o(i.UART1_Init) for UART1_Init
    main.o(i.main) refers to player.o(i.play_init) for play_init
    main.o(i.main) refers to adc.o(i.adc_init) for adc_init
    main.o(i.main) refers to spi.o(i.SPI_init) for SPI_init
    main.o(i.main) refers to cmdlineterminal.o(i.setCmdTbl) for setCmdTbl
    main.o(i.main) refers to noretval__2printf.o(.text) for __2printf
    main.o(i.main) refers to w25qxx.o(i.W25qxx_Init) for W25qxx_Init
    main.o(i.main) refers to sensors.o(i.ch0Init) for ch0Init
    main.o(i.main) refers to command.o(.constdata) for cmdListCnt
    main.o(i.main) refers to command.o(.constdata) for cmdList
    main.o(i.main) refers to main.o(.constdata) for .constdata
    main.o(.constdata) refers to timer.o(.data) for sys_tick_evt
    main.o(.constdata) refers to timer.o(i.event_sys_tick_evt) for event_sys_tick_evt
    main.o(.constdata) refers to timer.o(i.event_period_cycle) for event_period_cycle
    main.o(.constdata) refers to timer.o(i.check_sensor_0_handler) for check_sensor_0_handler
    main.o(.constdata) refers to timer.o(i.check_sensor_1_handler) for check_sensor_1_handler
    mdr32f9qx_it.o(i.DMA_IRQHandler) refers to player.o(i.DMA_IRQCallback) for DMA_IRQCallback
    mdr32f9qx_it.o(i.SysTick_Handler) refers to timer.o(i.HAL_SYSTICK_Callback) for HAL_SYSTICK_Callback
    mdr32f9qx_it.o(i.UART1_IRQHandler) refers to mdr32f9qx_uart.o(i.UART_GetITStatusMasked) for UART_GetITStatusMasked
    mdr32f9qx_it.o(i.UART1_IRQHandler) refers to mdr32f9qx_uart.o(i.UART_ClearITPendingBit) for UART_ClearITPendingBit
    mdr32f9qx_it.o(i.UART1_IRQHandler) refers to uart_app.o(i.UART1_TxCpltCallback) for UART1_TxCpltCallback
    mdr32f9qx_it.o(i.UART1_IRQHandler) refers to mdr32f9qx_uart.o(i.UART_ReceiveData) for UART_ReceiveData
    mdr32f9qx_it.o(i.UART1_IRQHandler) refers to uart_app.o(i.UART1_RxCpltCallback) for UART1_RxCpltCallback
    mdr32f9qx_it.o(i.UART1_IRQHandler) refers to uart_app.o(.data) for uart1_IT_TX_flag
    mdr32f9qx_it.o(i.UART1_IRQHandler) refers to uart_app.o(.data) for uart1_IT_RX_flag
    mdr32f9qx_it.o(i.UART2_IRQHandler) refers to mdr32f9qx_uart.o(i.UART_GetITStatusMasked) for UART_GetITStatusMasked
    mdr32f9qx_it.o(i.UART2_IRQHandler) refers to mdr32f9qx_uart.o(i.UART_ClearITPendingBit) for UART_ClearITPendingBit
    uart_app.o(i.UART1_Init) refers to mdr32f9qx_rst_clk.o(i.RST_CLK_PCLKcmd) for RST_CLK_PCLKcmd
    uart_app.o(i.UART1_Init) refers to mdr32f9qx_port.o(i.PORT_Init) for PORT_Init
    uart_app.o(i.UART1_Init) refers to mdr32f9qx_uart.o(i.UART_BRGInit) for UART_BRGInit
    uart_app.o(i.UART1_Init) refers to uart_app.o(i.NVIC_EnableIRQ) for NVIC_EnableIRQ
    uart_app.o(i.UART1_Init) refers to mdr32f9qx_uart.o(i.UART_Init) for UART_Init
    uart_app.o(i.UART1_Init) refers to mdr32f9qx_uart.o(i.UART_ITConfig) for UART_ITConfig
    uart_app.o(i.UART1_Init) refers to mdr32f9qx_uart.o(i.UART_Cmd) for UART_Cmd
    uart_app.o(i.UART1_RxCpltCallback) refers to uart_app.o(.bss) for .bss
    uart_app.o(i.UART1_RxCpltCallback) refers to uart_app.o(.data) for .data
    uart_app.o(i.UART1_TxCpltCallback) refers to uart_app.o(i.NVIC_DisableIRQ) for NVIC_DisableIRQ
    uart_app.o(i.UART1_TxCpltCallback) refers to mdr32f9qx_uart.o(i.UART_SendData) for UART_SendData
[...]
    __rt_entry_postli_1                      0x0800018f   Thumb Code     0  __rtentry2.o(.ARM.Collect$$rtentry$$0000000C)
    __rt_exit                                0x08000197   Thumb Code     0  rtexit.o(.ARM.Collect$$rtexit$$00000000)
    __rt_exit_ls                             0x08000199   Thumb Code     0  rtexit2.o(.ARM.Collect$$rtexit$$00000003)
    __rt_exit_prels_1                        0x08000199   Thumb Code     0  rtexit2.o(.ARM.Collect$$rtexit$$00000002)
    __rt_exit_exit                           0x0800019d   Thumb Code     0  rtexit2.o(.ARM.Collect$$rtexit$$00000004)
    Reset_Handler                            0x080001a5   Thumb Code     8  startup_mdr32f9qx.o(.text)
    _maybe_terminate_alloc                   0x080001a5   Thumb Code     0  maybetermalloc1.o(.emb_text)
    __user_initial_stackheap                 0x080001c1   Thumb Code     0  startup_mdr32f9qx.o(.text)
    __2printf                                0x080001e5   Thumb Code    20  noretval__2printf.o(.text)
    __2fprintf                               0x080001fd   Thumb Code    20  noretval__2fprintf.o(.text)
    _printf_pre_padding                      0x08000211   Thumb Code    44  _printf_pad.o(.text)
    _printf_post_padding                     0x0800023d   Thumb Code    34  _printf_pad.o(.text)
    _printf_str                              0x0800025f   Thumb Code    82  _printf_str.o(.text)
    _printf_int_dec                          0x080002b1   Thumb Code   104  _printf_dec.o(.text)
    _printf_int_hex                          0x08000329   Thumb Code    84  _printf_hex_int.o(.text)
    _printf_longlong_hex                     0x08000329   Thumb Code     0  _printf_hex_int.o(.text)
    __printf                                 0x08000381   Thumb Code   308  __printf_flags_wp.o(.text)
    __0sscanf                                0x080004b9   Thumb Code    52  __0sscanf.o(.text)
    _scanf_int                               0x080004f5   Thumb Code   332  _scanf_int.o(.text)
    clearerr                                 0x08000641   Thumb Code    12  clearerr.o(.text)
    getc                                     0x0800064d   Thumb Code     4  getc.o(.text)
    _strtok_r                                0x08000651   Thumb Code     4  strtok_r.o(.text)
    strtok_r                                 0x08000651   Thumb Code     0  strtok_r.o(.text)
    strstr                                   0x08000655   Thumb Code    36  strstr.o(.text)
    strlen                                   0x08000679   Thumb Code    62  strlen.o(.text)
    strncmp                                  0x080006b7   Thumb Code   150  strncmp.o(.text)
    strcmp                                   0x0800074d   Thumb Code   128  strcmpv7m.o(.text)
    __use_two_region_memory                  0x080007cd   Thumb Code     2  heapauxi.o(.text)
    __rt_heap_escrow                         0x080007cf   Thumb Code     2  heapauxi.o(.text)
    __rt_heap_expand                         0x080007d1   Thumb Code     2  heapauxi.o(.text)
    _printf_int_common                       0x080007d3   Thumb Code   178  _printf_intcommon.o(.text)
    __lib_sel_fp_printf                      0x08000885   Thumb Code     2  _printf_fp_dec.o(.text)
    _printf_fp_dec_real                      0x08000a37   Thumb Code   620  _printf_fp_dec.o(.text)
    _printf_cs_common                        0x08000ca3   Thumb Code    20  _printf_char.o(.text)
    _printf_char                             0x08000cb7   Thumb Code    16  _printf_char.o(.text)
    _printf_string                           0x08000cc7   Thumb Code     8  _printf_char.o(.text)
    _printf_char_file                        0x08000cd1   Thumb Code    32  _printf_char_file.o(.text)
    _chval                                   0x08000cf5   Thumb Code    28  _chval.o(.text)
    __vfscanf_char                           0x08000d1d   Thumb Code    24  scanf_char.o(.text)
    _sgetc                                   0x08000d3d   Thumb Code    30  _sgetc.o(.text)
    _sbackspace                              0x08000d5b   Thumb Code    34  _sgetc.o(.text)
    __flsbuf                                 0x08000d7d   Thumb Code   470  flsbuf.o(.text)
    __flsbuf_byte                            0x08000d7d   Thumb Code     0  flsbuf.o(.text)
    __flsbuf_wide                            0x08000d7d   Thumb Code     0  flsbuf.o(.text)
    _initio                                  0x08000f55   Thumb Code   210  initio.o(.text)
    _terminateio                             0x08001027   Thumb Code    56  initio.o(.text)
    __strtok_internal                        0x0800108d   Thumb Code    64  strtok_int.o(.text)
    __rt_locale                              0x080010d1   Thumb Code     8  rt_locale_intlibspace.o(.text)
    malloc                                   0x080010d9   Thumb Code    94  h1_alloc.o(.text)
    free                                     0x08001137   Thumb Code    78  h1_free.o(.text)
    _ll_udiv10                               0x08001185   Thumb Code   138  lludiv10.o(.text)
    isspace                                  0x0800120f   Thumb Code    18  isspace.o(.text)
    _printf_char_common                      0x0800122b   Thumb Code    32  _printf_char_common.o(.text)
    _printf_fp_infnan                        0x08001251   Thumb Code   112  _printf_fp_infnan.o(.text)
    __vfscanf                                0x080012d1   Thumb Code   880  _scanf.o(.text)
    _btod_etento                             0x08001645   Thumb Code   224  bigflt0.o(.text)
    ferror                                   0x08001729   Thumb Code     8  ferror.o(.text)
    _readbuf                                 0x08001731   Thumb Code    54  filbuf.o(.text)
    _seteof                                  0x08001767   Thumb Code    40  filbuf.o(.text)
    __filbuf                                 0x0800178f   Thumb Code   476  filbuf.o(.text)
    __filbuf_byte                            0x0800178f   Thumb Code     0  filbuf.o(.text)
    __filbuf_wide                            0x0800178f   Thumb Code     0  filbuf.o(.text)
    setvbuf                                  0x0800196b   Thumb Code    70  setvbuf.o(.text)
    _seterr                                  0x080019b1   Thumb Code    20  stdio.o(.text)
    _writebuf                                0x080019c5   Thumb Code    84  stdio.o(.text)
    _fflush                                  0x08001a19   Thumb Code    70  stdio.o(.text)
    _deferredlazyseek                        0x08001a5f   Thumb Code    60  stdio.o(.text)
    freopen                                  0x08001aa1   Thumb Code   158  fopen.o(.text)
    fopen                                    0x08001b3f   Thumb Code    74  fopen.o(.text)
    _fclose_internal                         0x08001b8d   Thumb Code    76  fclose.o(.text)
    fclose                                   0x08001b8d   Thumb Code     0  fclose.o(.text)
    __rt_SIGRTRED                            0x08001bd9   Thumb Code    14  defsig_rtred_outer.o(.text)
    strcspn                                  0x08001be7   Thumb Code    32  strcspn.o(.text)
    strspn                                   0x08001c07   Thumb Code    28  strspn.o(.text)
    __aeabi_memclr4                          0x08001c23   Thumb Code     0  rt_memclr_w.o(.text)
    __aeabi_memclr8                          0x08001c23   Thumb Code     0  rt_memclr_w.o(.text)
    __rt_memclr_w                            0x08001c23   Thumb Code    78  rt_memclr_w.o(.text)
    _memset_w                                0x08001c27   Thumb Code     0  rt_memclr_w.o(.text)
    __user_libspace                          0x08001c71   Thumb Code     8  libspace.o(.text)
    __user_perproc_libspace                  0x08001c71   Thumb Code     0  libspace.o(.text)
    __user_perthread_libspace                0x08001c71   Thumb Code     0  libspace.o(.text)
    __user_setup_stackheap                   0x08001c79   Thumb Code    74  sys_stackheap_outer.o(.text)
    __rt_ctype_table                         0x08001cc5   Thumb Code    16  rt_ctype_table.o(.text)
    __rt_heap_descriptor                     0x08001cd5   Thumb Code     8  rt_heap_descriptor_intlibspace.o(.text)
    __use_no_heap                            0x08001cdd   Thumb Code     2  hguard.o(.text)
    __heap$guard                             0x08001cdf   Thumb Code     2  hguard.o(.text)
    _terminate_user_alloc                    0x08001ce1   Thumb Code     2  init_alloc.o(.text)
    _init_user_alloc                         0x08001ce3   Thumb Code     2  init_alloc.o(.text)
    __Heap_Full                              0x08001ce5   Thumb Code    34  init_alloc.o(.text)
    __Heap_Broken                            0x08001d07   Thumb Code     6  init_alloc.o(.text)
    _init_alloc                              0x08001d0d   Thumb Code    94  init_alloc.o(.text)
    __Heap_Initialize                        0x08001d6b   Thumb Code    10  h1_init.o(.text)
    __Heap_DescSize                          0x08001d75   Thumb Code     4  h1_init.o(.text)
    _do_fflush                               0x08001d79   Thumb Code    54  fflush.o(.text)
    fflush                                   0x08001daf   Thumb Code    42  fflush.o(.text)
    _fseek                                   0x08001ddd   Thumb Code   242  fseek.o(.text)
    fseek                                    0x08001ddd   Thumb Code     0  fseek.o(.text)
    _flushlinebuffered                       0x08001ed5   Thumb Code    50  flushlinebuffered.o(.text)
    exit                                     0x08001f0d   Thumb Code    18  exit.o(.text)
    __sig_exit                               0x08001f1f   Thumb Code    10  defsig_exit.o(.text)
    __rt_SIGRTRED_inner                      0x08001f29   Thumb Code    14  defsig_rtred_inner.o(.text)
    _sys_exit                                0x08001f5d   Thumb Code     8  sys_exit.o(.text)
    __Heap_ProvideMemory                     0x08001f69   Thumb Code    52  h1_extend.o(.text)
    _ftell_internal                          0x08001f9d   Thumb Code    66  ftell.o(.text)
    ftell                                    0x08001f9d   Thumb Code     0  ftell.o(.text)
    __default_signal_display                 0x08001fdf   Thumb Code    50  defsig_general.o(.text)
    __rt_SIGRTMEM                            0x08002011   Thumb Code    14  defsig_rtmem_outer.o(.text)
    _ttywrch                                 0x0800201f   Thumb Code    14  sys_wrch.o(.text)
    __I$use$semihosting                      0x0800202d   Thumb Code     0  use_no_semi.o(.text)
    __use_no_semihosting_swi                 0x0800202d   Thumb Code     2  use_no_semi.o(.text)
    __semihosting_library_function           0x0800202f   Thumb Code     0  indicate_semi.o(.text)
    __aeabi_errno_addr                       0x08002031   Thumb Code     8  rt_errno_addr_intlibspace.o(.text)
    __errno$intlibspace                      0x08002031   Thumb Code     0  rt_errno_addr_intlibspace.o(.text)
    __rt_errno_addr$intlibspace              0x08002031   Thumb Code     0  rt_errno_addr_intlibspace.o(.text)
    __rt_SIGRTMEM_inner                      0x08002039   Thumb Code    22  defsig_rtmem_inner.o(.text)
    _btod_d2e                                0x08002089   Thumb Code    62  btod.o(CL$$btod_d2e)
    _d2e_denorm_low                          0x080020c7   Thumb Code    70  btod.o(CL$$btod_d2e_denorm_low)
    _d2e_norm_op1                            0x0800210d   Thumb Code    96  btod.o(CL$$btod_d2e_norm_op1)
    __btod_div_common                        0x0800216d   Thumb Code   696  btod.o(CL$$btod_div_common)
    _e2e                                     0x080024a5   Thumb Code   220  btod.o(CL$$btod_e2e)
    _btod_ediv                               0x08002581   Thumb Code    42  btod.o(CL$$btod_ediv)
    _btod_emul                               0x080025ab   Thumb Code    42  btod.o(CL$$btod_emul)
    __btod_mult_common                       0x080025d5   Thumb Code   580  btod.o(CL$$btod_mult_common)
    ADC1_Cmd                                 0x08002819   Thumb Code    20  mdr32f9qx_adc.o(i.ADC1_Cmd)
    ADC1_GetResult                           0x08002831   Thumb Code     6  mdr32f9qx_adc.o(i.ADC1_GetResult)
    ADC1_ITConfig                            0x0800283d   Thumb Code    20  mdr32f9qx_adc.o(i.ADC1_ITConfig)
    ADC1_Init                                0x08002855   Thumb Code    78  mdr32f9qx_adc.o(i.ADC1_Init)
    ADC1_SetChannel                          0x080028ad   Thumb Code    16  mdr32f9qx_adc.o(i.ADC1_SetChannel)
    ADC1_Start                               0x080028c1   Thumb Code    12  mdr32f9qx_adc.o(i.ADC1_Start)
    ADC_DeInit                               0x080028d1   Thumb Code    30  mdr32f9qx_adc.o(i.ADC_DeInit)
    ADC_GetFlagStatus                        0x080028f5   Thumb Code    16  mdr32f9qx_adc.o(i.ADC_GetFlagStatus)
    ADC_GetStatus                            0x08002905   Thumb Code    12  mdr32f9qx_adc.o(i.ADC_GetStatus)
    ADC_IRQHandler                           0x08002915   Thumb Code     2  mdr32f9qx_it.o(i.ADC_IRQHandler)
    ADC_Init                                 0x08002919   Thumb Code    44  mdr32f9qx_adc.o(i.ADC_Init)
    ADC_StructInit                           0x0800294d   Thumb Code    18  mdr32f9qx_adc.o(i.ADC_StructInit)
    ADCx_StructInit                          0x0800295f   Thumb Code    28  mdr32f9qx_adc.o(i.ADCx_StructInit)
    BACKUP_IRQHandler                        0x0800297b   Thumb Code     2  mdr32f9qx_it.o(i.BACKUP_IRQHandler)
    BlinkLED                                 0x0800297d   Thumb Code    48  led.o(i.BlinkLED)
    BusFault_Handler                         0x080029ad   Thumb Code     2  mdr32f9qx_it.o(i.BusFault_Handler)
    CAN1_IRQHandler                          0x080029af   Thumb Code     2  mdr32f9qx_it.o(i.CAN1_IRQHandler)
    CAN2_IRQHandler                          0x080029b1   Thumb Code     2  mdr32f9qx_it.o(i.CAN2_IRQHandler)
    COMPARATOR_IRQHandler                    0x080029b3   Thumb Code     2  mdr32f9qx_it.o(i.COMPARATOR_IRQHandler)
    DAC2_Cmd                                 0x08002a2d   Thumb Code    20  mdr32f9qx_dac.o(i.DAC2_Cmd)
    DAC2_Init                                0x08002a45   Thumb Code    14  mdr32f9qx_dac.o(i.DAC2_Init)
    DMA_Cmd                                  0x08002a59   Thumb Code    18  mdr32f9qx_dma.o(i.DMA_Cmd)
    DMA_CtrlDataInit                         0x08002a71   Thumb Code   104  mdr32f9qx_dma.o(i.DMA_CtrlDataInit)
    DMA_CtrlInit                             0x08002ad9   Thumb Code    20  mdr32f9qx_dma.o(i.DMA_CtrlInit)
    DMA_DeInit                               0x08002af5   Thumb Code    28  mdr32f9qx_dma.o(i.DMA_DeInit)
    DMA_GetFlagStatus                        0x08002b15   Thumb Code    76  mdr32f9qx_dma.o(i.DMA_GetFlagStatus)
    DMA_IRQCallback                          0x08002b65   Thumb Code   106  player.o(i.DMA_IRQCallback)
    DMA_IRQHandler                           0x08002bd9   Thumb Code     4  mdr32f9qx_it.o(i.DMA_IRQHandler)
    DMA_Init                                 0x08002bdd   Thumb Code    90  mdr32f9qx_dma.o(i.DMA_Init)
    DMA_StructInit                           0x08002c41   Thumb Code    16  mdr32f9qx_dma.o(i.DMA_StructInit)
    DebugMon_Handler                         0x08002c51   Thumb Code     2  mdr32f9qx_it.o(i.DebugMon_Handler)
    EXT_INT1_IRQHandler                      0x08002c63   Thumb Code     2  mdr32f9qx_it.o(i.EXT_INT1_IRQHandler)
    EXT_INT2_IRQHandler                      0x08002c65   Thumb Code     2  mdr32f9qx_it.o(i.EXT_INT2_IRQHandler)
    EXT_INT3_IRQHandler                      0x08002c67   Thumb Code     2  mdr32f9qx_it.o(i.EXT_INT3_IRQHandler)
    EXT_INT4_IRQHandler                      0x08002c69   Thumb Code     2  mdr32f9qx_it.o(i.EXT_INT4_IRQHandler)
    HAL_GetTick                              0x08002c6d   Thumb Code     6  timer.o(i.HAL_GetTick)
    HAL_SPI_Receive                          0x08002c79   Thumb Code   102  spi.o(i.HAL_SPI_Receive)
    HAL_SPI_TransmitReceive                  0x08002cdf   Thumb Code   106  spi.o(i.HAL_SPI_TransmitReceive)
    HAL_SYSTICK_Callback                     0x08002d49   Thumb Code    54  timer.o(i.HAL_SYSTICK_Callback)
    HardFault_Handler                        0x08002da9   Thumb Code     2  mdr32f9qx_it.o(i.HardFault_Handler)
    I2C_IRQHandler                           0x08002dab   Thumb Code     2  mdr32f9qx_it.o(i.I2C_IRQHandler)
    LEDConfig                                0x08002dad   Thumb Code    46  led.o(i.LEDConfig)
    LEDOff                                   0x08002de1   Thumb Code     8  led.o(i.LEDOff)
    LEDOn                                    0x08002ded   Thumb Code     8  led.o(i.LEDOn)
    MemManage_Handler                        0x08002df9   Thumb Code     2  mdr32f9qx_it.o(i.MemManage_Handler)
    NMI_Handler                              0x08002dfb   Thumb Code     2  mdr32f9qx_it.o(i.NMI_Handler)
    PORT_Init                                0x08002e41   Thumb Code   356  mdr32f9qx_port.o(i.PORT_Init)
    PORT_ResetBits                           0x08002fa9   Thumb Code    22  mdr32f9qx_port.o(i.PORT_ResetBits)
    PORT_SetBits                             0x08002fc5   Thumb Code    22  mdr32f9qx_port.o(i.PORT_SetBits)
    POWER_IRQHandler                         0x08002fe1   Thumb Code     2  mdr32f9qx_it.o(i.POWER_IRQHandler)
    PendSV_Handler                           0x08002fe3   Thumb Code     2  mdr32f9qx_it.o(i.PendSV_Handler)
    RST_CLK_CPU_PLLcmd                       0x08002fe5   Thumb Code     8  mdr32f9qx_rst_clk.o(i.RST_CLK_CPU_PLLcmd)
    RST_CLK_CPU_PLLconfig                    0x08002ff1   Thumb Code    46  mdr32f9qx_rst_clk.o(i.RST_CLK_CPU_PLLconfig)
    RST_CLK_CPU_PLLstatus                    0x08003029   Thumb Code    44  mdr32f9qx_rst_clk.o(i.RST_CLK_CPU_PLLstatus)
    RST_CLK_CPU_PLLuse                       0x08003055   Thumb Code     8  mdr32f9qx_rst_clk.o(i.RST_CLK_CPU_PLLuse)
    RST_CLK_CPUclkPrescaler                  0x08003061   Thumb Code    16  mdr32f9qx_rst_clk.o(i.RST_CLK_CPUclkPrescaler)
    RST_CLK_CPUclkSelection                  0x08003075   Thumb Code    14  mdr32f9qx_rst_clk.o(i.RST_CLK_CPUclkSelection)
    RST_CLK_GetClocksFreq                    0x08003089   Thumb Code   342  mdr32f9qx_rst_clk.o(i.RST_CLK_GetClocksFreq)
    RST_CLK_GetFlagStatus                    0x080031e9   Thumb Code    34  mdr32f9qx_rst_clk.o(i.RST_CLK_GetFlagStatus)
    RST_CLK_HSEconfig                        0x08003215   Thumb Code    36  mdr32f9qx_rst_clk.o(i.RST_CLK_HSEconfig)
    RST_CLK_HSEstatus                        0x0800323d   Thumb Code    44  mdr32f9qx_rst_clk.o(i.RST_CLK_HSEstatus)
    RST_CLK_PCLKcmd                          0x08003269   Thumb Code    18  mdr32f9qx_rst_clk.o(i.RST_CLK_PCLKcmd)
    SPI_init                                 0x08003281   Thumb Code   226  spi.o(i.SPI_init)
    SSP1_IRQHandler                          0x08003371   Thumb Code     2  mdr32f9qx_it.o(i.SSP1_IRQHandler)
    SSP2_IRQHandler                          0x08003373   Thumb Code     2  mdr32f9qx_it.o(i.SSP2_IRQHandler)
    SSP_BRGInit                              0x08003375   Thumb Code    46  mdr32f9qx_ssp.o(i.SSP_BRGInit)
    SSP_Cmd                                  0x080033b1   Thumb Code    22  mdr32f9qx_ssp.o(i.SSP_Cmd)
    SSP_DeInit                               0x080033c7   Thumb Code    18  mdr32f9qx_ssp.o(i.SSP_DeInit)
    SSP_GetFlagStatus                        0x080033d9   Thumb Code    10  mdr32f9qx_ssp.o(i.SSP_GetFlagStatus)
    SSP_Init                                 0x080033e3   Thumb Code    38  mdr32f9qx_ssp.o(i.SSP_Init)
    SSP_ReceiveData                          0x08003409   Thumb Code     6  mdr32f9qx_ssp.o(i.SSP_ReceiveData)
    SSP_SendData                             0x0800340f   Thumb Code     4  mdr32f9qx_ssp.o(i.SSP_SendData)
    SSP_StructInit                           0x08003413   Thumb Code    24  mdr32f9qx_ssp.o(i.SSP_StructInit)
    SVC_Handler                              0x0800342b   Thumb Code     2  mdr32f9qx_it.o(i.SVC_Handler)
    SysTick_Handler                          0x0800342d   Thumb Code     4  mdr32f9qx_it.o(i.SysTick_Handler)
    SystemCoreClockUpdate                    0x08003431   Thumb Code    84  system_mdr32f9qx.o(i.SystemCoreClockUpdate)
    SystemInit                               0x08003491   Thumb Code    32  system_mdr32f9qx.o(i.SystemInit)
    TIMER_BRGInit                            0x080034b9   Thumb Code    66  mdr32f9qx_timer.o(i.TIMER_BRGInit)
    TIMER_Cmd                                0x0800350d   Thumb Code    18  mdr32f9qx_timer.o(i.TIMER_Cmd)
    TIMER_CntInit                            0x0800351f   Thumb Code    54  mdr32f9qx_timer.o(i.TIMER_CntInit)
    TIMER_DMACmd                             0x08003555   Thumb Code    14  mdr32f9qx_timer.o(i.TIMER_DMACmd)
    TIMER_DeInit                             0x08003563   Thumb Code    68  mdr32f9qx_timer.o(i.TIMER_DeInit)
    TRML_putc                                0x080035a9   Thumb Code    26  terminal.o(i.TRML_putc)
    TRML_strComplete                         0x080035cd   Thumb Code    28  terminal.o(i.TRML_strComplete)
    Timer1_IRQHandler                        0x080035f1   Thumb Code     2  mdr32f9qx_it.o(i.Timer1_IRQHandler)
    Timer2_IRQHandler                        0x080035f3   Thumb Code     2  mdr32f9qx_it.o(i.Timer2_IRQHandler)
    Timer3_IRQHandler                        0x080035f5   Thumb Code     2  mdr32f9qx_it.o(i.Timer3_IRQHandler)
    UART1_IRQHandler                         0x080035f9   Thumb Code    74  mdr32f9qx_it.o(i.UART1_IRQHandler)
    UART1_Init                               0x08003651   Thumb Code   166  uart_app.o(i.UART1_Init)
    UART1_RxCpltCallback                     0x08003705   Thumb Code    56  uart_app.o(i.UART1_RxCpltCallback)
    UART1_TxCpltCallback                     0x08003749   Thumb Code    66  uart_app.o(i.UART1_TxCpltCallback)
    UART2_IRQHandler                         0x08003795   Thumb Code    30  mdr32f9qx_it.o(i.UART2_IRQHandler)
    UART_BRGInit                             0x080037b9   Thumb Code    46  mdr32f9qx_uart.o(i.UART_BRGInit)
    UART_ClearITPendingBit                   0x080037f5   Thumb Code     8  mdr32f9qx_uart.o(i.UART_ClearITPendingBit)
    UART_Cmd                                 0x080037fd   Thumb Code    22  mdr32f9qx_uart.o(i.UART_Cmd)
    UART_GetFlagStatus                       0x08003813   Thumb Code    10  mdr32f9qx_uart.o(i.UART_GetFlagStatus)
    UART_GetITStatusMasked                   0x0800381d   Thumb Code    10  mdr32f9qx_uart.o(i.UART_GetITStatusMasked)
    UART_ITConfig                            0x08003827   Thumb Code    16  mdr32f9qx_uart.o(i.UART_ITConfig)
    UART_Init                                0x08003839   Thumb Code   134  mdr32f9qx_uart.o(i.UART_Init)
    UART_ReceiveData                         0x080038cd   Thumb Code     6  mdr32f9qx_uart.o(i.UART_ReceiveData)
    UART_SendData                            0x080038d3   Thumb Code     6  mdr32f9qx_uart.o(i.UART_SendData)
    USB_IRQHandler                           0x080038d9   Thumb Code     2  mdr32f9qx_it.o(i.USB_IRQHandler)
    UsageFault_Handler                       0x080038db   Thumb Code     2  mdr32f9qx_it.o(i.UsageFault_Handler)
    W25qxx_EraseSector                       0x080038dd   Thumb Code   102  w25qxx.o(i.W25qxx_EraseSector)
    W25qxx_Init                              0x0800394d   Thumb Code   214  w25qxx.o(i.W25qxx_Init)
    W25qxx_ReadBytes                         0x08003a2d   Thumb Code   114  w25qxx.o(i.W25qxx_ReadBytes)
    W25qxx_ReadID                            0x08003aad   Thumb Code    64  w25qxx.o(i.W25qxx_ReadID)
    W25qxx_ReadStatusRegister                0x08003af1   Thumb Code    94  w25qxx.o(i.W25qxx_ReadStatusRegister)
    W25qxx_ReadUniqID                        0x08003b59   Thumb Code    68  w25qxx.o(i.W25qxx_ReadUniqID)
    W25qxx_Spi                               0x08003ba5   Thumb Code    26  w25qxx.o(i.W25qxx_Spi)
    W25qxx_WaitForWriteEnd                   0x08003bc5   Thumb Code    46  w25qxx.o(i.W25qxx_WaitForWriteEnd)
    W25qxx_WriteByte                         0x08003bfd   Thumb Code   110  w25qxx.o(i.W25qxx_WriteByte)
    W25qxx_WriteEnable                       0x08003c75   Thumb Code    30  w25qxx.o(i.W25qxx_WriteEnable)
    WWDG_IRQHandler                          0x08003c99   Thumb Code     2  mdr32f9qx_it.o(i.WWDG_IRQHandler)
    __ARM_fpclassify                         0x08003c9b   Thumb Code    40  fpclassify.o(i.__ARM_fpclassify)
    _is_digit                                0x08003cc3   Thumb Code    14  __printf_wp.o(i._is_digit)
    _sys_close                               0x08003cd1   Thumb Code    24  retarget_io.o(i._sys_close)
    _sys_flen                                0x08003ce9   Thumb Code    12  retarget_io.o(i._sys_flen)
    _sys_istty                               0x08003cf5   Thumb Code    24  retarget_io.o(i._sys_istty)
    _sys_open                                0x08003d0d   Thumb Code    68  retarget_io.o(i._sys_open)
    _sys_read                                0x08003d69   Thumb Code    38  retarget_io.o(i._sys_read)
    _sys_seek                                0x08003d8f   Thumb Code     6  retarget_io.o(i._sys_seek)
    _sys_write                               0x08003d95   Thumb Code    46  retarget_io.o(i._sys_write)
    adc_getVal                               0x08003dc3   Thumb Code    28  adc.o(i.adc_getVal)
    adc_init                                 0x08003de1   Thumb Code   118  adc.o(i.adc_init)
    calculate_U                              0x08003e61   Thumb Code    68  fire_sensor_module.o(i.calculate_U)
    calculate_resistance                     0x08003ead   Thumb Code    52  fire_sensor_module.o(i.calculate_resistance)
    ch0Init                                  0x08003ef1   Thumb Code    42  sensors.o(i.ch0Init)
    chLpfReset                               0x08003f29   Thumb Code     8  channel.o(i.chLpfReset)
    chSetCalibr                              0x08003f31   Thumb Code    12  channel.o(i.chSetCalibr)
    chSetLPF                                 0x08003f3d   Thumb Code     4  channel.o(i.chSetLPF)
    chSetSimulType                           0x08003f41   Thumb Code    20  channel.o(i.chSetSimulType)
    checkStringParam                         0x08003f55   Thumb Code    36  cmdlineterminal.o(i.checkStringParam)
    check_sensor_0_handler                   0x08003f85   Thumb Code    28  timer.o(i.check_sensor_0_handler)
    check_sensor_1_handler                   0x08003fa9   Thumb Code    28  timer.o(i.check_sensor_1_handler)
    cmdLine                                  0x08003fcd   Thumb Code    64  cmdlineterminal.o(i.cmdLine)
    cmd_dac                                  0x08004031   Thumb Code    78  command.o(i.cmd_dac)
    cmd_debug                                0x08004091   Thumb Code    66  command.o(i.cmd_debug)
    cmd_help                                 0x080040f9   Thumb Code    12  command.o(i.cmd_help)
    cmd_name                                 0x08004105   Thumb Code    18  command.o(i.cmd_name)
    cmd_status                               0x08004145   Thumb Code     4  command.o(i.cmd_status)
    cmd_w25q                                 0x08004149   Thumb Code   438  command.o(i.cmd_w25q)
    decodeCmdAndRun                          0x08004365   Thumb Code    72  cmdlineterminal.o(i.decodeCmdAndRun)
    deleteTokens                             0x080043b5   Thumb Code    38  cmdlineterminal.o(i.deleteTokens)
    dmaReqProcessing                         0x08004431   Thumb Code    46  player.o(i.dmaReqProcessing)
    event_period_cycle                       0x08004465   Thumb Code    10  timer.o(i.event_period_cycle)
    event_sys_tick_evt                       0x08004475   Thumb Code    46  timer.o(i.event_sys_tick_evt)
    fgetc                                    0x080044b1   Thumb Code    24  fgetc.o(i.fgetc)
    findHandler                              0x080044c9   Thumb Code    60  cmdlineterminal.o(i.findHandler)
    fire_chek_module                         0x08004509   Thumb Code    22  fire_sensor_module.o(i.fire_chek_module)
    fputc                                    0x08004525   Thumb Code    26  fputc.o(i.fputc)
    getCh0Value                              0x0800453f   Thumb Code    22  sensors.o(i.getCh0Value)
    init_audio_dictionaty                    0x08004555   Thumb Code    72  testmelody.o(i.init_audio_dictionaty)
    ltrim                                    0x080045a5   Thumb Code    12  tools.o(i.ltrim)
    main                                     0x080045b1   Thumb Code   120  main.o(i.main)
    parseCmdStr                              0x08004665   Thumb Code    86  cmdlineterminal.o(i.parseCmdStr)
    play_init                                0x080046cd   Thumb Code    64  player.o(i.play_init)
    play_nextBlockCallback                   0x0800471d   Thumb Code   166  testmelody.o(i.play_nextBlockCallback)
    play_start                               0x080047cd   Thumb Code   270  player.o(i.play_start)
    play_stop                                0x080048ed   Thumb Code     4  player.o(i.play_stop)
    post_reaction_choose                     0x080048f1   Thumb Code   138  fire_sensor_module.o(i.post_reaction_choose)
    printHelpCmd                             0x08004a21   Thumb Code    58  cmdlineterminal.o(i.printHelpCmd)
    reaction                                 0x08004a79   Thumb Code   172  fire_sensor_module.o(i.reaction)
    read_4_byte                              0x08004b69   Thumb Code    16  testmelody.o(i.read_4_byte)
    sensor_diagnostic                        0x08004b79   Thumb Code    32  fire_sensor_module.o(i.sensor_diagnostic)
    setCmdTbl                                0x08004ba5   Thumb Code     8  cmdlineterminal.o(i.setCmdTbl)
    stdin_getchar                            0x08004bb1   Thumb Code    64  uart_app.o(i.stdin_getchar)
    stdout_putchar                           0x08004bf5   Thumb Code   102  uart_app.o(i.stdout_putchar)
    strupr1251                               0x08004c69   Thumb Code    46  tools.o(i.strupr1251)
    terminal_rx                              0x08004c97   Thumb Code   298  terminal.o(i.terminal_rx)
    testAudioStart                           0x08004dc1   Thumb Code    82  testmelody.o(i.testAudioStart)
    testAudioStop                            0x08004e1d   Thumb Code    10  testmelody.o(i.testAudioStop)
    waitUart1TxComplete                      0x08004e2d   Thumb Code    16  uart_app.o(i.waitUart1TxComplete)
    waitUartTxEnd                            0x08004e41   Thumb Code    12  uart_app.o(i.waitUartTxEnd)
    _get_lc_numeric                          0x08004e51   Thumb Code    44  lc_numeric_c.o(locale$$code)
    _get_lc_ctype                            0x08004e7d   Thumb Code    44  lc_ctype_c.o(locale$$code)
    __aeabi_d2f                              0x08004ea9   Thumb Code     0  d2f.o(x$fpl$d2f)
    _d2f                                     0x08004ea9   Thumb Code    98  d2f.o(x$fpl$d2f)
    __aeabi_dadd                             0x08004f0d   Thumb Code     0  daddsub_clz.o(x$fpl$dadd)
    _dadd                                    0x08004f0d   Thumb Code   332  daddsub_clz.o(x$fpl$dadd)
    __aeabi_ddiv                             0x0800505d   Thumb Code     0  ddiv.o(x$fpl$ddiv)
    _ddiv                                    0x0800505d   Thumb Code   552  ddiv.o(x$fpl$ddiv)
    __aeabi_ui2d                             0x0800530d   Thumb Code     0  dflt_clz.o(x$fpl$dfltu)
    _dfltu                                   0x0800530d   Thumb Code    38  dflt_clz.o(x$fpl$dfltu)
    __aeabi_dmul                             0x08005335   Thumb Code     0  dmul.o(x$fpl$dmul)
    _dmul                                    0x08005335   Thumb Code   332  dmul.o(x$fpl$dmul)
    __fpl_dnaninf                            0x08005489   Thumb Code   156  dnaninf.o(x$fpl$dnaninf)
    __fpl_dretinf                            0x08005525   Thumb Code    12  dretinf.o(x$fpl$dretinf)
    __aeabi_drsub                            0x08005531   Thumb Code     0  daddsub_clz.o(x$fpl$drsb)
    _drsb                                    0x08005531   Thumb Code    22  daddsub_clz.o(x$fpl$drsb)
    __aeabi_dsub                             0x08005549   Thumb Code     0  daddsub_clz.o(x$fpl$dsub)
    _dsub                                    0x08005549   Thumb Code   464  daddsub_clz.o(x$fpl$dsub)
    __aeabi_f2d                              0x0800571d   Thumb Code     0  f2d.o(x$fpl$f2d)
    _f2d                                     0x0800571d   Thumb Code    86  f2d.o(x$fpl$f2d)
    __aeabi_fadd                             0x08005775   Thumb Code     0  faddsub_clz.o(x$fpl$fadd)
    _fadd                                    0x08005775   Thumb Code   196  faddsub_clz.o(x$fpl$fadd)
    __fpl_fnaninf                            0x08005839   Thumb Code   140  fnaninf.o(x$fpl$fnaninf)
    __fpl_fretinf                            0x080058c5   Thumb Code    10  fretinf.o(x$fpl$fretinf)
    __aeabi_frsub                            0x080058cf   Thumb Code     0  faddsub_clz.o(x$fpl$frsb)
    _frsb                                    0x080058cf   Thumb Code    20  faddsub_clz.o(x$fpl$frsb)
    __aeabi_fsub                             0x080058e5   Thumb Code     0  faddsub_clz.o(x$fpl$fsub)
    _fsub                                    0x080058e5   Thumb Code   234  faddsub_clz.o(x$fpl$fsub)
    _printf_fp_dec                           0x080059cf   Thumb Code     4  printf1.o(x$fpl$printf1)
    __I$use$fp                               0x080059d2   Number         0  usenofp.o(x$fpl$usenofp)
    cmdList                                  0x080059f4   Data        1296  command.o(.constdata)
    cmdListCnt                               0x08005f04   Data           1  command.o(.constdata)
    __stdin_name                             0x08005f18   Data           7  retarget_io.o(.constdata)
    __stdout_name                            0x08005f1f   Data           8  retarget_io.o(.constdata)
    __stderr_name                            0x08005f27   Data           8  retarget_io.o(.constdata)
    Region$$Table$$Base                      0x08005ffc   Number         0  anon$$obj.o(Region$$Table)
    Region$$Table$$Limit                     0x0800601c   Number         0  anon$$obj.o(Region$$Table)
    __ctype                                  0x08006045   Data           0  lc_ctype_c.o(locale$$data)
    debugLevel                               0x20000000   Data           1  main.o(.data)
    uart1_IT_TX_flag                         0x20000004   Data           4  uart_app.o(.data)
    uart1_IT_RX_flag                         0x20000008   Data           4  uart_app.o(.data)
    sys_tick_evt                             0x20000010   Data           1  timer.o(.data)
    period_cycle                             0x20000011   Data           1  timer.o(.data)
    check_sensor_0                           0x20000012   Data           1  timer.o(.data)
    check_sensor_1                           0x20000013   Data           1  timer.o(.data)
    check_sensor_2                           0x20000014   Data           1  timer.o(.data)
    nxt_WORD_FL                              0x20000050   Data           1  testmelody.o(.data)
    word_num                                 0x20000051   Data           1  testmelody.o(.data)
    num_word_dictionary                      0x20000052   Data           1  testmelody.o(.data)
    now_w                                    0x20000058   Data           4  testmelody.o(.data)
    global_num                               0x20000060   Data           4  testmelody.o(.data)
    global_counter                           0x20000064   Data           4  testmelody.o(.data)
    sensor_status                            0x2000006c   Data           1  fire_sensor_module.o(.data)
    first_iteration_flag                     0x2000006d   Data           1  fire_sensor_module.o(.data)
    R_PREV                                   0x20000070   Data           4  fire_sensor_module.o(.data)
    R                                        0x20000074   Data           4  fire_sensor_module.o(.data)
    SENSOR_ADC_CH                            0x20000078   Data           4  fire_sensor_module.o(.data)
    SystemCoreClock                          0x2000007c   Data           4  system_mdr32f9qx.o(.data)
    __aeabi_stdin                            0x20000080   Data           4  stdio_streams.o(.data)
    __aeabi_stdout                           0x20000084   Data           4  stdio_streams.o(.data)
    __aeabi_stderr                           0x20000088   Data           4  stdio_streams.o(.data)
    u1_rx_fifo                               0x2000008c   Data         516  uart_app.o(.bss)
    u1_tx_fifo                               0x20000290   Data         516  uart_app.o(.bss)
    uart1RxBuf                               0x20000494   Data          60  terminal.o(.bss)
    needless_global                          0x200008fc   Data          40  testmelody.o(.bss)
    readed_dictionary                        0x20000924   Data         360  testmelody.o(.bss)
    sADC                                     0x20001b10   Data          28  adc.o(.bss)
    sADCx                                    0x20001b2c   Data          44  adc.o(.bss)
    ch0                                      0x20001b58   Data          48  sensors.o(.bss)
    w25qxx                                   0x20001b88   Data          40  w25qxx.o(.bss)
    DMA_ControlTable                         0x20001c00   Data        1024  mdr32f9qx_dma.o(.bss)
    __stdin                                  0x20002000   Data          84  stdio_streams.o(.bss)
    __stdout                                 0x20002054   Data          84  stdio_streams.o(.bss)
    __stderr                                 0x200020a8   Data          84  stdio_streams.o(.bss)
    __libspace_start                         0x200020fc   Data          96  libspace.o(.bss)
    __temporary_stack_top$libspace           0x2000215c   Data           0  libspace.o(.bss)



==============================================================================

Memory Map of the image

  Image Entry point : 0x080000c1

  Load Region LR_IROM1 (Base: 0x08000000, Size: 0x000061d4, Max: 0x00010000, ABSOLUTE)

    Execution Region ER_IROM1 (Exec base: 0x08000000, Load base: 0x08000000, Size: 0x00006148, Max: 0x00010000, ABSOLUTE)

    Exec Addr    Load Addr    Size         Type   Attr      Idx    E Section Name        Object

    0x08000000   0x08000000   0x000000c0   Data   RO         1485    RESET               startup_mdr32f9qx.o
    0x080000c0   0x080000c0   0x00000008   Code   RO         3293  * !!!main             c_w.l(__main.o)
    0x080000c8   0x080000c8   0x00000034   Code   RO         3776    !!!scatter          c_w.l(__scatter.o)
    0x080000fc   0x080000fc   0x0000001a   Code   RO         3778    !!handler_copy      c_w.l(__scatter_copy.o)
    0x08000116   0x08000116   0x00000002   PAD
    0x08000118   0x08000118   0x0000001c   Code   RO         3780    !!handler_zi        c_w.l(__scatter_zi.o)
    0x08000134   0x08000134   0x00000000   Code   RO         3256    .ARM.Collect$$_printf_percent$$00000000  c_w.l(_printf_percent.o)
    0x08000134   0x08000134   0x00000006   Code   RO         3255    .ARM.Collect$$_printf_percent$$00000003  c_w.l(_printf_f.o)
    0x0800013a   0x0800013a   0x00000006   Code   RO         3254    .ARM.Collect$$_printf_percent$$00000009  c_w.l(_printf_d.o)
    0x08000140   0x08000140   0x00000006   Code   RO         3253    .ARM.Collect$$_printf_percent$$0000000C  c_w.l(_printf_x.o)
    0x08000146   0x08000146   0x00000006   Code   RO         3252    .ARM.Collect$$_printf_percent$$00000014  c_w.l(_printf_s.o)
    0x0800014c   0x0800014c   0x00000004   Code   RO         3354    .ARM.Collect$$_printf_percent$$00000017  c_w.l(_printf_percent_end.o)
    0x08000150   0x08000150   0x00000002   Code   RO         3693    .ARM.Collect$$libinit$$00000000  c_w.l(libinit.o)
    0x08000152   0x08000152   0x00000000   Code   RO         3548    .ARM.Collect$$libinit$$00000002  c_w.l(libinit2.o)
    0x08000152   0x08000152   0x00000000   Code   RO         3550    .ARM.Collect$$libinit$$00000004  c_w.l(libinit2.o)
    0x08000152   0x08000152   0x00000008   Code   RO         3551    .ARM.Collect$$libinit$$00000005  c_w.l(libinit2.o)
    0x0800015a   0x0800015a   0x00000000   Code   RO         3553    .ARM.Collect$$libinit$$0000000A  c_w.l(libinit2.o)
    0x0800015a   0x0800015a   0x00000000   Code   RO         3555    .ARM.Collect$$libinit$$0000000C  c_w.l(libinit2.o)
    0x0800015a   0x0800015a   0x00000000   Code   RO         3557    .ARM.Collect$$libinit$$0000000E  c_w.l(libinit2.o)
    0x0800015a   0x0800015a   0x00000006   Code   RO         3558    .ARM.Collect$$libinit$$0000000F  c_w.l(libinit2.o)
    0x08000160   0x08000160   0x00000000   Code   RO         3560    .ARM.Collect$$libinit$$00000011  c_w.l(libinit2.o)
    0x08000160   0x08000160   0x0000000c   Code   RO         3561    .ARM.Collect$$libinit$$00000012  c_w.l(libinit2.o)
    0x0800016c   0x0800016c   0x00000000   Code   RO         3562    .ARM.Collect$$libinit$$00000013  c_w.l(libinit2.o)
    0x0800016c   0x0800016c   0x00000000   Code   RO         3564    .ARM.Collect$$libinit$$00000015  c_w.l(libinit2.o)
    0x0800016c   0x0800016c   0x0000000a   Code   RO         3565    .ARM.Collect$$libinit$$00000016  c_w.l(libinit2.o)
    0x08000176   0x08000176   0x00000000   Code   RO         3566    .ARM.Collect$$libinit$$00000017  c_w.l(libinit2.o)
    0x08000176   0x08000176   0x00000000   Code   RO         3568    .ARM.Collect$$libinit$$00000019  c_w.l(libinit2.o)
    0x08000176   0x08000176   0x00000000   Code   RO         3570    .ARM.Collect$$libinit$$0000001B  c_w.l(libinit2.o)
    0x08000176   0x08000176   0x00000000   Code   RO         3572    .ARM.Collect$$libinit$$0000001D  c_w.l(libinit2.o)
    0x08000176   0x08000176   0x00000000   Code   RO         3574    .ARM.Collect$$libinit$$0000001F  c_w.l(libinit2.o)
    0x08000176   0x08000176   0x00000000   Code   RO         3576    .ARM.Collect$$libinit$$00000021  c_w.l(libinit2.o)
    0x08000176   0x08000176   0x00000000   Code   RO         3578    .ARM.Collect$$libinit$$00000023  c_w.l(libinit2.o)
    0x08000176   0x08000176   0x00000004   Code   RO         3579    .ARM.Collect$$libinit$$00000024  c_w.l(libinit2.o)
    0x0800017a   0x0800017a   0x00000000   Code   RO         3580    .ARM.Collect$$libinit$$00000025  c_w.l(libinit2.o)
    0x0800017a   0x0800017a   0x00000000   Code   RO         3584    .ARM.Collect$$libinit$$0000002C  c_w.l(libinit2.o)
    0x0800017a   0x0800017a   0x00000000   Code   RO         3586    .ARM.Collect$$libinit$$0000002E  c_w.l(libinit2.o)
    0x0800017a   0x0800017a   0x00000000   Code   RO         3588    .ARM.Collect$$libinit$$00000030  c_w.l(libinit2.o)
    0x0800017a   0x0800017a   0x00000000   Code   RO         3590    .ARM.Collect$$libinit$$00000032  c_w.l(libinit2.o)
    0x0800017a   0x0800017a   0x00000002   Code   RO         3591    .ARM.Collect$$libinit$$00000033  c_w.l(libinit2.o)
    0x0800017c   0x0800017c   0x00000002   Code   RO         3773    .ARM.Collect$$libshutdown$$00000000  c_w.l(libshutdown.o)
    0x0800017e   0x0800017e   0x00000000   Code   RO         3593    .ARM.Collect$$libshutdown$$00000002  c_w.l(libshutdown2.o)
    0x0800017e   0x0800017e   0x00000000   Code   RO         3595    .ARM.Collect$$libshutdown$$00000004  c_w.l(libshutdown2.o)
    0x0800017e   0x0800017e   0x00000004   Code   RO         3596    .ARM.Collect$$libshutdown$$00000005  c_w.l(libshutdown2.o)
    0x08000182   0x08000182   0x00000000   Code   RO         3597    .ARM.Collect$$libshutdown$$00000006  c_w.l(libshutdown2.o)
    0x08000182   0x08000182   0x00000000   Code   RO         3600    .ARM.Collect$$libshutdown$$00000009  c_w.l(libshutdown2.o)
    0x08000182   0x08000182   0x00000000   Code   RO         3603    .ARM.Collect$$libshutdown$$0000000C  c_w.l(libshutdown2.o)
    0x08000182   0x08000182   0x00000000   Code   RO         3605    .ARM.Collect$$libshutdown$$0000000E  c_w.l(libshutdown2.o)
    0x08000182   0x08000182   0x00000000   Code   RO         3608    .ARM.Collect$$libshutdown$$00000011  c_w.l(libshutdown2.o)
    0x08000182   0x08000182   0x00000002   Code   RO         3609    .ARM.Collect$$libshutdown$$00000012  c_w.l(libshutdown2.o)
    0x08000184   0x08000184   0x00000000   Code   RO         3345    .ARM.Collect$$rtentry$$00000000  c_w.l(__rtentry.o)
    0x08000184   0x08000184   0x00000000   Code   RO         3391    .ARM.Collect$$rtentry$$00000002  c_w.l(__rtentry2.o)
    0x08000184   0x08000184   0x00000006   Code   RO         3403    .ARM.Collect$$rtentry$$00000004  c_w.l(__rtentry4.o)
    0x0800018a   0x0800018a   0x00000000   Code   RO         3393    .ARM.Collect$$rtentry$$00000009  c_w.l(__rtentry2.o)
    0x0800018a   0x0800018a   0x00000004   Code   RO         3394    .ARM.Collect$$rtentry$$0000000A  c_w.l(__rtentry2.o)
    0x0800018e   0x0800018e   0x00000000   Code   RO         3396    .ARM.Collect$$rtentry$$0000000C  c_w.l(__rtentry2.o)
    0x0800018e   0x0800018e   0x00000008   Code   RO         3397    .ARM.Collect$$rtentry$$0000000D  c_w.l(__rtentry2.o)
    0x08000196   0x08000196   0x00000002   Code   RO         3700    .ARM.Collect$$rtexit$$00000000  c_w.l(rtexit.o)
    0x08000198   0x08000198   0x00000000   Code   RO         3736    .ARM.Collect$$rtexit$$00000002  c_w.l(rtexit2.o)
    0x08000198   0x08000198   0x00000004   Code   RO         3737    .ARM.Collect$$rtexit$$00000003  c_w.l(rtexit2.o)
    0x0800019c   0x0800019c   0x00000006   Code   RO         3738    .ARM.Collect$$rtexit$$00000004  c_w.l(rtexit2.o)
    0x080001a2   0x080001a2   0x00000002   PAD
    0x080001a4   0x080001a4   0x00000000   Code   RO         3704    .emb_text           c_w.l(maybetermalloc1.o)
    0x080001a4   0x080001a4   0x00000040   Code   RO         1486    .text               startup_mdr32f9qx.o
    0x080001e4   0x080001e4   0x00000018   Code   RO         3199    .text               c_w.l(noretval__2printf.o)
    0x080001fc   0x080001fc   0x00000014   Code   RO         3201    .text               c_w.l(noretval__2fprintf.o)
    0x08000210   0x08000210   0x0000004e   Code   RO         3205    .text               c_w.l(_printf_pad.o)
    0x0800025e   0x0800025e   0x00000052   Code   RO         3207    .text               c_w.l(_printf_str.o)
    0x080002b0   0x080002b0   0x00000078   Code   RO         3209    .text               c_w.l(_printf_dec.o)
    0x08000328   0x08000328   0x00000058   Code   RO         3214    .text               c_w.l(_printf_hex_int.o)
    0x08000380   0x08000380   0x00000138   Code   RO         3244    .text               c_w.l(__printf_flags_wp.o)
    0x080004b8   0x080004b8   0x0000003c   Code   RO         3257    .text               c_w.l(__0sscanf.o)
    0x080004f4   0x080004f4   0x0000014c   Code   RO         3259    .text               c_w.l(_scanf_int.o)
    0x08000640   0x08000640   0x0000000c   Code   RO         3261    .text               c_w.l(clearerr.o)
    0x0800064c   0x0800064c   0x00000004   Code   RO         3267    .text               c_w.l(getc.o)
    0x08000650   0x08000650   0x00000004   Code   RO         3281    .text               c_w.l(strtok_r.o)
    0x08000654   0x08000654   0x00000024   Code   RO         3283    .text               c_w.l(strstr.o)
    0x08000678   0x08000678   0x0000003e   Code   RO         3285    .text               c_w.l(strlen.o)
    0x080006b6   0x080006b6   0x00000096   Code   RO         3287    .text               c_w.l(strncmp.o)
    0x0800074c   0x0800074c   0x00000080   Code   RO         3289    .text               c_w.l(strcmpv7m.o)
    0x080007cc   0x080007cc   0x00000006   Code   RO         3291    .text               c_w.l(heapauxi.o)
    0x080007d2   0x080007d2   0x000000b2   Code   RO         3346    .text               c_w.l(_printf_intcommon.o)
    0x08000884   0x08000884   0x0000041e   Code   RO         3348    .text               c_w.l(_printf_fp_dec.o)
    0x08000ca2   0x08000ca2   0x0000002c   Code   RO         3350    .text               c_w.l(_printf_char.o)
    0x08000cce   0x08000cce   0x00000002   PAD
    0x08000cd0   0x08000cd0   0x00000024   Code   RO         3352    .text               c_w.l(_printf_char_file.o)
    0x08000cf4   0x08000cf4   0x0000001c   Code   RO         3355    .text               c_w.l(_chval.o)
    0x08000d10   0x08000d10   0x0000002c   Code   RO         3357    .text               c_w.l(scanf_char.o)
    0x08000d3c   0x08000d3c   0x00000040   Code   RO         3359    .text               c_w.l(_sgetc.o)
    0x08000d7c   0x08000d7c   0x000001d6   Code   RO         3365    .text               c_w.l(flsbuf.o)
    0x08000f52   0x08000f52   0x00000002   PAD
    0x08000f54   0x08000f54   0x00000138   Code   RO         3367    .text               c_w.l(initio.o)
    0x0800108c   0x0800108c   0x00000044   Code   RO         3373    .text               c_w.l(strtok_int.o)
    0x080010d0   0x080010d0   0x00000008   Code   RO         3408    .text               c_w.l(rt_locale_intlibspace.o)
    0x080010d8   0x080010d8   0x0000005e   Code   RO         3414    .text               c_w.l(h1_alloc.o)
    0x08001136   0x08001136   0x0000004e   Code   RO         3416    .text               c_w.l(h1_free.o)
    0x08001184   0x08001184   0x0000008a   Code   RO         3472    .text               c_w.l(lludiv10.o)
    0x0800120e   0x0800120e   0x00000012   Code   RO         3474    .text               c_w.l(isspace.o)
    0x08001220   0x08001220   0x00000030   Code   RO         3476    .text               c_w.l(_printf_char_common.o)
    0x08001250   0x08001250   0x00000080   Code   RO         3478    .text               c_w.l(_printf_fp_infnan.o)
    0x080012d0   0x080012d0   0x00000374   Code   RO         3482    .text               c_w.l(_scanf.o)
    0x08001644   0x08001644   0x000000e4   Code   RO         3484    .text               c_w.l(bigflt0.o)
    0x08001728   0x08001728   0x00000008   Code   RO         3509    .text               c_w.l(ferror.o)
    0x08001730   0x08001730   0x0000023a   Code   RO         3511    .text               c_w.l(filbuf.o)
    0x0800196a   0x0800196a   0x00000046   Code   RO         3513    .text               c_w.l(setvbuf.o)
    0x080019b0   0x080019b0   0x000000f0   Code   RO         3515    .text               c_w.l(stdio.o)
    0x08001aa0   0x08001aa0   0x000000ec   Code   RO         3520    .text               c_w.l(fopen.o)
    0x08001b8c   0x08001b8c   0x0000004c   Code   RO         3522    .text               c_w.l(fclose.o)
    0x08001bd8   0x08001bd8   0x0000000e   Code   RO         3535    .text               c_w.l(defsig_rtred_outer.o)
    0x08001be6   0x08001be6   0x00000020   Code   RO         3541    .text               c_w.l(strcspn.o)
    0x08001c06   0x08001c06   0x0000001c   Code   RO         3543    .text               c_w.l(strspn.o)
    0x08001c22   0x08001c22   0x0000004e   Code   RO         3545    .text               c_w.l(rt_memclr_w.o)
    0x08001c70   0x08001c70   0x00000008   Code   RO         3616    .text               c_w.l(libspace.o)
    0x08001c78   0x08001c78   0x0000004a   Code   RO         3619    .text               c_w.l(sys_stackheap_outer.o)
    0x08001cc2   0x08001cc2   0x00000002   PAD
    0x08001cc4   0x08001cc4   0x00000010   Code   RO         3621    .text               c_w.l(rt_ctype_table.o)
    0x08001cd4   0x08001cd4   0x00000008   Code   RO         3628    .text               c_w.l(rt_heap_descriptor_intlibspace.o)
    0x08001cdc   0x08001cdc   0x00000004   Code   RO         3630    .text               c_w.l(hguard.o)
    0x08001ce0   0x08001ce0   0x0000008a   Code   RO         3632    .text               c_w.l(init_alloc.o)
    0x08001d6a   0x08001d6a   0x0000000e   Code   RO         3636    .text               c_w.l(h1_init.o)
    0x08001d78   0x08001d78   0x00000064   Code   RO         3652    .text               c_w.l(fflush.o)
    0x08001ddc   0x08001ddc   0x000000f8   Code   RO         3656    .text               c_w.l(fseek.o)
    0x08001ed4   0x08001ed4   0x00000038   Code   RO         3662    .text               c_w.l(flushlinebuffered.o)
    0x08001f0c   0x08001f0c   0x00000012   Code   RO         3674    .text               c_w.l(exit.o)
    0x08001f1e   0x08001f1e   0x0000000a   Code   RO         3676    .text               c_w.l(defsig_exit.o)
    0x08001f28   0x08001f28   0x00000034   Code   RO         3678    .text               c_w.l(defsig_rtred_inner.o)
    0x08001f5c   0x08001f5c   0x0000000c   Code   RO         3698    .text               c_w.l(sys_exit.o)
    0x08001f68   0x08001f68   0x00000034   Code   RO         3706    .text               c_w.l(h1_extend.o)
    0x08001f9c   0x08001f9c   0x00000042   Code   RO         3710    .text               c_w.l(ftell.o)
    0x08001fde   0x08001fde   0x00000032   Code   RO         3717    .text               c_w.l(defsig_general.o)
    0x08002010   0x08002010   0x0000000e   Code   RO         3719    .text               c_w.l(defsig_rtmem_outer.o)
    0x0800201e   0x0800201e   0x0000000e   Code   RO         3730    .text               c_w.l(sys_wrch.o)
    0x0800202c   0x0800202c   0x00000002   Code   RO         3732    .text               c_w.l(use_no_semi.o)
    0x0800202e   0x0800202e   0x00000000   Code   RO         3734    .text               c_w.l(indicate_semi.o)
    0x0800202e   0x0800202e   0x00000002   PAD
    0x08002030   0x08002030   0x00000008   Code   RO         3745    .text               c_w.l(rt_errno_addr_intlibspace.o)
    0x08002038   0x08002038   0x00000050   Code   RO         3749    .text               c_w.l(defsig_rtmem_inner.o)
    0x08002088   0x08002088   0x0000003e   Code   RO         3487    CL$$btod_d2e        c_w.l(btod.o)
    0x080020c6   0x080020c6   0x00000046   Code   RO         3489    CL$$btod_d2e_denorm_low  c_w.l(btod.o)
    0x0800210c   0x0800210c   0x00000060   Code   RO         3488    CL$$btod_d2e_norm_op1  c_w.l(btod.o)
    0x0800216c   0x0800216c   0x00000338   Code   RO         3497    CL$$btod_div_common  c_w.l(btod.o)
    0x080024a4   0x080024a4   0x000000dc   Code   RO         3494    CL$$btod_e2e        c_w.l(btod.o)
    0x08002580   0x08002580   0x0000002a   Code   RO         3491    CL$$btod_ediv       c_w.l(btod.o)
    0x080025aa   0x080025aa   0x0000002a   Code   RO         3490    CL$$btod_emul       c_w.l(btod.o)
    0x080025d4   0x080025d4   0x00000244   Code   RO         3496    CL$$btod_mult_common  c_w.l(btod.o)
    0x08002818   0x08002818   0x00000018   Code   RO         1530    i.ADC1_Cmd          mdr32f9qx_adc.o
    0x08002830   0x08002830   0x0000000c   Code   RO         1533    i.ADC1_GetResult    mdr32f9qx_adc.o
    0x0800283c   0x0800283c   0x00000018   Code   RO         1535    i.ADC1_ITConfig     mdr32f9qx_adc.o
    0x08002854   0x08002854   0x00000058   Code   RO         1536    i.ADC1_Init         mdr32f9qx_adc.o
    0x080028ac   0x080028ac   0x00000014   Code   RO         1540    i.ADC1_SetChannel   mdr32f9qx_adc.o
    0x080028c0   0x080028c0   0x00000010   Code   RO         1544    i.ADC1_Start        mdr32f9qx_adc.o
    0x080028d0   0x080028d0   0x00000024   Code   RO         1563    i.ADC_DeInit        mdr32f9qx_adc.o
    0x080028f4   0x080028f4   0x00000010   Code   RO         1564    i.ADC_GetFlagStatus  mdr32f9qx_adc.o
    0x08002904   0x08002904   0x00000010   Code   RO         1566    i.ADC_GetStatus     mdr32f9qx_adc.o
    0x08002914   0x08002914   0x00000002   Code   RO          138    i.ADC_IRQHandler    mdr32f9qx_it.o
    0x08002916   0x08002916   0x00000002   PAD
    0x08002918   0x08002918   0x00000034   Code   RO         1568    i.ADC_Init          mdr32f9qx_adc.o
    0x0800294c   0x0800294c   0x00000012   Code   RO         1570    i.ADC_StructInit    mdr32f9qx_adc.o
    0x0800295e   0x0800295e   0x0000001c   Code   RO         1571    i.ADCx_StructInit   mdr32f9qx_adc.o
    0x0800297a   0x0800297a   0x00000002   Code   RO          139    i.BACKUP_IRQHandler  mdr32f9qx_it.o
    0x0800297c   0x0800297c   0x00000030   Code   RO          860    i.BlinkLED          led.o
    0x080029ac   0x080029ac   0x00000002   Code   RO          140    i.BusFault_Handler  mdr32f9qx_it.o
    0x080029ae   0x080029ae   0x00000002   Code   RO          141    i.CAN1_IRQHandler   mdr32f9qx_it.o
    0x080029b0   0x080029b0   0x00000002   Code   RO          142    i.CAN2_IRQHandler   mdr32f9qx_it.o
    0x080029b2   0x080029b2   0x00000002   Code   RO          143    i.COMPARATOR_IRQHandler  mdr32f9qx_it.o
    0x080029b4   0x080029b4   0x00000078   Code   RO            3    i.ClockConfigure    main.o
    0x08002a2c   0x08002a2c   0x00000018   Code   RO         1993    i.DAC2_Cmd          mdr32f9qx_dac.o
    0x08002a44   0x08002a44   0x00000014   Code   RO         1995    i.DAC2_Init         mdr32f9qx_dac.o
    0x08002a58   0x08002a58   0x00000018   Code   RO         2064    i.DMA_Cmd           mdr32f9qx_dma.o
    0x08002a70   0x08002a70   0x00000068   Code   RO         2065    i.DMA_CtrlDataInit  mdr32f9qx_dma.o
    0x08002ad8   0x08002ad8   0x0000001c   Code   RO         2066    i.DMA_CtrlInit      mdr32f9qx_dma.o
    0x08002af4   0x08002af4   0x00000020   Code   RO         2067    i.DMA_DeInit        mdr32f9qx_dma.o
    0x08002b14   0x08002b14   0x00000050   Code   RO         2069    i.DMA_GetFlagStatus  mdr32f9qx_dma.o
    0x08002b64   0x08002b64   0x00000074   Code   RO          902    i.DMA_IRQCallback   player.o
    0x08002bd8   0x08002bd8   0x00000004   Code   RO          144    i.DMA_IRQHandler    mdr32f9qx_it.o
    0x08002bdc   0x08002bdc   0x00000064   Code   RO         2070    i.DMA_Init          mdr32f9qx_dma.o
    0x08002c40   0x08002c40   0x00000010   Code   RO         2075    i.DMA_StructInit    mdr32f9qx_dma.o
    0x08002c50   0x08002c50   0x00000002   Code   RO          145    i.DebugMon_Handler  mdr32f9qx_it.o
    0x08002c52   0x08002c52   0x00000010   Code   RO          861    i.Delay             led.o
    0x08002c62   0x08002c62   0x00000002   Code   RO          146    i.EXT_INT1_IRQHandler  mdr32f9qx_it.o
    0x08002c64   0x08002c64   0x00000002   Code   RO          147    i.EXT_INT2_IRQHandler  mdr32f9qx_it.o
    0x08002c66   0x08002c66   0x00000002   Code   RO          148    i.EXT_INT3_IRQHandler  mdr32f9qx_it.o
    0x08002c68   0x08002c68   0x00000002   Code   RO          149    i.EXT_INT4_IRQHandler  mdr32f9qx_it.o
    0x08002c6a   0x08002c6a   0x00000002   PAD
    0x08002c6c   0x08002c6c   0x0000000c   Code   RO          438    i.HAL_GetTick       timer.o
    0x08002c78   0x08002c78   0x00000066   Code   RO         1010    i.HAL_SPI_Receive   spi.o
    0x08002cde   0x08002cde   0x0000006a   Code   RO         1012    i.HAL_SPI_TransmitReceive  spi.o
    0x08002d48   0x08002d48   0x0000003c   Code   RO          439    i.HAL_SYSTICK_Callback  timer.o
    0x08002d84   0x08002d84   0x00000024   Code   RO          903    i.HW_stop           player.o
    0x08002da8   0x08002da8   0x00000002   Code   RO          150    i.HardFault_Handler  mdr32f9qx_it.o
    0x08002daa   0x08002daa   0x00000002   Code   RO          151    i.I2C_IRQHandler    mdr32f9qx_it.o
    0x08002dac   0x08002dac   0x00000034   Code   RO          862    i.LEDConfig         led.o
    0x08002de0   0x08002de0   0x0000000c   Code   RO          863    i.LEDOff            led.o
    0x08002dec   0x08002dec   0x0000000c   Code   RO          864    i.LEDOn             led.o
    0x08002df8   0x08002df8   0x00000002   Code   RO          152    i.MemManage_Handler  mdr32f9qx_it.o
    0x08002dfa   0x08002dfa   0x00000002   Code   RO          153    i.NMI_Handler       mdr32f9qx_it.o
    0x08002dfc   0x08002dfc   0x00000016   Code   RO          337    i.NVIC_DisableIRQ   uart_app.o
    0x08002e12   0x08002e12   0x00000016   Code   RO          904    i.NVIC_DisableIRQ   player.o
    0x08002e28   0x08002e28   0x00000016   Code   RO          338    i.NVIC_EnableIRQ    uart_app.o
    0x08002e3e   0x08002e3e   0x00000002   PAD
    0x08002e40   0x08002e40   0x00000168   Code   RO         2247    i.PORT_Init         mdr32f9qx_port.o
    0x08002fa8   0x08002fa8   0x0000001c   Code   RO         2250    i.PORT_ResetBits    mdr32f9qx_port.o
    0x08002fc4   0x08002fc4   0x0000001c   Code   RO         2251    i.PORT_SetBits      mdr32f9qx_port.o
    0x08002fe0   0x08002fe0   0x00000002   Code   RO          154    i.POWER_IRQHandler  mdr32f9qx_it.o
    0x08002fe2   0x08002fe2   0x00000002   Code   RO          155    i.PendSV_Handler    mdr32f9qx_it.o
    0x08002fe4   0x08002fe4   0x0000000c   Code   RO         2424    i.RST_CLK_CPU_PLLcmd  mdr32f9qx_rst_clk.o
    0x08002ff0   0x08002ff0   0x00000038   Code   RO         2425    i.RST_CLK_CPU_PLLconfig  mdr32f9qx_rst_clk.o
    0x08003028   0x08003028   0x0000002c   Code   RO         2426    i.RST_CLK_CPU_PLLstatus  mdr32f9qx_rst_clk.o
    0x08003054   0x08003054   0x0000000c   Code   RO         2427    i.RST_CLK_CPU_PLLuse  mdr32f9qx_rst_clk.o
    0x08003060   0x08003060   0x00000014   Code   RO         2428    i.RST_CLK_CPUclkPrescaler  mdr32f9qx_rst_clk.o
    0x08003074   0x08003074   0x00000014   Code   RO         2429    i.RST_CLK_CPUclkSelection  mdr32f9qx_rst_clk.o
    0x08003088   0x08003088   0x00000160   Code   RO         2431    i.RST_CLK_GetClocksFreq  mdr32f9qx_rst_clk.o
    0x080031e8   0x080031e8   0x0000002c   Code   RO         2432    i.RST_CLK_GetFlagStatus  mdr32f9qx_rst_clk.o
    0x08003214   0x08003214   0x00000028   Code   RO         2434    i.RST_CLK_HSEconfig  mdr32f9qx_rst_clk.o
    0x0800323c   0x0800323c   0x0000002c   Code   RO         2435    i.RST_CLK_HSEstatus  mdr32f9qx_rst_clk.o
    0x08003268   0x08003268   0x00000018   Code   RO         2445    i.RST_CLK_PCLKcmd   mdr32f9qx_rst_clk.o
    0x08003280   0x08003280   0x000000f0   Code   RO         1013    i.SPI_init          spi.o
    0x08003370   0x08003370   0x00000002   Code   RO          156    i.SSP1_IRQHandler   mdr32f9qx_it.o
    0x08003372   0x08003372   0x00000002   Code   RO          157    i.SSP2_IRQHandler   mdr32f9qx_it.o
    0x08003374   0x08003374   0x0000003c   Code   RO         2637    i.SSP_BRGInit       mdr32f9qx_ssp.o
    0x080033b0   0x080033b0   0x00000016   Code   RO         2639    i.SSP_Cmd           mdr32f9qx_ssp.o
    0x080033c6   0x080033c6   0x00000012   Code   RO         2641    i.SSP_DeInit        mdr32f9qx_ssp.o
    0x080033d8   0x080033d8   0x0000000a   Code   RO         2642    i.SSP_GetFlagStatus  mdr32f9qx_ssp.o
    0x080033e2   0x080033e2   0x00000026   Code   RO         2646    i.SSP_Init          mdr32f9qx_ssp.o
    0x08003408   0x08003408   0x00000006   Code   RO         2647    i.SSP_ReceiveData   mdr32f9qx_ssp.o
    0x0800340e   0x0800340e   0x00000004   Code   RO         2648    i.SSP_SendData      mdr32f9qx_ssp.o
    0x08003412   0x08003412   0x00000018   Code   RO         2649    i.SSP_StructInit    mdr32f9qx_ssp.o
    0x0800342a   0x0800342a   0x00000002   Code   RO          158    i.SVC_Handler       mdr32f9qx_it.o
    0x0800342c   0x0800342c   0x00000004   Code   RO          159    i.SysTick_Handler   mdr32f9qx_it.o
    0x08003430   0x08003430   0x00000060   Code   RO         1492    i.SystemCoreClockUpdate  system_mdr32f9qx.o
    0x08003490   0x08003490   0x00000028   Code   RO         1493    i.SystemInit        system_mdr32f9qx.o
    0x080034b8   0x080034b8   0x00000054   Code   RO         2729    i.TIMER_BRGInit     mdr32f9qx_timer.o
    0x0800350c   0x0800350c   0x00000012   Code   RO         2756    i.TIMER_Cmd         mdr32f9qx_timer.o
    0x0800351e   0x0800351e   0x00000036   Code   RO         2759    i.TIMER_CntInit     mdr32f9qx_timer.o
    0x08003554   0x08003554   0x0000000e   Code   RO         2762    i.TIMER_DMACmd      mdr32f9qx_timer.o
    0x08003562   0x08003562   0x00000044   Code   RO         2763    i.TIMER_DeInit      mdr32f9qx_timer.o
    0x080035a6   0x080035a6   0x00000002   PAD
    0x080035a8   0x080035a8   0x00000024   Code   RO          532    i.TRML_putc         terminal.o
    0x080035cc   0x080035cc   0x00000024   Code   RO          533    i.TRML_strComplete  terminal.o
    0x080035f0   0x080035f0   0x00000002   Code   RO          160    i.Timer1_IRQHandler  mdr32f9qx_it.o
    0x080035f2   0x080035f2   0x00000002   Code   RO          161    i.Timer2_IRQHandler  mdr32f9qx_it.o
    0x080035f4   0x080035f4   0x00000002   Code   RO          162    i.Timer3_IRQHandler  mdr32f9qx_it.o
    0x080035f6   0x080035f6   0x00000002   PAD
    0x080035f8   0x080035f8   0x00000058   Code   RO          163    i.UART1_IRQHandler  mdr32f9qx_it.o
    0x08003650   0x08003650   0x000000b4   Code   RO          340    i.UART1_Init        uart_app.o
    0x08003704   0x08003704   0x00000044   Code   RO          341    i.UART1_RxCpltCallback  uart_app.o
    0x08003748   0x08003748   0x0000004c   Code   RO          342    i.UART1_TxCpltCallback  uart_app.o
    0x08003794   0x08003794   0x00000024   Code   RO          164    i.UART2_IRQHandler  mdr32f9qx_it.o
    0x080037b8   0x080037b8   0x0000003c   Code   RO         3079    i.UART_BRGInit      mdr32f9qx_uart.o
    0x080037f4   0x080037f4   0x00000008   Code   RO         3081    i.UART_ClearITPendingBit  mdr32f9qx_uart.o
    0x080037fc   0x080037fc   0x00000016   Code   RO         3082    i.UART_Cmd          mdr32f9qx_uart.o
    0x08003812   0x08003812   0x0000000a   Code   RO         3086    i.UART_GetFlagStatus  mdr32f9qx_uart.o
    0x0800381c   0x0800381c   0x0000000a   Code   RO         3088    i.UART_GetITStatusMasked  mdr32f9qx_uart.o
    0x08003826   0x08003826   0x00000010   Code   RO         3089    i.UART_ITConfig     mdr32f9qx_uart.o
    0x08003836   0x08003836   0x00000002   PAD
    0x08003838   0x08003838   0x00000094   Code   RO         3090    i.UART_Init         mdr32f9qx_uart.o
    0x080038cc   0x080038cc   0x00000006   Code   RO         3093    i.UART_ReceiveData  mdr32f9qx_uart.o
    0x080038d2   0x080038d2   0x00000006   Code   RO         3094    i.UART_SendData     mdr32f9qx_uart.o
    0x080038d8   0x080038d8   0x00000002   Code   RO          165    i.USB_IRQHandler    mdr32f9qx_it.o
    0x080038da   0x080038da   0x00000002   Code   RO          166    i.UsageFault_Handler  mdr32f9qx_it.o
    0x080038dc   0x080038dc   0x00000070   Code   RO         1232    i.W25qxx_EraseSector  w25qxx.o
    0x0800394c   0x0800394c   0x000000e0   Code   RO         1233    i.W25qxx_Init       w25qxx.o
    0x08003a2c   0x08003a2c   0x00000080   Code   RO         1241    i.W25qxx_ReadBytes  w25qxx.o
    0x08003aac   0x08003aac   0x00000044   Code   RO         1242    i.W25qxx_ReadID     w25qxx.o
    0x08003af0   0x08003af0   0x00000068   Code   RO         1245    i.W25qxx_ReadStatusRegister  w25qxx.o
    0x08003b58   0x08003b58   0x0000004c   Code   RO         1246    i.W25qxx_ReadUniqID  w25qxx.o
    0x08003ba4   0x08003ba4   0x00000020   Code   RO         1249    i.W25qxx_Spi        w25qxx.o
    0x08003bc4   0x08003bc4   0x00000038   Code   RO         1250    i.W25qxx_WaitForWriteEnd  w25qxx.o
    0x08003bfc   0x08003bfc   0x00000078   Code   RO         1252    i.W25qxx_WriteByte  w25qxx.o
    0x08003c74   0x08003c74   0x00000024   Code   RO         1254    i.W25qxx_WriteEnable  w25qxx.o
    0x08003c98   0x08003c98   0x00000002   Code   RO          167    i.WWDG_IRQHandler   mdr32f9qx_it.o
    0x08003c9a   0x08003c9a   0x00000028   Code   RO         3614    i.__ARM_fpclassify  m_ws.l(fpclassify.o)
    0x08003cc2   0x08003cc2   0x0000000e   Code   RO         3242    i._is_digit         c_w.l(__printf_wp.o)
    0x08003cd0   0x08003cd0   0x00000018   Code   RO         1421    i._sys_close        retarget_io.o
    0x08003ce8   0x08003ce8   0x0000000c   Code   RO         1422    i._sys_flen         retarget_io.o
    0x08003cf4   0x08003cf4   0x00000018   Code   RO         1423    i._sys_istty        retarget_io.o
    0x08003d0c   0x08003d0c   0x0000005c   Code   RO         1424    i._sys_open         retarget_io.o
    0x08003d68   0x08003d68   0x00000026   Code   RO         1425    i._sys_read         retarget_io.o
    0x08003d8e   0x08003d8e   0x00000006   Code   RO         1426    i._sys_seek         retarget_io.o
    0x08003d94   0x08003d94   0x0000002e   Code   RO         1427    i._sys_write        retarget_io.o
    0x08003dc2   0x08003dc2   0x0000001c   Code   RO          971    i.adc_getVal        adc.o
    0x08003dde   0x08003dde   0x00000002   PAD
    0x08003de0   0x08003de0   0x00000080   Code   RO          972    i.adc_init          adc.o
    0x08003e60   0x08003e60   0x0000004c   Code   RO         1176    i.calculate_U       fire_sensor_module.o
    0x08003eac   0x08003eac   0x00000044   Code   RO         1177    i.calculate_resistance  fire_sensor_module.o
    0x08003ef0   0x08003ef0   0x00000038   Code   RO         1119    i.ch0Init           sensors.o
    0x08003f28   0x08003f28   0x00000008   Code   RO         1049    i.chLpfReset        channel.o
    0x08003f30   0x08003f30   0x0000000c   Code   RO         1051    i.chSetCalibr       channel.o
    0x08003f3c   0x08003f3c   0x00000004   Code   RO         1053    i.chSetLPF          channel.o
    0x08003f40   0x08003f40   0x00000014   Code   RO         1056    i.chSetSimulType    channel.o
    0x08003f54   0x08003f54   0x00000030   Code   RO          595    i.checkStringParam  cmdlineterminal.o
    0x08003f84   0x08003f84   0x00000024   Code   RO          440    i.check_sensor_0_handler  timer.o
    0x08003fa8   0x08003fa8   0x00000024   Code   RO          441    i.check_sensor_1_handler  timer.o
    0x08003fcc   0x08003fcc   0x00000064   Code   RO          596    i.cmdLine           cmdlineterminal.o
    0x08004030   0x08004030   0x00000060   Code   RO          666    i.cmd_dac           command.o
    0x08004090   0x08004090   0x00000068   Code   RO          667    i.cmd_debug         command.o
    0x080040f8   0x080040f8   0x0000000c   Code   RO          668    i.cmd_help          command.o
    0x08004104   0x08004104   0x00000040   Code   RO          669    i.cmd_name          command.o
    0x08004144   0x08004144   0x00000004   Code   RO          670    i.cmd_status        command.o
    0x08004148   0x08004148   0x0000021c   Code   RO          671    i.cmd_w25q          command.o
    0x08004364   0x08004364   0x00000050   Code   RO          597    i.decodeCmdAndRun   cmdlineterminal.o
    0x080043b4   0x080043b4   0x00000034   Code   RO          598    i.deleteTokens      cmdlineterminal.o
    0x080043e8   0x080043e8   0x00000048   Code   RO          905    i.dmaBufRefresh     player.o
    0x08004430   0x08004430   0x00000034   Code   RO          906    i.dmaReqProcessing  player.o
    0x08004464   0x08004464   0x00000010   Code   RO          444    i.event_period_cycle  timer.o
    0x08004474   0x08004474   0x0000003c   Code   RO          445    i.event_sys_tick_evt  timer.o
    0x080044b0   0x080044b0   0x00000018   Code   RO         3362    i.fgetc             c_w.l(fgetc.o)
    0x080044c8   0x080044c8   0x00000040   Code   RO          599    i.findHandler       cmdlineterminal.o
    0x08004508   0x08004508   0x0000001c   Code   RO         1178    i.fire_chek_module  fire_sensor_module.o
    0x08004524   0x08004524   0x0000001a   Code   RO         3264    i.fputc             c_w.l(fputc.o)
    0x0800453e   0x0800453e   0x00000016   Code   RO         1120    i.getCh0Value       sensors.o
    0x08004554   0x08004554   0x00000050   Code   RO          804    i.init_audio_dictionaty  testmelody.o
    0x080045a4   0x080045a4   0x0000000c   Code   RO          740    i.ltrim             tools.o
    0x080045b0   0x080045b0   0x000000b4   Code   RO            4    i.main              main.o
    0x08004664   0x08004664   0x00000068   Code   RO          600    i.parseCmdStr       cmdlineterminal.o
    0x080046cc   0x080046cc   0x00000050   Code   RO          907    i.play_init         player.o
    0x0800471c   0x0800471c   0x000000b0   Code   RO          805    i.play_nextBlockCallback  testmelody.o
    0x080047cc   0x080047cc   0x00000120   Code   RO          908    i.play_start        player.o
    0x080048ec   0x080048ec   0x00000004   Code   RO          909    i.play_stop         player.o
    0x080048f0   0x080048f0   0x00000130   Code   RO         1179    i.post_reaction_choose  fire_sensor_module.o
    0x08004a20   0x08004a20   0x00000058   Code   RO          601    i.printHelpCmd      cmdlineterminal.o
    0x08004a78   0x08004a78   0x000000f0   Code   RO         1180    i.reaction          fire_sensor_module.o
    0x08004b68   0x08004b68   0x00000010   Code   RO          806    i.read_4_byte       testmelody.o
    0x08004b78   0x08004b78   0x0000002c   Code   RO         1181    i.sensor_diagnostic  fire_sensor_module.o
    0x08004ba4   0x08004ba4   0x0000000c   Code   RO          602    i.setCmdTbl         cmdlineterminal.o
    0x08004bb0   0x08004bb0   0x00000044   Code   RO          344    i.stdin_getchar     uart_app.o
    0x08004bf4   0x08004bf4   0x00000074   Code   RO          345    i.stdout_putchar    uart_app.o
    0x08004c68   0x08004c68   0x0000002e   Code   RO          744    i.strupr1251        tools.o
    0x08004c96   0x08004c96   0x0000012a   Code   RO          536    i.terminal_rx       terminal.o
    0x08004dc0   0x08004dc0   0x0000005c   Code   RO          807    i.testAudioStart    testmelody.o
    0x08004e1c   0x08004e1c   0x00000010   Code   RO          808    i.testAudioStop     testmelody.o
    0x08004e2c   0x08004e2c   0x00000014   Code   RO          347    i.waitUart1TxComplete  uart_app.o
    0x08004e40   0x08004e40   0x00000010   Code   RO          348    i.waitUartTxEnd     uart_app.o
    0x08004e50   0x08004e50   0x0000002c   Code   RO         3533    locale$$code        c_w.l(lc_numeric_c.o)
    0x08004e7c   0x08004e7c   0x0000002c   Code   RO         3713    locale$$code        c_w.l(lc_ctype_c.o)
    0x08004ea8   0x08004ea8   0x00000062   Code   RO         3295    x$fpl$d2f           fz_ws.l(d2f.o)
    0x08004f0a   0x08004f0a   0x00000002   PAD
    0x08004f0c   0x08004f0c   0x00000150   Code   RO         3297    x$fpl$dadd          fz_ws.l(daddsub_clz.o)
    0x0800505c   0x0800505c   0x000002b0   Code   RO         3304    x$fpl$ddiv          fz_ws.l(ddiv.o)
    0x0800530c   0x0800530c   0x00000026   Code   RO         3311    x$fpl$dfltu         fz_ws.l(dflt_clz.o)
    0x08005332   0x08005332   0x00000002   PAD
    0x08005334   0x08005334   0x00000154   Code   RO         3317    x$fpl$dmul          fz_ws.l(dmul.o)
    0x08005488   0x08005488   0x0000009c   Code   RO         3377    x$fpl$dnaninf       fz_ws.l(dnaninf.o)
    0x08005524   0x08005524   0x0000000c   Code   RO         3379    x$fpl$dretinf       fz_ws.l(dretinf.o)
    0x08005530   0x08005530   0x00000016   Code   RO         3298    x$fpl$drsb          fz_ws.l(daddsub_clz.o)
    0x08005546   0x08005546   0x00000002   PAD
    0x08005548   0x08005548   0x000001d4   Code   RO         3299    x$fpl$dsub          fz_ws.l(daddsub_clz.o)
    0x0800571c   0x0800571c   0x00000056   Code   RO         3319    x$fpl$f2d           fz_ws.l(f2d.o)
    0x08005772   0x08005772   0x00000002   PAD
    0x08005774   0x08005774   0x000000c4   Code   RO         3321    x$fpl$fadd          fz_ws.l(faddsub_clz.o)
    0x08005838   0x08005838   0x0000008c   Code   RO         3383    x$fpl$fnaninf       fz_ws.l(fnaninf.o)
    0x080058c4   0x080058c4   0x0000000a   Code   RO         3385    x$fpl$fretinf       fz_ws.l(fretinf.o)
    0x080058ce   0x080058ce   0x00000014   Code   RO         3322    x$fpl$frsb          fz_ws.l(faddsub_clz.o)
    0x080058e2   0x080058e2   0x00000002   PAD
    0x080058e4   0x080058e4   0x000000ea   Code   RO         3323    x$fpl$fsub          fz_ws.l(faddsub_clz.o)
    0x080059ce   0x080059ce   0x00000004   Code   RO         3343    x$fpl$printf1       fz_ws.l(printf1.o)
    0x080059d2   0x080059d2   0x00000000   Code   RO         3387    x$fpl$usenofp       fz_ws.l(usenofp.o)
    0x080059d2   0x080059d2   0x00000002   PAD
    0x080059d4   0x080059d4   0x00000020   Data   RO            5    .constdata          main.o
    0x080059f4   0x080059f4   0x00000510   Data   RO          673    .constdata          command.o
    0x08005f04   0x08005f04   0x00000001   Data   RO          674    .constdata          command.o
    0x08005f05   0x08005f05   0x00000003   PAD
    0x08005f08   0x08005f08   0x00000010   Data   RO         1122    .constdata          sensors.o
    0x08005f18   0x08005f18   0x00000007   Data   RO         1428    .constdata          retarget_io.o
    0x08005f1f   0x08005f1f   0x00000008   Data   RO         1429    .constdata          retarget_io.o
    0x08005f27   0x08005f27   0x00000008   Data   RO         1430    .constdata          retarget_io.o
    0x08005f2f   0x08005f2f   0x00000028   Data   RO         3215    .constdata          c_w.l(_printf_hex_int.o)
    0x08005f57   0x08005f57   0x00000011   Data   RO         3245    .constdata          c_w.l(__printf_flags_wp.o)
    0x08005f68   0x08005f68   0x00000094   Data   RO         3485    .constdata          c_w.l(bigflt0.o)
    0x08005ffc   0x08005ffc   0x00000020   Data   RO         3774    Region$$Table       anon$$obj.o
    0x0800601c   0x0800601c   0x0000001c   Data   RO         3532    locale$$data        c_w.l(lc_numeric_c.o)
    0x08006038   0x08006038   0x00000110   Data   RO         3712    locale$$data        c_w.l(lc_ctype_c.o)


    Execution Region RW_IRAM1 (Exec base: 0x20000000, Load base: 0x08006148, Size: 0x00002760, Max: 0x00008000, ABSOLUTE)

    Exec Addr    Load Addr    Size         Type   Attr      Idx    E Section Name        Object

    0x20000000   0x08006148   0x00000001   Data   RW            6    .data               main.o
    0x20000001   0x08006149   0x00000003   PAD
    0x20000004   0x0800614c   0x00000004   Data   RW          350    .data               uart_app.o
    0x20000008   0x08006150   0x00000004   Data   RW          351    .data               uart_app.o
    0x2000000c   0x08006154   0x00000001   Data   RW          352    .data               uart_app.o
    0x2000000d   0x08006155   0x00000003   PAD
    0x20000010   0x08006158   0x00000014   Data   RW          447    .data               timer.o
    0x20000024   0x0800616c   0x00000018   Data   RW          605    .data               cmdlineterminal.o
    0x2000003c   0x08006184   0x00000011   Data   RW          675    .data               command.o
    0x2000004d   0x08006195   0x00000003   PAD
    0x20000050   0x08006198   0x00000018   Data   RW          811    .data               testmelody.o
    0x20000068   0x080061b0   0x00000001   Data   RW          911    .data               player.o
    0x20000069   0x080061b1   0x00000003   PAD
    0x2000006c   0x080061b4   0x00000010   Data   RW         1182    .data               fire_sensor_module.o
    0x2000007c   0x080061c4   0x00000004   Data   RW         1494    .data               system_mdr32f9qx.o
    0x20000080   0x080061c8   0x00000004   Data   RW         3274    .data               c_w.l(stdio_streams.o)
    0x20000084   0x080061cc   0x00000004   Data   RW         3275    .data               c_w.l(stdio_streams.o)
    0x20000088   0x080061d0   0x00000004   Data   RW         3276    .data               c_w.l(stdio_streams.o)
    0x2000008c        -       0x00000408   Zero   RW          349    .bss                uart_app.o
    0x20000494        -       0x0000003c   Zero   RW          537    .bss                terminal.o
    0x200004d0        -       0x0000002c   Zero   RW          604    .bss                cmdlineterminal.o
    0x200004fc        -       0x00000400   Zero   RW          672    .bss                command.o
    0x200008fc        -       0x00000190   Zero   RW          809    .bss                testmelody.o
    0x20000a8c        -       0x00001084   Zero   RW          910    .bss                player.o
    0x20001b10        -       0x00000048   Zero   RW          974    .bss                adc.o
    0x20001b58        -       0x00000030   Zero   RW         1121    .bss                sensors.o
    0x20001b88        -       0x00000028   Zero   RW         1258    .bss                w25qxx.o
    0x20001bb0   0x080061d4   0x00000050   PAD
    0x20001c00        -       0x00000400   Zero   RW         2076    .bss                mdr32f9qx_dma.o
    0x20002000        -       0x00000054   Zero   RW         3271    .bss                c_w.l(stdio_streams.o)
    0x20002054        -       0x00000054   Zero   RW         3272    .bss                c_w.l(stdio_streams.o)
    0x200020a8        -       0x00000054   Zero   RW         3273    .bss                c_w.l(stdio_streams.o)
    0x200020fc        -       0x00000060   Zero   RW         3617    .bss                c_w.l(libspace.o)
    0x2000215c   0x080061d4   0x00000004   PAD
    0x20002160        -       0x00000200   Zero   RW         1484    HEAP                startup_mdr32f9qx.o
    0x20002360        -       0x00000400   Zero   RW         1483    STACK               startup_mdr32f9qx.o



  Load Region LR_IROM2 (Base: 0x08010000, Size: 0x00000000, Max: 0x00010000, ABSOLUTE)

    Execution Region FLASH_MELODY (Exec base: 0x08010000, Load base: 0x08010000, Size: 0x00000000, Max: 0xffffffff, ABSOLUTE)

    **** No section assigned to this execution region ****


==============================================================================

Image component sizes


      Code (inc. data)   RO Data    RW Data    ZI Data      Debug   Object Name

       156         10          0          0         72       2048   adc.o
        44          0          0          0          0       2143   channel.o
       548        126          0         24         44       5413   cmdlineterminal.o
       820        204       1297         17       1024       6389   command.o
       760        276          0         16          0       3778   fire_sensor_module.o
       140         14          0          0          0       2718   led.o
       300         64         32          1          0     123101   main.o
       350         50          0          0          0       7414   mdr32f9qx_adc.o
        44         10          0          0          0       1151   mdr32f9qx_dac.o
       384         42          0          0       1024       5436   mdr32f9qx_dma.o
       184         20          0          0          0      11897   mdr32f9qx_it.o
       416         16          0          0          0       3020   mdr32f9qx_port.o
       668         58          0          0          0      10693   mdr32f9qx_rst_clk.o
       182         14          0          0          0       5382   mdr32f9qx_ssp.o
       238         18          0          0          0       3866   mdr32f9qx_timer.o
       286         28          0          0          0       7072   mdr32f9qx_uart.o
       670         64          0          1       4228      20094   player.o
       242         24         23          0          0       5534   retarget_io.o
        78         14         16          0         48       1101   sensors.o
       448         14          0          0          0       3023   spi.o
        64         26        192          0       1536        792   startup_mdr32f9qx.o
       136         20          0          4          0       1379   system_mdr32f9qx.o
       370         18          0          0         60       4364   terminal.o
       380         34          0         24        400       4913   testmelody.o
       220         48          0         20          0       4223   timer.o
        58          0          0          0          0        989   tools.o
       588         62          0          9       1032      29206   uart_app.o
       956         98          0          0         40       7186   w25qxx.o

    ----------------------------------------------------------------------
      9744       1372       1595        128       9588     284325   Object Totals
         0          0         32          0          0          0   (incl. Generated)
        14          0          3         12         80          0   (incl. Padding)

    ----------------------------------------------------------------------

      Code (inc. data)   RO Data    RW Data    ZI Data      Debug   Library Member Name

        60          8          0          0          0         84   __0sscanf.o
         8          0          0          0          0         68   __main.o
       312          4         17          0          0         92   __printf_flags_wp.o
        14          0          0          0          0         68   __printf_wp.o
         0          0          0          0          0          0   __rtentry.o
        12          0          0          0          0          0   __rtentry2.o
         6          0          0          0          0          0   __rtentry4.o
        52          8          0          0          0          0   __scatter.o
        26          0          0          0          0          0   __scatter_copy.o
        28          0          0          0          0          0   __scatter_zi.o
        28          0          0          0          0         68   _chval.o
        44          0          0          0          0        108   _printf_char.o
        48          6          0          0          0         96   _printf_char_common.o
        36          4          0          0          0         80   _printf_char_file.o
         6          0          0          0          0          0   _printf_d.o
       120         16          0          0          0         92   _printf_dec.o
         6          0          0          0          0          0   _printf_f.o
      1054          0          0          0          0        216   _printf_fp_dec.o
       128         16          0          0          0         84   _printf_fp_infnan.o
        88          4         40          0          0         88   _printf_hex_int.o
       178          0          0          0          0         88   _printf_intcommon.o
        78          0          0          0          0        108   _printf_pad.o
         0          0          0          0          0          0   _printf_percent.o
         4          0          0          0          0          0   _printf_percent_end.o
         6          0          0          0          0          0   _printf_s.o
        82          0          0          0          0         80   _printf_str.o
         6          0          0          0          0          0   _printf_x.o
       884          4          0          0          0        100   _scanf.o
       332          0          0          0          0         96   _scanf_int.o
        64          0          0          0          0         84   _sgetc.o
       228          4        148          0          0         96   bigflt0.o
      1936        128          0          0          0        672   btod.o
        12          0          0          0          0         68   clearerr.o
        10          0          0          0          0         68   defsig_exit.o
        50          0          0          0          0         88   defsig_general.o
        80         58          0          0          0         76   defsig_rtmem_inner.o
        14          0          0          0          0         80   defsig_rtmem_outer.o
        52         38          0          0          0         76   defsig_rtred_inner.o
        14          0          0          0          0         80   defsig_rtred_outer.o
        18          0          0          0          0         80   exit.o
        76          0          0          0          0         88   fclose.o
         8          0          0          0          0         68   ferror.o
       100          4          0          0          0        120   fflush.o
        24          0          0          0          0         68   fgetc.o
       570          0          0          0          0        132   filbuf.o
       470          0          0          0          0         88   flsbuf.o
        56          6          0          0          0         80   flushlinebuffered.o
       236          4          0          0          0        128   fopen.o
        26          0          0          0          0         68   fputc.o
       248          6          0          0          0         84   fseek.o
        66          0          0          0          0         76   ftell.o
         4          0          0          0          0         68   getc.o
        94          0          0          0          0         80   h1_alloc.o
        52          0          0          0          0         68   h1_extend.o
        78          0          0          0          0         80   h1_free.o
        14          0          0          0          0         84   h1_init.o
         6          0          0          0          0        152   heapauxi.o
         4          0          0          0          0        136   hguard.o
         0          0          0          0          0          0   indicate_semi.o
       138          0          0          0          0        168   init_alloc.o
       312         46          0          0          0        112   initio.o
        18          0          0          0          0         76   isspace.o
        44         10        272          0          0         76   lc_ctype_c.o
        44         10         28          0          0         76   lc_numeric_c.o
         2          0          0          0          0          0   libinit.o
        42          0          0          0          0          0   libinit2.o
         2          0          0          0          0          0   libshutdown.o
         6          0          0          0          0          0   libshutdown2.o
         8          4          0          0         96         68   libspace.o
       138          0          0          0          0         80   lludiv10.o
         0          0          0          0          0          0   maybetermalloc1.o
        20          0          0          0          0         84   noretval__2fprintf.o
        24          4          0          0          0         84   noretval__2printf.o
        16          4          0          0          0         76   rt_ctype_table.o
         8          4          0          0          0         68   rt_errno_addr_intlibspace.o
         8          4          0          0          0         68   rt_heap_descriptor_intlibspace.o
         8          4          0          0          0         68   rt_locale_intlibspace.o
        78          0          0          0          0         80   rt_memclr_w.o
         2          0          0          0          0          0   rtexit.o
        10          0          0          0          0          0   rtexit2.o
        44          8          0          0          0         84   scanf_char.o
        70          0          0          0          0         80   setvbuf.o
       240          6          0          0          0        156   stdio.o
         0          0          0         12        252          0   stdio_streams.o
       128          0          0          0          0         68   strcmpv7m.o
        32          0          0          0          0         80   strcspn.o
        62          0          0          0          0         76   strlen.o
       150          0          0          0          0         80   strncmp.o
        28          0          0          0          0         80   strspn.o
        36          0          0          0          0         80   strstr.o
        68          4          0          0          0         84   strtok_int.o
         4          0          0          0          0         68   strtok_r.o
        12          4          0          0          0         68   sys_exit.o
        74          0          0          0          0         80   sys_stackheap_outer.o
        14          0          0          0          0         76   sys_wrch.o
         2          0          0          0          0         68   use_no_semi.o
        98          4          0          0          0         92   d2f.o
       826         16          0          0          0        348   daddsub_clz.o
       688        140          0          0          0        208   ddiv.o
        38          0          0          0          0         68   dflt_clz.o
       340         12          0          0          0        104   dmul.o
       156          4          0          0          0         92   dnaninf.o
        12          0          0          0          0         68   dretinf.o
        86          4          0          0          0         84   f2d.o
       450          8          0          0          0        236   faddsub_clz.o
       140          4          0          0          0         84   fnaninf.o
        10          0          0          0          0         68   fretinf.o
         4          0          0          0          0         68   printf1.o
         0          0          0          0          0          0   usenofp.o
        40          0          0          0          0         68   fpclassify.o

    ----------------------------------------------------------------------
     13060        622        505         12        352       8752   Library Totals
        24          0          0          0          4          0   (incl. Padding)

    ----------------------------------------------------------------------

      Code (inc. data)   RO Data    RW Data    ZI Data      Debug   Library Name

     10148        430        505         12        348       7164   c_w.l
      2848        192          0          0          0       1520   fz_ws.l
        40          0          0          0          0         68   m_ws.l

    ----------------------------------------------------------------------
     13060        622        505         12        352       8752   Library Totals

    ----------------------------------------------------------------------

==============================================================================


      Code (inc. data)   RO Data    RW Data    ZI Data      Debug   

     22804       1994       2100        140       9940     279137   Grand Totals
     22804       1994       2100        140       9940     279137   ELF Image Totals
     22804       1994       2100        140          0          0   ROM Totals

==============================================================================

    Total RO  Size (Code + RO Data)                24904 (  24.32kB)
    Total RW  Size (RW Data + ZI Data)             10080 (   9.84kB)
    Total ROM Size (Code + RO Data + RW Data)      25044 (  24.46kB)

==============================================================================

