Component: ARM Compiler 5.06 update 7 (build 960) Tool: armlink [4d3601]

==============================================================================

Section Cross References

    main.o(i.ClockConfigure) refers to mdr32f9qx_rst_clk.o(i.RST_CLK_HSEconfig) for RST_CLK_HSEconfig
    main.o(i.ClockConfigure) refers to mdr32f9qx_rst_clk.o(i.RST_CLK_HSEstatus) for RST_CLK_HSEstatus
    main.o(i.ClockConfigure) refers to mdr32f9qx_rst_clk.o(i.RST_CLK_CPU_PLLconfig) for RST_CLK_CPU_PLLconfig
    main.o(i.ClockConfigure) refers to mdr32f9qx_rst_clk.o(i.RST_CLK_CPU_PLLcmd) for RST_CLK_CPU_PLLcmd
    main.o(i.ClockConfigure) refers to mdr32f9qx_rst_clk.o(i.RST_CLK_CPUclkPrescaler) for RST_CLK_CPUclkPrescaler
    main.o(i.ClockConfigure) refers to mdr32f9qx_rst_clk.o(i.RST_CLK_CPU_PLLuse) for RST_CLK_CPU_PLLuse
    main.o(i.ClockConfigure) refers to mdr32f9qx_rst_clk.o(i.RST_CLK_CPU_PLLstatus) for RST_CLK_CPU_PLLstatus
    main.o(i.ClockConfigure) refers to mdr32f9qx_rst_clk.o(i.RST_CLK_CPUclkSelection) for RST_CLK_CPUclkSelection
    main.o(i.ClockConfigure) refers to mdr32f9qx_rst_clk.o(i.RST_CLK_GetClocksFreq) for RST_CLK_GetClocksFreq
    main.o(i.main) refers to _printf_percent.o(.ARM.Collect$$_printf_percent$$00000000) for _printf_percent
    main.o(i.main) refers to _printf_s.o(.ARM.Collect$$_printf_percent$$00000014) for _printf_s
    main.o(i.main) refers to _printf_str.o(.text) for _printf_str
    main.o(i.main) refers to led.o(i.LEDConfig) for LEDConfig
    main.o(i.main) refers to led.o(i.BlinkLED) for BlinkLED
    main.o(i.main) refers to main.o(i.ClockConfigure) for ClockConfigure
    main.o(i.main) refers to led.o(i.LEDOn) for LEDOn
    main.o(i.main) refers to uart_app.o(i.UART1_Init) for UART1_Init
    main.o(i.main) refers to player.o(i.play_init) for play_init
    main.o(i.main) refers to adc.o(i.adc_init) for adc_init
    main.o(i.main) refers to spi.o(i.SPI_init) for SPI_init
    main.o(i.main) refers to cmdlineterminal.o(i.setCmdTbl) for setCmdTbl
    main.o(i.main) refers to noretval__2printf.o(.text) for __2printf
    main.o(i.main) refers to w25qxx.o(i.W25qxx_Init) for W25qxx_Init
    main.o(i.main) refers to sensors.o(i.ch0Init) for ch0Init
    main.o(i.main) refers to command.o(.constdata) for cmdListCnt
    main.o(i.main) refers to command.o(.constdata) for cmdList
    main.o(i.main) refers to main.o(.constdata) for .constdata
    main.o(.constdata) refers to timer.o(.data) for sys_tick_evt
    main.o(.constdata) refers to timer.o(i.event_sys_tick_evt) for event_sys_tick_evt
    main.o(.constdata) refers to timer.o(i.event_period_cycle) for event_period_cycle
    mdr32f9qx_it.o(i.DMA_IRQHandler) refers to player.o(i.DMA_IRQCallback) for DMA_IRQCallback
    mdr32f9qx_it.o(i.SysTick_Handler) refers to timer.o(i.HAL_SYSTICK_Callback) for HAL_SYSTICK_Callback
    mdr32f9qx_it.o(i.UART1_IRQHandler) refers to mdr32f9qx_uart.o(i.UART_GetITStatusMasked) for UART_GetITStatusMasked
    mdr32f9qx_it.o(i.UART1_IRQHandler) refers to mdr32f9qx_uart.o(i.UART_ClearITPendingBit) for UART_ClearITPendingBit
    mdr32f9qx_it.o(i.UART1_IRQHandler) refers to uart_app.o(i.UART1_TxCpltCallback) for UART1_TxCpltCallback
    mdr32f9qx_it.o(i.UART1_IRQHandler) refers to mdr32f9qx_uart.o(i.UART_ReceiveData) for UART_ReceiveData
    mdr32f9qx_it.o(i.UART1_IRQHandler) refers to uart_app.o(i.UART1_RxCpltCallback) for UART1_RxCpltCallback
    mdr32f9qx_it.o(i.UART1_IRQHandler) refers to uart_app.o(.data) for uart1_IT_TX_flag
    mdr32f9qx_it.o(i.UART1_IRQHandler) refers to uart_app.o(.data) for uart1_IT_RX_flag
    mdr32f9qx_it.o(i.UART2_IRQHandler) refers to mdr32f9qx_uart.o(i.UART_GetITStatusMasked) for UART_GetITStatusMasked
    mdr32f9qx_it.o(i.UART2_IRQHandler) refers to mdr32f9qx_uart.o(i.UART_ClearITPendingBit) for UART_ClearITPendingBit
    uart_app.o(i.UART1_Init) refers to mdr32f9qx_rst_clk.o(i.RST_CLK_PCLKcmd) for RST_CLK_PCLKcmd
    uart_app.o(i.UART1_Init) refers to mdr32f9qx_port.o(i.PORT_Init) for PORT_Init
    uart_app.o(i.UART1_Init) refers to mdr32f9qx_uart.o(i.UART_BRGInit) for UART_BRGInit
    uart_app.o(i.UART1_Init) refers to uart_app.o(i.NVIC_EnableIRQ) for NVIC_EnableIRQ
    uart_app.o(i.UART1_Init) refers to mdr32f9qx_uart.o(i.UART_Init) for UART_Init
    uart_app.o(i.UART1_Init) refers to mdr32f9qx_uart.o(i.UART_ITConfig) for UART_ITConfig
    uart_app.o(i.UART1_Init) refers to mdr32f9qx_uart.o(i.UART_Cmd) for UART_Cmd
    uart_app.o(i.UART1_RxCpltCallback) refers to uart_app.o(.bss) for .bss
    uart_app.o(i.UART1_RxCpltCallback) refers to uart_app.o(.data) for .data
    uart_app.o(i.UART1_TxCpltCallback) refers to uart_app.o(i.NVIC_DisableIRQ) for NVIC_DisableIRQ
    uart_app.o(i.UART1_TxCpltCallback) refers to mdr32f9qx_uart.o(i.UART_SendData) for UART_SendData
    uart_app.o(i.UART1_TxCpltCallback) refers to uart_app.o(i.NVIC_EnableIRQ) for NVIC_EnableIRQ
    uart_app.o(i.UART1_TxCpltCallback) refers to uart_app.o(.bss) for .bss
[...]
    .bss                                     0x2000008c   Section     1032  uart_app.o(.bss)
    .bss                                     0x20000494   Section       60  terminal.o(.bss)
    .bss                                     0x200004d0   Section       44  cmdlineterminal.o(.bss)
    argv                                     0x200004d0   Data          44  cmdlineterminal.o(.bss)
    .bss                                     0x200004fc   Section     1024  command.o(.bss)
    tmpBuf                                   0x200004fc   Data        1024  command.o(.bss)
    .bss                                     0x200008fc   Section      400  testmelody.o(.bss)
    .bss                                     0x20000a8c   Section     4228  player.o(.bss)
    PORT_InitStructure                       0x20000a8c   Data          12  player.o(.bss)
    sTIM_CntInit                             0x20000a98   Data          24  player.o(.bss)
    DMA_InitStr                              0x20000ab0   Data          16  player.o(.bss)
    DMA_PriCtrlStr                           0x20000ac0   Data          40  player.o(.bss)
    DMA_AltCtrlStr                           0x20000ae8   Data          40  player.o(.bss)
    audioBuf1                                0x20000b10   Data        2048  player.o(.bss)
    audioBuf2                                0x20001310   Data        2048  player.o(.bss)
    .bss                                     0x20001b10   Section       72  adc.o(.bss)
    .bss                                     0x20001b58   Section       48  sensors.o(.bss)
    .bss                                     0x20001b88   Section       48  protocol_module.o(.bss)
    .bss                                     0x20001bb8   Section       40  w25qxx.o(.bss)
    .bss                                     0x20001c00   Section     1024  mdr32f9qx_dma.o(.bss)
    .bss                                     0x20002000   Section       84  stdio_streams.o(.bss)
    .bss                                     0x20002054   Section       84  stdio_streams.o(.bss)
    .bss                                     0x200020a8   Section       84  stdio_streams.o(.bss)
    .bss                                     0x200020fc   Section       96  libspace.o(.bss)
    HEAP                                     0x20002160   Section      512  startup_mdr32f9qx.o(HEAP)
    Heap_Mem                                 0x20002160   Data         512  startup_mdr32f9qx.o(HEAP)
    STACK                                    0x20002360   Section     1024  startup_mdr32f9qx.o(STACK)
    Stack_Mem                                0x20002360   Data        1024  startup_mdr32f9qx.o(STACK)
    __initial_sp                             0x20002760   Data           0  startup_mdr32f9qx.o(STACK)

    Global Symbols

    Symbol Name                              Value     Ov Type        Size  Object(Section)

    BuildAttributes$$THM_ISAv4$P$D$K$B$S$PE$A:L22UL41UL21$X:L11$S22US41US21$IEEE1$IW$USESV6$~STKCKD$USESV7$~SHL$OTIME$ROPI$IEEEJ$EBA8$UX$STANDARDLIB$REQ8$PRES8$EABIv2 0x00000000   Number         0  anon$$obj.o ABSOLUTE
    __ARM_use_no_argv                        0x00000000   Number         0  main.o ABSOLUTE
    _printf_flags                            0x00000000   Number         0  printf_stubs.o ABSOLUTE
    _printf_return_value                     0x00000000   Number         0  printf_stubs.o ABSOLUTE
    _printf_sizespec                         0x00000000   Number         0  printf_stubs.o ABSOLUTE
    _printf_widthprec                        0x00000000   Number         0  printf_stubs.o ABSOLUTE
    __ARM_exceptions_init                     - Undefined Weak Reference
    __alloca_initialize                       - Undefined Weak Reference
    __arm_fini_                               - Undefined Weak Reference
    __arm_preinit_                            - Undefined Weak Reference
    __cpp_initialize__aeabi_                  - Undefined Weak Reference
    __cxa_finalize                            - Undefined Weak Reference
    __sigvec_lookup                           - Undefined Weak Reference
    __user_heap_extent                        - Undefined Weak Reference
    _atexit_init                              - Undefined Weak Reference
    _call_atexit_fns                          - Undefined Weak Reference
    _clock_init                               - Undefined Weak Reference
    _fp_trap_init                             - Undefined Weak Reference
    _fp_trap_shutdown                         - Undefined Weak Reference
    _get_lc_collate                           - Undefined Weak Reference
    _get_lc_monetary                          - Undefined Weak Reference
    _get_lc_time                              - Undefined Weak Reference
    _getenv_init                              - Undefined Weak Reference
    _handle_redirection                       - Undefined Weak Reference
    _mutex_acquire                            - Undefined Weak Reference
    _mutex_free                               - Undefined Weak Reference
    _mutex_release                            - Undefined Weak Reference
    _printf_mbtowc                            - Undefined Weak Reference
    _printf_truncate_signed                   - Undefined Weak Reference
    _printf_truncate_unsigned                 - Undefined Weak Reference
    _rand_init                                - Undefined Weak Reference
    _scanf_longlong                           - Undefined Weak Reference
    _scanf_mbtowc                             - Undefined Weak Reference
    _scanf_real                               - Undefined Weak Reference
    _scanf_string                             - Undefined Weak Reference
    _scanf_wctomb                             - Undefined Weak Reference
    _scanf_wstring                            - Undefined Weak Reference
    _signal_finish                            - Undefined Weak Reference
    _signal_init                              - Undefined Weak Reference
    __Vectors_Size                           0x000000c0   Number         0  startup_mdr32f9qx.o ABSOLUTE
    __Vectors                                0x08000000   Data           4  startup_mdr32f9qx.o(RESET)
    __Vectors_End                            0x080000c0   Data           0  startup_mdr32f9qx.o(RESET)
    __main                                   0x080000c1   Thumb Code     8  __main.o(!!!main)
    __scatterload                            0x080000c9   Thumb Code     0  __scatter.o(!!!scatter)
    __scatterload_rt2                        0x080000c9   Thumb Code    44  __scatter.o(!!!scatter)
    __scatterload_rt2_thumb_only             0x080000c9   Thumb Code     0  __scatter.o(!!!scatter)
    __scatterload_null                       0x080000d7   Thumb Code     0  __scatter.o(!!!scatter)
    __scatterload_copy                       0x080000fd   Thumb Code    26  __scatter_copy.o(!!handler_copy)
    __scatterload_zeroinit                   0x08000119   Thumb Code    28  __scatter_zi.o(!!handler_zi)
    _printf_d                                0x08000135   Thumb Code     0  _printf_d.o(.ARM.Collect$$_printf_percent$$00000009)
    _printf_percent                          0x08000135   Thumb Code     0  _printf_percent.o(.ARM.Collect$$_printf_percent$$00000000)
    _printf_x                                0x0800013b   Thumb Code     0  _printf_x.o(.ARM.Collect$$_printf_percent$$0000000C)
    _printf_s                                0x08000141   Thumb Code     0  _printf_s.o(.ARM.Collect$$_printf_percent$$00000014)
    _printf_percent_end                      0x08000147   Thumb Code     0  _printf_percent_end.o(.ARM.Collect$$_printf_percent$$00000017)
    __rt_lib_init                            0x0800014b   Thumb Code     0  libinit.o(.ARM.Collect$$libinit$$00000000)
    __rt_lib_init_fp_1                       0x0800014d   Thumb Code     0  libinit2.o(.ARM.Collect$$libinit$$00000002)
    __rt_lib_init_heap_2                     0x0800014d   Thumb Code     0  libinit2.o(.ARM.Collect$$libinit$$00000005)
    __rt_lib_init_preinit_1                  0x0800014d   Thumb Code     0  libinit2.o(.ARM.Collect$$libinit$$00000004)
    __rt_lib_init_heap_1                     0x08000155   Thumb Code     0  libinit2.o(.ARM.Collect$$libinit$$0000000A)
    __rt_lib_init_lc_common                  0x08000155   Thumb Code     0  libinit2.o(.ARM.Collect$$libinit$$0000000F)
    __rt_lib_init_rand_1                     0x08000155   Thumb Code     0  libinit2.o(.ARM.Collect$$libinit$$0000000E)
    __rt_lib_init_user_alloc_1               0x08000155   Thumb Code     0  libinit2.o(.ARM.Collect$$libinit$$0000000C)
    __rt_lib_init_lc_collate_1               0x0800015b   Thumb Code     0  libinit2.o(.ARM.Collect$$libinit$$00000011)
    __rt_lib_init_lc_ctype_2                 0x0800015b   Thumb Code     0  libinit2.o(.ARM.Collect$$libinit$$00000012)
    __rt_lib_init_atexit_1                   0x08000167   Thumb Code     0  libinit2.o(.ARM.Collect$$libinit$$0000001B)
    __rt_lib_init_clock_1                    0x08000167   Thumb Code     0  libinit2.o(.ARM.Collect$$libinit$$00000021)
    __rt_lib_init_fp_trap_1                  0x08000167   Thumb Code     0  libinit2.o(.ARM.Collect$$libinit$$0000001F)
    __rt_lib_init_getenv_1                   0x08000167   Thumb Code     0  libinit2.o(.ARM.Collect$$libinit$$00000023)
    __rt_lib_init_lc_ctype_1                 0x08000167   Thumb Code     0  libinit2.o(.ARM.Collect$$libinit$$00000013)
    __rt_lib_init_lc_monetary_1              0x08000167   Thumb Code     0  libinit2.o(.ARM.Collect$$libinit$$00000015)
    __rt_lib_init_lc_numeric_1               0x08000167   Thumb Code     0  libinit2.o(.ARM.Collect$$libinit$$00000017)
    __rt_lib_init_lc_time_1                  0x08000167   Thumb Code     0  libinit2.o(.ARM.Collect$$libinit$$00000019)
    __rt_lib_init_signal_1                   0x08000167   Thumb Code     0  libinit2.o(.ARM.Collect$$libinit$$0000001D)
    __rt_lib_init_stdio_2                    0x08000167   Thumb Code     0  libinit2.o(.ARM.Collect$$libinit$$00000024)
    __rt_lib_init_alloca_1                   0x0800016b   Thumb Code     0  libinit2.o(.ARM.Collect$$libinit$$0000002E)
    __rt_lib_init_argv_1                     0x0800016b   Thumb Code     0  libinit2.o(.ARM.Collect$$libinit$$0000002C)
    __rt_lib_init_cpp_1                      0x0800016b   Thumb Code     0  libinit2.o(.ARM.Collect$$libinit$$00000032)
    __rt_lib_init_exceptions_1               0x0800016b   Thumb Code     0  libinit2.o(.ARM.Collect$$libinit$$00000030)
    __rt_lib_init_return                     0x0800016b   Thumb Code     0  libinit2.o(.ARM.Collect$$libinit$$00000033)
    __rt_lib_init_stdio_1                    0x0800016b   Thumb Code     0  libinit2.o(.ARM.Collect$$libinit$$00000025)
    __rt_lib_shutdown                        0x0800016d   Thumb Code     0  libshutdown.o(.ARM.Collect$$libshutdown$$00000000)
    __rt_lib_shutdown_cpp_1                  0x0800016f   Thumb Code     0  libshutdown2.o(.ARM.Collect$$libshutdown$$00000004)
    __rt_lib_shutdown_fini_1                 0x0800016f   Thumb Code     0  libshutdown2.o(.ARM.Collect$$libshutdown$$00000002)
    __rt_lib_shutdown_stdio_2                0x0800016f   Thumb Code     0  libshutdown2.o(.ARM.Collect$$libshutdown$$00000005)
    __rt_lib_shutdown_fp_trap_1              0x08000173   Thumb Code     0  libshutdown2.o(.ARM.Collect$$libshutdown$$00000009)
    __rt_lib_shutdown_heap_1                 0x08000173   Thumb Code     0  libshutdown2.o(.ARM.Collect$$libshutdown$$00000011)
    __rt_lib_shutdown_return                 0x08000173   Thumb Code     0  libshutdown2.o(.ARM.Collect$$libshutdown$$00000012)
    __rt_lib_shutdown_signal_1               0x08000173   Thumb Code     0  libshutdown2.o(.ARM.Collect$$libshutdown$$0000000C)
    __rt_lib_shutdown_stdio_1                0x08000173   Thumb Code     0  libshutdown2.o(.ARM.Collect$$libshutdown$$00000006)
    __rt_lib_shutdown_user_alloc_1           0x08000173   Thumb Code     0  libshutdown2.o(.ARM.Collect$$libshutdown$$0000000E)
    __rt_entry                               0x08000175   Thumb Code     0  __rtentry.o(.ARM.Collect$$rtentry$$00000000)
    __rt_entry_presh_1                       0x08000175   Thumb Code     0  __rtentry2.o(.ARM.Collect$$rtentry$$00000002)
    __rt_entry_sh                            0x08000175   Thumb Code     0  __rtentry4.o(.ARM.Collect$$rtentry$$00000004)
    __rt_entry_li                            0x0800017b   Thumb Code     0  __rtentry2.o(.ARM.Collect$$rtentry$$0000000A)
    __rt_entry_postsh_1                      0x0800017b   Thumb Code     0  __rtentry2.o(.ARM.Collect$$rtentry$$00000009)
    __rt_entry_main                          0x0800017f   Thumb Code     0  __rtentry2.o(.ARM.Collect$$rtentry$$0000000D)
    __rt_entry_postli_1                      0x0800017f   Thumb Code     0  __rtentry2.o(.ARM.Collect$$rtentry$$0000000C)
    __rt_exit                                0x08000187   Thumb Code     0  rtexit.o(.ARM.Collect$$rtexit$$00000000)
    __rt_exit_ls                             0x08000189   Thumb Code     0  rtexit2.o(.ARM.Collect$$rtexit$$00000003)
    __rt_exit_prels_1                        0x08000189   Thumb Code     0  rtexit2.o(.ARM.Collect$$rtexit$$00000002)
    __rt_exit_exit                           0x0800018d   Thumb Code     0  rtexit2.o(.ARM.Collect$$rtexit$$00000004)
    Reset_Handler                            0x08000195   Thumb Code     8  startup_mdr32f9qx.o(.text)
    _maybe_terminate_alloc                   0x08000195   Thumb Code     0  maybetermalloc1.o(.emb_text)
    __user_initial_stackheap                 0x080001b1   Thumb Code     0  startup_mdr32f9qx.o(.text)
    __2printf                                0x080001d5   Thumb Code    20  noretval__2printf.o(.text)
    __2fprintf                               0x080001ed   Thumb Code    20  noretval__2fprintf.o(.text)
    _printf_pre_padding                      0x08000201   Thumb Code    44  _printf_pad.o(.text)
    _printf_post_padding                     0x0800022d   Thumb Code    34  _printf_pad.o(.text)
    _printf_str                              0x0800024f   Thumb Code    82  _printf_str.o(.text)
    _printf_int_dec                          0x080002a1   Thumb Code   104  _printf_dec.o(.text)
    _printf_int_hex                          0x08000319   Thumb Code    84  _printf_hex_int.o(.text)
    _printf_longlong_hex                     0x08000319   Thumb Code     0  _printf_hex_int.o(.text)
    __printf                                 0x08000371   Thumb Code   308  __printf_flags_wp.o(.text)
    __0sscanf                                0x080004a9   Thumb Code    52  __0sscanf.o(.text)
    _scanf_int                               0x080004e5   Thumb Code   332  _scanf_int.o(.text)
    clearerr                                 0x08000631   Thumb Code    12  clearerr.o(.text)
    getc                                     0x0800063d   Thumb Code     4  getc.o(.text)
    _strtok_r                                0x08000641   Thumb Code     4  strtok_r.o(.text)
    strtok_r                                 0x08000641   Thumb Code     0  strtok_r.o(.text)
    strstr                                   0x08000645   Thumb Code    36  strstr.o(.text)
    strlen                                   0x08000669   Thumb Code    62  strlen.o(.text)
    strncmp                                  0x080006a7   Thumb Code   150  strncmp.o(.text)
    strcmp                                   0x0800073d   Thumb Code   128  strcmpv7m.o(.text)
    __use_two_region_memory                  0x080007bd   Thumb Code     2  heapauxi.o(.text)
    __rt_heap_escrow                         0x080007bf   Thumb Code     2  heapauxi.o(.text)
    __rt_heap_expand                         0x080007c1   Thumb Code     2  heapauxi.o(.text)
    _printf_int_common                       0x080007c3   Thumb Code   178  _printf_intcommon.o(.text)
    _printf_cs_common                        0x08000875   Thumb Code    20  _printf_char.o(.text)
    _printf_char                             0x08000889   Thumb Code    16  _printf_char.o(.text)
    _printf_string                           0x08000899   Thumb Code     8  _printf_char.o(.text)
    _printf_char_file                        0x080008a1   Thumb Code    32  _printf_char_file.o(.text)
    _chval                                   0x080008c5   Thumb Code    28  _chval.o(.text)
    __vfscanf_char                           0x080008ed   Thumb Code    24  scanf_char.o(.text)
    _sgetc                                   0x0800090d   Thumb Code    30  _sgetc.o(.text)
    _sbackspace                              0x0800092b   Thumb Code    34  _sgetc.o(.text)
    __flsbuf                                 0x0800094d   Thumb Code   470  flsbuf.o(.text)
    __flsbuf_byte                            0x0800094d   Thumb Code     0  flsbuf.o(.text)
    __flsbuf_wide                            0x0800094d   Thumb Code     0  flsbuf.o(.text)
    _initio                                  0x08000b25   Thumb Code   210  initio.o(.text)
    _terminateio                             0x08000bf7   Thumb Code    56  initio.o(.text)
    __strtok_internal                        0x08000c5d   Thumb Code    64  strtok_int.o(.text)
    __rt_locale                              0x08000ca1   Thumb Code     8  rt_locale_intlibspace.o(.text)
    malloc                                   0x08000ca9   Thumb Code    94  h1_alloc.o(.text)
    free                                     0x08000d07   Thumb Code    78  h1_free.o(.text)
    isspace                                  0x08000d55   Thumb Code    18  isspace.o(.text)
    _printf_char_common                      0x08000d73   Thumb Code    32  _printf_char_common.o(.text)
    __vfscanf                                0x08000d99   Thumb Code   880  _scanf.o(.text)
    ferror                                   0x0800110d   Thumb Code     8  ferror.o(.text)
    _readbuf                                 0x08001115   Thumb Code    54  filbuf.o(.text)
    _seteof                                  0x0800114b   Thumb Code    40  filbuf.o(.text)
    __filbuf                                 0x08001173   Thumb Code   476  filbuf.o(.text)
    __filbuf_byte                            0x08001173   Thumb Code     0  filbuf.o(.text)
    __filbuf_wide                            0x08001173   Thumb Code     0  filbuf.o(.text)
    setvbuf                                  0x0800134f   Thumb Code    70  setvbuf.o(.text)
    _seterr                                  0x08001395   Thumb Code    20  stdio.o(.text)
    _writebuf                                0x080013a9   Thumb Code    84  stdio.o(.text)
    _fflush                                  0x080013fd   Thumb Code    70  stdio.o(.text)
    _deferredlazyseek                        0x08001443   Thumb Code    60  stdio.o(.text)
    freopen                                  0x08001485   Thumb Code   158  fopen.o(.text)
    fopen                                    0x08001523   Thumb Code    74  fopen.o(.text)
    _fclose_internal                         0x08001571   Thumb Code    76  fclose.o(.text)
    fclose                                   0x08001571   Thumb Code     0  fclose.o(.text)
    __rt_SIGRTRED                            0x080015bd   Thumb Code    14  defsig_rtred_outer.o(.text)
    strcspn                                  0x080015cb   Thumb Code    32  strcspn.o(.text)
    strspn                                   0x080015eb   Thumb Code    28  strspn.o(.text)
    __aeabi_memclr4                          0x08001607   Thumb Code     0  rt_memclr_w.o(.text)
    __aeabi_memclr8                          0x08001607   Thumb Code     0  rt_memclr_w.o(.text)
    __rt_memclr_w                            0x08001607   Thumb Code    78  rt_memclr_w.o(.text)
    _memset_w                                0x0800160b   Thumb Code     0  rt_memclr_w.o(.text)
    __user_libspace                          0x08001655   Thumb Code     8  libspace.o(.text)
    __user_perproc_libspace                  0x08001655   Thumb Code     0  libspace.o(.text)
    __user_perthread_libspace                0x08001655   Thumb Code     0  libspace.o(.text)
    __user_setup_stackheap                   0x0800165d   Thumb Code    74  sys_stackheap_outer.o(.text)
    __rt_ctype_table                         0x080016a9   Thumb Code    16  rt_ctype_table.o(.text)
    __rt_heap_descriptor                     0x080016b9   Thumb Code     8  rt_heap_descriptor_intlibspace.o(.text)
    __use_no_heap                            0x080016c1   Thumb Code     2  hguard.o(.text)
    __heap$guard                             0x080016c3   Thumb Code     2  hguard.o(.text)
    _terminate_user_alloc                    0x080016c5   Thumb Code     2  init_alloc.o(.text)
    _init_user_alloc                         0x080016c7   Thumb Code     2  init_alloc.o(.text)
    __Heap_Full                              0x080016c9   Thumb Code    34  init_alloc.o(.text)
    __Heap_Broken                            0x080016eb   Thumb Code     6  init_alloc.o(.text)
    _init_alloc                              0x080016f1   Thumb Code    94  init_alloc.o(.text)
    __Heap_Initialize                        0x0800174f   Thumb Code    10  h1_init.o(.text)
    __Heap_DescSize                          0x08001759   Thumb Code     4  h1_init.o(.text)
    _do_fflush                               0x0800175d   Thumb Code    54  fflush.o(.text)
    fflush                                   0x08001793   Thumb Code    42  fflush.o(.text)
    _fseek                                   0x080017c1   Thumb Code   242  fseek.o(.text)
    fseek                                    0x080017c1   Thumb Code     0  fseek.o(.text)
    _flushlinebuffered                       0x080018b9   Thumb Code    50  flushlinebuffered.o(.text)
    exit                                     0x080018f1   Thumb Code    18  exit.o(.text)
    __sig_exit                               0x08001903   Thumb Code    10  defsig_exit.o(.text)
    __rt_SIGRTRED_inner                      0x0800190d   Thumb Code    14  defsig_rtred_inner.o(.text)
    _sys_exit                                0x08001941   Thumb Code     8  sys_exit.o(.text)
    __Heap_ProvideMemory                     0x0800194d   Thumb Code    52  h1_extend.o(.text)
    _ftell_internal                          0x08001981   Thumb Code    66  ftell.o(.text)
    ftell                                    0x08001981   Thumb Code     0  ftell.o(.text)
    __default_signal_display                 0x080019c3   Thumb Code    50  defsig_general.o(.text)
    __rt_SIGRTMEM                            0x080019f5   Thumb Code    14  defsig_rtmem_outer.o(.text)
    _ttywrch                                 0x08001a03   Thumb Code    14  sys_wrch.o(.text)
    __I$use$semihosting                      0x08001a11   Thumb Code     0  use_no_semi.o(.text)
    __use_no_semihosting_swi                 0x08001a11   Thumb Code     2  use_no_semi.o(.text)
    __semihosting_library_function           0x08001a13   Thumb Code     0  indicate_semi.o(.text)
    __aeabi_errno_addr                       0x08001a15   Thumb Code     8  rt_errno_addr_intlibspace.o(.text)
    __errno$intlibspace                      0x08001a15   Thumb Code     0  rt_errno_addr_intlibspace.o(.text)
    __rt_errno_addr$intlibspace              0x08001a15   Thumb Code     0  rt_errno_addr_intlibspace.o(.text)
    __rt_SIGRTMEM_inner                      0x08001a1d   Thumb Code    22  defsig_rtmem_inner.o(.text)
    ADC1_Cmd                                 0x08001a6d   Thumb Code    20  mdr32f9qx_adc.o(i.ADC1_Cmd)
    ADC1_ITConfig                            0x08001a85   Thumb Code    20  mdr32f9qx_adc.o(i.ADC1_ITConfig)
    ADC1_Init                                0x08001a9d   Thumb Code    78  mdr32f9qx_adc.o(i.ADC1_Init)
    ADC_DeInit                               0x08001af5   Thumb Code    30  mdr32f9qx_adc.o(i.ADC_DeInit)
    ADC_IRQHandler                           0x08001b19   Thumb Code     2  mdr32f9qx_it.o(i.ADC_IRQHandler)
    ADC_Init                                 0x08001b1d   Thumb Code    44  mdr32f9qx_adc.o(i.ADC_Init)
    ADC_StructInit                           0x08001b51   Thumb Code    18  mdr32f9qx_adc.o(i.ADC_StructInit)
    ADCx_StructInit                          0x08001b63   Thumb Code    28  mdr32f9qx_adc.o(i.ADCx_StructInit)
    BACKUP_IRQHandler                        0x08001b7f   Thumb Code     2  mdr32f9qx_it.o(i.BACKUP_IRQHandler)
    BlinkLED                                 0x08001b81   Thumb Code    48  led.o(i.BlinkLED)
    BusFault_Handler                         0x08001bb1   Thumb Code     2  mdr32f9qx_it.o(i.BusFault_Handler)
    CAN1_IRQHandler                          0x08001bb3   Thumb Code     2  mdr32f9qx_it.o(i.CAN1_IRQHandler)
    CAN2_IRQHandler                          0x08001bb5   Thumb Code     2  mdr32f9qx_it.o(i.CAN2_IRQHandler)
    COMPARATOR_IRQHandler                    0x08001bb7   Thumb Code     2  mdr32f9qx_it.o(i.COMPARATOR_IRQHandler)
    DAC2_Cmd                                 0x08001c31   Thumb Code    20  mdr32f9qx_dac.o(i.DAC2_Cmd)
    DAC2_Init                                0x08001c49   Thumb Code    14  mdr32f9qx_dac.o(i.DAC2_Init)
    DMA_Cmd                                  0x08001c5d   Thumb Code    18  mdr32f9qx_dma.o(i.DMA_Cmd)
    DMA_CtrlDataInit                         0x08001c75   Thumb Code   104  mdr32f9qx_dma.o(i.DMA_CtrlDataInit)
    DMA_CtrlInit                             0x08001cdd   Thumb Code    20  mdr32f9qx_dma.o(i.DMA_CtrlInit)
    DMA_DeInit                               0x08001cf9   Thumb Code    28  mdr32f9qx_dma.o(i.DMA_DeInit)
    DMA_GetFlagStatus                        0x08001d19   Thumb Code    76  mdr32f9qx_dma.o(i.DMA_GetFlagStatus)
    DMA_IRQCallback                          0x08001d69   Thumb Code   106  player.o(i.DMA_IRQCallback)
    DMA_IRQHandler                           0x08001ddd   Thumb Code     4  mdr32f9qx_it.o(i.DMA_IRQHandler)
    DMA_Init                                 0x08001de1   Thumb Code    90  mdr32f9qx_dma.o(i.DMA_Init)
    DMA_StructInit                           0x08001e45   Thumb Code    16  mdr32f9qx_dma.o(i.DMA_StructInit)
    DebugMon_Handler                         0x08001e55   Thumb Code     2  mdr32f9qx_it.o(i.DebugMon_Handler)
    EXT_INT1_IRQHandler                      0x08001e67   Thumb Code     2  mdr32f9qx_it.o(i.EXT_INT1_IRQHandler)
    EXT_INT2_IRQHandler                      0x08001e69   Thumb Code     2  mdr32f9qx_it.o(i.EXT_INT2_IRQHandler)
    EXT_INT3_IRQHandler                      0x08001e6b   Thumb Code     2  mdr32f9qx_it.o(i.EXT_INT3_IRQHandler)
    EXT_INT4_IRQHandler                      0x08001e6d   Thumb Code     2  mdr32f9qx_it.o(i.EXT_INT4_IRQHandler)
    HAL_GetTick                              0x08001e71   Thumb Code     6  timer.o(i.HAL_GetTick)
    HAL_SPI_Receive                          0x08001e7d   Thumb Code   102  spi.o(i.HAL_SPI_Receive)
    HAL_SPI_TransmitReceive                  0x08001ee3   Thumb Code   106  spi.o(i.HAL_SPI_TransmitReceive)
    HAL_SYSTICK_Callback                     0x08001f4d   Thumb Code    54  timer.o(i.HAL_SYSTICK_Callback)
    HardFault_Handler                        0x08001fad   Thumb Code     2  mdr32f9qx_it.o(i.HardFault_Handler)
    I2C_IRQHandler                           0x08001faf   Thumb Code     2  mdr32f9qx_it.o(i.I2C_IRQHandler)
    LEDConfig                                0x08001fb1   Thumb Code    46  led.o(i.LEDConfig)
    LEDOff                                   0x08001fe5   Thumb Code     8  led.o(i.LEDOff)
    LEDOn                                    0x08001ff1   Thumb Code     8  led.o(i.LEDOn)
    MemManage_Handler                        0x08001ffd   Thumb Code     2  mdr32f9qx_it.o(i.MemManage_Handler)
    NMI_Handler                              0x08001fff   Thumb Code     2  mdr32f9qx_it.o(i.NMI_Handler)
    PORT_Init                                0x08002045   Thumb Code   356  mdr32f9qx_port.o(i.PORT_Init)
    PORT_ResetBits                           0x080021ad   Thumb Code    22  mdr32f9qx_port.o(i.PORT_ResetBits)
    PORT_SetBits                             0x080021c9   Thumb Code    22  mdr32f9qx_port.o(i.PORT_SetBits)
    POWER_IRQHandler                         0x080021e5   Thumb Code     2  mdr32f9qx_it.o(i.POWER_IRQHandler)
    PendSV_Handler                           0x080021e7   Thumb Code     2  mdr32f9qx_it.o(i.PendSV_Handler)
    RST_CLK_CPU_PLLcmd                       0x080021e9   Thumb Code     8  mdr32f9qx_rst_clk.o(i.RST_CLK_CPU_PLLcmd)
    RST_CLK_CPU_PLLconfig                    0x080021f5   Thumb Code    46  mdr32f9qx_rst_clk.o(i.RST_CLK_CPU_PLLconfig)
    RST_CLK_CPU_PLLstatus                    0x0800222d   Thumb Code    44  mdr32f9qx_rst_clk.o(i.RST_CLK_CPU_PLLstatus)
    RST_CLK_CPU_PLLuse                       0x08002259   Thumb Code     8  mdr32f9qx_rst_clk.o(i.RST_CLK_CPU_PLLuse)
    RST_CLK_CPUclkPrescaler                  0x08002265   Thumb Code    16  mdr32f9qx_rst_clk.o(i.RST_CLK_CPUclkPrescaler)
    RST_CLK_CPUclkSelection                  0x08002279   Thumb Code    14  mdr32f9qx_rst_clk.o(i.RST_CLK_CPUclkSelection)
    RST_CLK_GetClocksFreq                    0x0800228d   Thumb Code   342  mdr32f9qx_rst_clk.o(i.RST_CLK_GetClocksFreq)
    RST_CLK_GetFlagStatus                    0x080023ed   Thumb Code    34  mdr32f9qx_rst_clk.o(i.RST_CLK_GetFlagStatus)
    RST_CLK_HSEconfig                        0x08002419   Thumb Code    36  mdr32f9qx_rst_clk.o(i.RST_CLK_HSEconfig)
    RST_CLK_HSEstatus                        0x08002441   Thumb Code    44  mdr32f9qx_rst_clk.o(i.RST_CLK_HSEstatus)
    RST_CLK_PCLKcmd                          0x0800246d   Thumb Code    18  mdr32f9qx_rst_clk.o(i.RST_CLK_PCLKcmd)
    SPI_init                                 0x08002485   Thumb Code   226  spi.o(i.SPI_init)
    SSP1_IRQHandler                          0x08002575   Thumb Code     2  mdr32f9qx_it.o(i.SSP1_IRQHandler)
    SSP2_IRQHandler                          0x08002577   Thumb Code     2  mdr32f9qx_it.o(i.SSP2_IRQHandler)
    SSP_BRGInit                              0x08002579   Thumb Code    46  mdr32f9qx_ssp.o(i.SSP_BRGInit)
    SSP_Cmd                                  0x080025b5   Thumb Code    22  mdr32f9qx_ssp.o(i.SSP_Cmd)
    SSP_DeInit                               0x080025cb   Thumb Code    18  mdr32f9qx_ssp.o(i.SSP_DeInit)
    SSP_GetFlagStatus                        0x080025dd   Thumb Code    10  mdr32f9qx_ssp.o(i.SSP_GetFlagStatus)
    SSP_Init                                 0x080025e7   Thumb Code    38  mdr32f9qx_ssp.o(i.SSP_Init)
    SSP_ReceiveData                          0x0800260d   Thumb Code     6  mdr32f9qx_ssp.o(i.SSP_ReceiveData)
    SSP_SendData                             0x08002613   Thumb Code     4  mdr32f9qx_ssp.o(i.SSP_SendData)
    SSP_StructInit                           0x08002617   Thumb Code    24  mdr32f9qx_ssp.o(i.SSP_StructInit)
    SVC_Handler                              0x0800262f   Thumb Code     2  mdr32f9qx_it.o(i.SVC_Handler)
    SysTick_Handler                          0x08002631   Thumb Code     4  mdr32f9qx_it.o(i.SysTick_Handler)
    SystemCoreClockUpdate                    0x08002635   Thumb Code    84  system_mdr32f9qx.o(i.SystemCoreClockUpdate)
    SystemInit                               0x08002695   Thumb Code    32  system_mdr32f9qx.o(i.SystemInit)
    TIMER_BRGInit                            0x080026bd   Thumb Code    66  mdr32f9qx_timer.o(i.TIMER_BRGInit)
    TIMER_Cmd                                0x08002711   Thumb Code    18  mdr32f9qx_timer.o(i.TIMER_Cmd)
    TIMER_CntInit                            0x08002723   Thumb Code    54  mdr32f9qx_timer.o(i.TIMER_CntInit)
    TIMER_DMACmd                             0x08002759   Thumb Code    14  mdr32f9qx_timer.o(i.TIMER_DMACmd)
    TIMER_DeInit                             0x08002767   Thumb Code    68  mdr32f9qx_timer.o(i.TIMER_DeInit)
    TRML_putc                                0x080027ad   Thumb Code    26  terminal.o(i.TRML_putc)
    TRML_strComplete                         0x080027d1   Thumb Code    28  terminal.o(i.TRML_strComplete)
    Timer1_IRQHandler                        0x080027f5   Thumb Code     2  mdr32f9qx_it.o(i.Timer1_IRQHandler)
    Timer2_IRQHandler                        0x080027f7   Thumb Code     2  mdr32f9qx_it.o(i.Timer2_IRQHandler)
    Timer3_IRQHandler                        0x080027f9   Thumb Code     2  mdr32f9qx_it.o(i.Timer3_IRQHandler)
    UART1_IRQHandler                         0x080027fd   Thumb Code    74  mdr32f9qx_it.o(i.UART1_IRQHandler)
    UART1_Init                               0x08002855   Thumb Code   168  uart_app.o(i.UART1_Init)
    UART1_RxCpltCallback                     0x08002905   Thumb Code    56  uart_app.o(i.UART1_RxCpltCallback)
    UART1_TxCpltCallback                     0x08002949   Thumb Code    66  uart_app.o(i.UART1_TxCpltCallback)
    UART2_IRQHandler                         0x08002995   Thumb Code    30  mdr32f9qx_it.o(i.UART2_IRQHandler)
    UART_BRGInit                             0x080029b9   Thumb Code    46  mdr32f9qx_uart.o(i.UART_BRGInit)
    UART_ClearITPendingBit                   0x080029f5   Thumb Code     8  mdr32f9qx_uart.o(i.UART_ClearITPendingBit)
    UART_Cmd                                 0x080029fd   Thumb Code    22  mdr32f9qx_uart.o(i.UART_Cmd)
    UART_GetFlagStatus                       0x08002a13   Thumb Code    10  mdr32f9qx_uart.o(i.UART_GetFlagStatus)
    UART_GetITStatusMasked                   0x08002a1d   Thumb Code    10  mdr32f9qx_uart.o(i.UART_GetITStatusMasked)
    UART_ITConfig                            0x08002a27   Thumb Code    16  mdr32f9qx_uart.o(i.UART_ITConfig)
    UART_Init                                0x08002a39   Thumb Code   134  mdr32f9qx_uart.o(i.UART_Init)
    UART_ReceiveData                         0x08002acd   Thumb Code     6  mdr32f9qx_uart.o(i.UART_ReceiveData)
    UART_SendData                            0x08002ad3   Thumb Code     6  mdr32f9qx_uart.o(i.UART_SendData)
    USB_IRQHandler                           0x08002ad9   Thumb Code     2  mdr32f9qx_it.o(i.USB_IRQHandler)
    UsageFault_Handler                       0x08002adb   Thumb Code     2  mdr32f9qx_it.o(i.UsageFault_Handler)
    W25qxx_EraseSector                       0x08002add   Thumb Code   102  w25qxx.o(i.W25qxx_EraseSector)
    W25qxx_Init                              0x08002b4d   Thumb Code   214  w25qxx.o(i.W25qxx_Init)
    W25qxx_ReadBytes                         0x08002c2d   Thumb Code   114  w25qxx.o(i.W25qxx_ReadBytes)
    W25qxx_ReadID                            0x08002cad   Thumb Code    64  w25qxx.o(i.W25qxx_ReadID)
    W25qxx_ReadStatusRegister                0x08002cf1   Thumb Code    94  w25qxx.o(i.W25qxx_ReadStatusRegister)
    W25qxx_ReadUniqID                        0x08002d59   Thumb Code    68  w25qxx.o(i.W25qxx_ReadUniqID)
    W25qxx_Spi                               0x08002da5   Thumb Code    26  w25qxx.o(i.W25qxx_Spi)
    W25qxx_WaitForWriteEnd                   0x08002dc5   Thumb Code    46  w25qxx.o(i.W25qxx_WaitForWriteEnd)
    W25qxx_WriteByte                         0x08002dfd   Thumb Code   110  w25qxx.o(i.W25qxx_WriteByte)
    W25qxx_WriteEnable                       0x08002e75   Thumb Code    30  w25qxx.o(i.W25qxx_WriteEnable)
    WWDG_IRQHandler                          0x08002e99   Thumb Code     2  mdr32f9qx_it.o(i.WWDG_IRQHandler)
    _is_digit                                0x08002e9b   Thumb Code    14  __printf_wp.o(i._is_digit)
    _sys_close                               0x08002ea9   Thumb Code    24  retarget_io.o(i._sys_close)
    _sys_flen                                0x08002ec1   Thumb Code    12  retarget_io.o(i._sys_flen)
    _sys_istty                               0x08002ecd   Thumb Code    24  retarget_io.o(i._sys_istty)
    _sys_open                                0x08002ee5   Thumb Code    68  retarget_io.o(i._sys_open)
    _sys_read                                0x08002f41   Thumb Code    38  retarget_io.o(i._sys_read)
    _sys_seek                                0x08002f67   Thumb Code     6  retarget_io.o(i._sys_seek)
    _sys_write                               0x08002f6d   Thumb Code    46  retarget_io.o(i._sys_write)
    adc_init                                 0x08002f9d   Thumb Code   118  adc.o(i.adc_init)
    ch0Init                                  0x0800301d   Thumb Code    42  sensors.o(i.ch0Init)
    chLpfReset                               0x08003055   Thumb Code     8  channel.o(i.chLpfReset)
    chSetCalibr                              0x0800305d   Thumb Code    12  channel.o(i.chSetCalibr)
    chSetLPF                                 0x08003069   Thumb Code     4  channel.o(i.chSetLPF)
    chSetSimulType                           0x0800306d   Thumb Code    20  channel.o(i.chSetSimulType)
    checkStringParam                         0x08003081   Thumb Code    36  cmdlineterminal.o(i.checkStringParam)
    cmdLine                                  0x080030b1   Thumb Code    64  cmdlineterminal.o(i.cmdLine)
    cmd_dac                                  0x08003115   Thumb Code    84  command.o(i.cmd_dac)
    cmd_debug                                0x08003179   Thumb Code    66  command.o(i.cmd_debug)
    cmd_help                                 0x080031e1   Thumb Code    12  command.o(i.cmd_help)
    cmd_name                                 0x080031ed   Thumb Code    18  command.o(i.cmd_name)
    cmd_status                               0x0800322d   Thumb Code     4  command.o(i.cmd_status)
    cmd_w25q                                 0x08003231   Thumb Code   438  command.o(i.cmd_w25q)
    command_interpritation                   0x0800344d   Thumb Code   102  protocol_module.o(i.command_interpritation)
    decodeCmdAndRun                          0x080034cd   Thumb Code    72  cmdlineterminal.o(i.decodeCmdAndRun)
    deleteTokens                             0x0800351d   Thumb Code    38  cmdlineterminal.o(i.deleteTokens)
    dmaReqProcessing                         0x08003599   Thumb Code    46  player.o(i.dmaReqProcessing)
    event_period_cycle                       0x080035cd   Thumb Code     8  timer.o(i.event_period_cycle)
    event_sys_tick_evt                       0x080035d9   Thumb Code    50  timer.o(i.event_sys_tick_evt)
    fgetc                                    0x08003619   Thumb Code    24  fgetc.o(i.fgetc)
    findHandler                              0x08003631   Thumb Code    60  cmdlineterminal.o(i.findHandler)
    fputc                                    0x08003671   Thumb Code    26  fputc.o(i.fputc)
    get_byte                                 0x0800368d   Thumb Code    58  protocol_module.o(i.get_byte)
    init_audio_dictionaty                    0x080036d1   Thumb Code    72  testmelody.o(i.init_audio_dictionaty)
    ltrim                                    0x08003721   Thumb Code    12  tools.o(i.ltrim)
    main                                     0x0800372d   Thumb Code   120  main.o(i.main)
    parseCmdStr                              0x080037e1   Thumb Code    86  cmdlineterminal.o(i.parseCmdStr)
    play_init                                0x08003849   Thumb Code    64  player.o(i.play_init)
    play_nextBlockCallback                   0x08003899   Thumb Code   166  testmelody.o(i.play_nextBlockCallback)
    play_start                               0x08003949   Thumb Code   270  player.o(i.play_start)
    play_stop                                0x08003a69   Thumb Code     4  player.o(i.play_stop)
    printHelpCmd                             0x08003a6d   Thumb Code    58  cmdlineterminal.o(i.printHelpCmd)
    read_4_byte                              0x08003ac5   Thumb Code    16  testmelody.o(i.read_4_byte)
    setCmdTbl                                0x08003ad5   Thumb Code     8  cmdlineterminal.o(i.setCmdTbl)
    stdin_getchar                            0x08003ae1   Thumb Code    64  uart_app.o(i.stdin_getchar)
    stdout_putchar                           0x08003b25   Thumb Code   102  uart_app.o(i.stdout_putchar)
    strupr1251                               0x08003b99   Thumb Code    46  tools.o(i.strupr1251)
    terminal_rx                              0x08003bc7   Thumb Code   298  terminal.o(i.terminal_rx)
    testAudioStart                           0x08003cf1   Thumb Code    82  testmelody.o(i.testAudioStart)
    testAudioStop                            0x08003d4d   Thumb Code    10  testmelody.o(i.testAudioStop)
    waitUart1TxComplete                      0x08003d5d   Thumb Code    16  uart_app.o(i.waitUart1TxComplete)
    waitUartTxEnd                            0x08003d71   Thumb Code    12  uart_app.o(i.waitUartTxEnd)
    _get_lc_ctype                            0x08003d81   Thumb Code    44  lc_ctype_c.o(locale$$code)
    cmdList                                  0x08003dbc   Data        1296  command.o(.constdata)
    cmdListCnt                               0x080042cc   Data           1  command.o(.constdata)
    __stdin_name                             0x080042e0   Data           7  retarget_io.o(.constdata)
    __stdout_name                            0x080042e7   Data           8  retarget_io.o(.constdata)
    __stderr_name                            0x080042ef   Data           8  retarget_io.o(.constdata)
    Region$$Table$$Base                      0x08004330   Number         0  anon$$obj.o(Region$$Table)
    Region$$Table$$Limit                     0x08004350   Number         0  anon$$obj.o(Region$$Table)
    __ctype                                  0x0800435d   Data           0  lc_ctype_c.o(locale$$data)
    debugLevel                               0x20000000   Data           1  main.o(.data)
    uart1_IT_TX_flag                         0x20000004   Data           4  uart_app.o(.data)
    uart1_IT_RX_flag                         0x20000008   Data           4  uart_app.o(.data)
    sys_tick_evt                             0x20000010   Data           1  timer.o(.data)
    period_cycle                             0x20000011   Data           1  timer.o(.data)
    check_sensor_0                           0x20000012   Data           1  timer.o(.data)
    check_sensor_1                           0x20000013   Data           1  timer.o(.data)
    check_sensor_2                           0x20000014   Data           1  timer.o(.data)
    nxt_WORD_FL                              0x20000050   Data           1  testmelody.o(.data)
    word_num                                 0x20000051   Data           1  testmelody.o(.data)
    num_word_dictionary                      0x20000052   Data           1  testmelody.o(.data)
    now_w                                    0x20000058   Data           4  testmelody.o(.data)
    global_num                               0x20000060   Data           4  testmelody.o(.data)
    global_counter                           0x20000064   Data           4  testmelody.o(.data)
    flag1                                    0x2000006c   Data           1  protocol_module.o(.data)
    flag2                                    0x2000006d   Data           1  protocol_module.o(.data)
    iterator                                 0x20000070   Data           4  protocol_module.o(.data)
    command                                  0x20000074   Data           8  protocol_module.o(.data)
    SystemCoreClock                          0x2000007c   Data           4  system_mdr32f9qx.o(.data)
    __aeabi_stdin                            0x20000080   Data           4  stdio_streams.o(.data)
    __aeabi_stdout                           0x20000084   Data           4  stdio_streams.o(.data)
    __aeabi_stderr                           0x20000088   Data           4  stdio_streams.o(.data)
    u1_rx_fifo                               0x2000008c   Data         516  uart_app.o(.bss)
    u1_tx_fifo                               0x20000290   Data         516  uart_app.o(.bss)
    uart1RxBuf                               0x20000494   Data          60  terminal.o(.bss)
    needless_global                          0x200008fc   Data          40  testmelody.o(.bss)
    readed_dictionary                        0x20000924   Data         360  testmelody.o(.bss)
    sADC                                     0x20001b10   Data          28  adc.o(.bss)
    sADCx                                    0x20001b2c   Data          44  adc.o(.bss)
    ch0                                      0x20001b58   Data          48  sensors.o(.bss)
    pocket_buf                               0x20001b88   Data          32  protocol_module.o(.bss)
    status_YAPST                             0x20001ba8   Data          16  protocol_module.o(.bss)
    w25qxx                                   0x20001bb8   Data          40  w25qxx.o(.bss)
    DMA_ControlTable                         0x20001c00   Data        1024  mdr32f9qx_dma.o(.bss)
    __stdin                                  0x20002000   Data          84  stdio_streams.o(.bss)
    __stdout                                 0x20002054   Data          84  stdio_streams.o(.bss)
    __stderr                                 0x200020a8   Data          84  stdio_streams.o(.bss)
    __libspace_start                         0x200020fc   Data          96  libspace.o(.bss)
    __temporary_stack_top$libspace           0x2000215c   Data           0  libspace.o(.bss)



==============================================================================

Memory Map of the image

  Image Entry point : 0x080000c1

  Load Region LR_IROM1 (Base: 0x08000000, Size: 0x000044ec, Max: 0x00010000, ABSOLUTE)

    Execution Region ER_IROM1 (Exec base: 0x08000000, Load base: 0x08000000, Size: 0x00004460, Max: 0x00010000, ABSOLUTE)

    Exec Addr    Load Addr    Size         Type   Attr      Idx    E Section Name        Object

    0x08000000   0x08000000   0x000000c0   Data   RO         1515    RESET               startup_mdr32f9qx.o
    0x080000c0   0x080000c0   0x00000008   Code   RO         3323  * !!!main             c_w.l(__main.o)
    0x080000c8   0x080000c8   0x00000034   Code   RO         3806    !!!scatter          c_w.l(__scatter.o)
    0x080000fc   0x080000fc   0x0000001a   Code   RO         3808    !!handler_copy      c_w.l(__scatter_copy.o)
    0x08000116   0x08000116   0x00000002   PAD
    0x08000118   0x08000118   0x0000001c   Code   RO         3810    !!handler_zi        c_w.l(__scatter_zi.o)
    0x08000134   0x08000134   0x00000000   Code   RO         3286    .ARM.Collect$$_printf_percent$$00000000  c_w.l(_printf_percent.o)
    0x08000134   0x08000134   0x00000006   Code   RO         3284    .ARM.Collect$$_printf_percent$$00000009  c_w.l(_printf_d.o)
    0x0800013a   0x0800013a   0x00000006   Code   RO         3283    .ARM.Collect$$_printf_percent$$0000000C  c_w.l(_printf_x.o)
    0x08000140   0x08000140   0x00000006   Code   RO         3282    .ARM.Collect$$_printf_percent$$00000014  c_w.l(_printf_s.o)
    0x08000146   0x08000146   0x00000004   Code   RO         3384    .ARM.Collect$$_printf_percent$$00000017  c_w.l(_printf_percent_end.o)
    0x0800014a   0x0800014a   0x00000002   Code   RO         3723    .ARM.Collect$$libinit$$00000000  c_w.l(libinit.o)
    0x0800014c   0x0800014c   0x00000000   Code   RO         3578    .ARM.Collect$$libinit$$00000002  c_w.l(libinit2.o)
    0x0800014c   0x0800014c   0x00000000   Code   RO         3580    .ARM.Collect$$libinit$$00000004  c_w.l(libinit2.o)
    0x0800014c   0x0800014c   0x00000008   Code   RO         3581    .ARM.Collect$$libinit$$00000005  c_w.l(libinit2.o)
    0x08000154   0x08000154   0x00000000   Code   RO         3583    .ARM.Collect$$libinit$$0000000A  c_w.l(libinit2.o)
    0x08000154   0x08000154   0x00000000   Code   RO         3585    .ARM.Collect$$libinit$$0000000C  c_w.l(libinit2.o)
    0x08000154   0x08000154   0x00000000   Code   RO         3587    .ARM.Collect$$libinit$$0000000E  c_w.l(libinit2.o)
    0x08000154   0x08000154   0x00000006   Code   RO         3588    .ARM.Collect$$libinit$$0000000F  c_w.l(libinit2.o)
    0x0800015a   0x0800015a   0x00000000   Code   RO         3590    .ARM.Collect$$libinit$$00000011  c_w.l(libinit2.o)
    0x0800015a   0x0800015a   0x0000000c   Code   RO         3591    .ARM.Collect$$libinit$$00000012  c_w.l(libinit2.o)
    0x08000166   0x08000166   0x00000000   Code   RO         3592    .ARM.Collect$$libinit$$00000013  c_w.l(libinit2.o)
    0x08000166   0x08000166   0x00000000   Code   RO         3594    .ARM.Collect$$libinit$$00000015  c_w.l(libinit2.o)
    0x08000166   0x08000166   0x00000000   Code   RO         3596    .ARM.Collect$$libinit$$00000017  c_w.l(libinit2.o)
    0x08000166   0x08000166   0x00000000   Code   RO         3598    .ARM.Collect$$libinit$$00000019  c_w.l(libinit2.o)
    0x08000166   0x08000166   0x00000000   Code   RO         3600    .ARM.Collect$$libinit$$0000001B  c_w.l(libinit2.o)
    0x08000166   0x08000166   0x00000000   Code   RO         3602    .ARM.Collect$$libinit$$0000001D  c_w.l(libinit2.o)
    0x08000166   0x08000166   0x00000000   Code   RO         3604    .ARM.Collect$$libinit$$0000001F  c_w.l(libinit2.o)
    0x08000166   0x08000166   0x00000000   Code   RO         3606    .ARM.Collect$$libinit$$00000021  c_w.l(libinit2.o)
    0x08000166   0x08000166   0x00000000   Code   RO         3608    .ARM.Collect$$libinit$$00000023  c_w.l(libinit2.o)
    0x08000166   0x08000166   0x00000004   Code   RO         3609    .ARM.Collect$$libinit$$00000024  c_w.l(libinit2.o)
    0x0800016a   0x0800016a   0x00000000   Code   RO         3610    .ARM.Collect$$libinit$$00000025  c_w.l(libinit2.o)
    0x0800016a   0x0800016a   0x00000000   Code   RO         3614    .ARM.Collect$$libinit$$0000002C  c_w.l(libinit2.o)
    0x0800016a   0x0800016a   0x00000000   Code   RO         3616    .ARM.Collect$$libinit$$0000002E  c_w.l(libinit2.o)
    0x0800016a   0x0800016a   0x00000000   Code   RO         3618    .ARM.Collect$$libinit$$00000030  c_w.l(libinit2.o)
    0x0800016a   0x0800016a   0x00000000   Code   RO         3620    .ARM.Collect$$libinit$$00000032  c_w.l(libinit2.o)
    0x0800016a   0x0800016a   0x00000002   Code   RO         3621    .ARM.Collect$$libinit$$00000033  c_w.l(libinit2.o)
    0x0800016c   0x0800016c   0x00000002   Code   RO         3803    .ARM.Collect$$libshutdown$$00000000  c_w.l(libshutdown.o)
    0x0800016e   0x0800016e   0x00000000   Code   RO         3623    .ARM.Collect$$libshutdown$$00000002  c_w.l(libshutdown2.o)
    0x0800016e   0x0800016e   0x00000000   Code   RO         3625    .ARM.Collect$$libshutdown$$00000004  c_w.l(libshutdown2.o)
    0x0800016e   0x0800016e   0x00000004   Code   RO         3626    .ARM.Collect$$libshutdown$$00000005  c_w.l(libshutdown2.o)
    0x08000172   0x08000172   0x00000000   Code   RO         3627    .ARM.Collect$$libshutdown$$00000006  c_w.l(libshutdown2.o)
    0x08000172   0x08000172   0x00000000   Code   RO         3630    .ARM.Collect$$libshutdown$$00000009  c_w.l(libshutdown2.o)
    0x08000172   0x08000172   0x00000000   Code   RO         3633    .ARM.Collect$$libshutdown$$0000000C  c_w.l(libshutdown2.o)
    0x08000172   0x08000172   0x00000000   Code   RO         3635    .ARM.Collect$$libshutdown$$0000000E  c_w.l(libshutdown2.o)
    0x08000172   0x08000172   0x00000000   Code   RO         3638    .ARM.Collect$$libshutdown$$00000011  c_w.l(libshutdown2.o)
    0x08000172   0x08000172   0x00000002   Code   RO         3639    .ARM.Collect$$libshutdown$$00000012  c_w.l(libshutdown2.o)
    0x08000174   0x08000174   0x00000000   Code   RO         3375    .ARM.Collect$$rtentry$$00000000  c_w.l(__rtentry.o)
    0x08000174   0x08000174   0x00000000   Code   RO         3421    .ARM.Collect$$rtentry$$00000002  c_w.l(__rtentry2.o)
    0x08000174   0x08000174   0x00000006   Code   RO         3433    .ARM.Collect$$rtentry$$00000004  c_w.l(__rtentry4.o)
    0x0800017a   0x0800017a   0x00000000   Code   RO         3423    .ARM.Collect$$rtentry$$00000009  c_w.l(__rtentry2.o)
    0x0800017a   0x0800017a   0x00000004   Code   RO         3424    .ARM.Collect$$rtentry$$0000000A  c_w.l(__rtentry2.o)
    0x0800017e   0x0800017e   0x00000000   Code   RO         3426    .ARM.Collect$$rtentry$$0000000C  c_w.l(__rtentry2.o)
    0x0800017e   0x0800017e   0x00000008   Code   RO         3427    .ARM.Collect$$rtentry$$0000000D  c_w.l(__rtentry2.o)
    0x08000186   0x08000186   0x00000002   Code   RO         3730    .ARM.Collect$$rtexit$$00000000  c_w.l(rtexit.o)
    0x08000188   0x08000188   0x00000000   Code   RO         3766    .ARM.Collect$$rtexit$$00000002  c_w.l(rtexit2.o)
    0x08000188   0x08000188   0x00000004   Code   RO         3767    .ARM.Collect$$rtexit$$00000003  c_w.l(rtexit2.o)
    0x0800018c   0x0800018c   0x00000006   Code   RO         3768    .ARM.Collect$$rtexit$$00000004  c_w.l(rtexit2.o)
    0x08000192   0x08000192   0x00000002   PAD
    0x08000194   0x08000194   0x00000000   Code   RO         3734    .emb_text           c_w.l(maybetermalloc1.o)
    0x08000194   0x08000194   0x00000040   Code   RO         1516    .text               startup_mdr32f9qx.o
    0x080001d4   0x080001d4   0x00000018   Code   RO         3229    .text               c_w.l(noretval__2printf.o)
    0x080001ec   0x080001ec   0x00000014   Code   RO         3231    .text               c_w.l(noretval__2fprintf.o)
    0x08000200   0x08000200   0x0000004e   Code   RO         3235    .text               c_w.l(_printf_pad.o)
    0x0800024e   0x0800024e   0x00000052   Code   RO         3237    .text               c_w.l(_printf_str.o)
    0x080002a0   0x080002a0   0x00000078   Code   RO         3239    .text               c_w.l(_printf_dec.o)
    0x08000318   0x08000318   0x00000058   Code   RO         3244    .text               c_w.l(_printf_hex_int.o)
    0x08000370   0x08000370   0x00000138   Code   RO         3274    .text               c_w.l(__printf_flags_wp.o)
    0x080004a8   0x080004a8   0x0000003c   Code   RO         3287    .text               c_w.l(__0sscanf.o)
    0x080004e4   0x080004e4   0x0000014c   Code   RO         3289    .text               c_w.l(_scanf_int.o)
    0x08000630   0x08000630   0x0000000c   Code   RO         3291    .text               c_w.l(clearerr.o)
    0x0800063c   0x0800063c   0x00000004   Code   RO         3297    .text               c_w.l(getc.o)
    0x08000640   0x08000640   0x00000004   Code   RO         3311    .text               c_w.l(strtok_r.o)
    0x08000644   0x08000644   0x00000024   Code   RO         3313    .text               c_w.l(strstr.o)
    0x08000668   0x08000668   0x0000003e   Code   RO         3315    .text               c_w.l(strlen.o)
    0x080006a6   0x080006a6   0x00000096   Code   RO         3317    .text               c_w.l(strncmp.o)
    0x0800073c   0x0800073c   0x00000080   Code   RO         3319    .text               c_w.l(strcmpv7m.o)
    0x080007bc   0x080007bc   0x00000006   Code   RO         3321    .text               c_w.l(heapauxi.o)
    0x080007c2   0x080007c2   0x000000b2   Code   RO         3376    .text               c_w.l(_printf_intcommon.o)
    0x08000874   0x08000874   0x0000002c   Code   RO         3380    .text               c_w.l(_printf_char.o)
    0x080008a0   0x080008a0   0x00000024   Code   RO         3382    .text               c_w.l(_printf_char_file.o)
    0x080008c4   0x080008c4   0x0000001c   Code   RO         3385    .text               c_w.l(_chval.o)
    0x080008e0   0x080008e0   0x0000002c   Code   RO         3387    .text               c_w.l(scanf_char.o)
    0x0800090c   0x0800090c   0x00000040   Code   RO         3389    .text               c_w.l(_sgetc.o)
    0x0800094c   0x0800094c   0x000001d6   Code   RO         3395    .text               c_w.l(flsbuf.o)
    0x08000b22   0x08000b22   0x00000002   PAD
    0x08000b24   0x08000b24   0x00000138   Code   RO         3397    .text               c_w.l(initio.o)
    0x08000c5c   0x08000c5c   0x00000044   Code   RO         3403    .text               c_w.l(strtok_int.o)
    0x08000ca0   0x08000ca0   0x00000008   Code   RO         3438    .text               c_w.l(rt_locale_intlibspace.o)
    0x08000ca8   0x08000ca8   0x0000005e   Code   RO         3444    .text               c_w.l(h1_alloc.o)
    0x08000d06   0x08000d06   0x0000004e   Code   RO         3446    .text               c_w.l(h1_free.o)
    0x08000d54   0x08000d54   0x00000012   Code   RO         3504    .text               c_w.l(isspace.o)
    0x08000d66   0x08000d66   0x00000002   PAD
    0x08000d68   0x08000d68   0x00000030   Code   RO         3506    .text               c_w.l(_printf_char_common.o)
    0x08000d98   0x08000d98   0x00000374   Code   RO         3512    .text               c_w.l(_scanf.o)
    0x0800110c   0x0800110c   0x00000008   Code   RO         3539    .text               c_w.l(ferror.o)
    0x08001114   0x08001114   0x0000023a   Code   RO         3541    .text               c_w.l(filbuf.o)
    0x0800134e   0x0800134e   0x00000046   Code   RO         3543    .text               c_w.l(setvbuf.o)
    0x08001394   0x08001394   0x000000f0   Code   RO         3545    .text               c_w.l(stdio.o)
    0x08001484   0x08001484   0x000000ec   Code   RO         3550    .text               c_w.l(fopen.o)
    0x08001570   0x08001570   0x0000004c   Code   RO         3552    .text               c_w.l(fclose.o)
    0x080015bc   0x080015bc   0x0000000e   Code   RO         3565    .text               c_w.l(defsig_rtred_outer.o)
    0x080015ca   0x080015ca   0x00000020   Code   RO         3571    .text               c_w.l(strcspn.o)
    0x080015ea   0x080015ea   0x0000001c   Code   RO         3573    .text               c_w.l(strspn.o)
    0x08001606   0x08001606   0x0000004e   Code   RO         3575    .text               c_w.l(rt_memclr_w.o)
    0x08001654   0x08001654   0x00000008   Code   RO         3646    .text               c_w.l(libspace.o)
    0x0800165c   0x0800165c   0x0000004a   Code   RO         3649    .text               c_w.l(sys_stackheap_outer.o)
    0x080016a6   0x080016a6   0x00000002   PAD
    0x080016a8   0x080016a8   0x00000010   Code   RO         3651    .text               c_w.l(rt_ctype_table.o)
    0x080016b8   0x080016b8   0x00000008   Code   RO         3658    .text               c_w.l(rt_heap_descriptor_intlibspace.o)
    0x080016c0   0x080016c0   0x00000004   Code   RO         3660    .text               c_w.l(hguard.o)
    0x080016c4   0x080016c4   0x0000008a   Code   RO         3662    .text               c_w.l(init_alloc.o)
    0x0800174e   0x0800174e   0x0000000e   Code   RO         3666    .text               c_w.l(h1_init.o)
    0x0800175c   0x0800175c   0x00000064   Code   RO         3682    .text               c_w.l(fflush.o)
    0x080017c0   0x080017c0   0x000000f8   Code   RO         3686    .text               c_w.l(fseek.o)
    0x080018b8   0x080018b8   0x00000038   Code   RO         3692    .text               c_w.l(flushlinebuffered.o)
    0x080018f0   0x080018f0   0x00000012   Code   RO         3704    .text               c_w.l(exit.o)
    0x08001902   0x08001902   0x0000000a   Code   RO         3706    .text               c_w.l(defsig_exit.o)
    0x0800190c   0x0800190c   0x00000034   Code   RO         3708    .text               c_w.l(defsig_rtred_inner.o)
    0x08001940   0x08001940   0x0000000c   Code   RO         3728    .text               c_w.l(sys_exit.o)
    0x0800194c   0x0800194c   0x00000034   Code   RO         3736    .text               c_w.l(h1_extend.o)
    0x08001980   0x08001980   0x00000042   Code   RO         3740    .text               c_w.l(ftell.o)
    0x080019c2   0x080019c2   0x00000032   Code   RO         3747    .text               c_w.l(defsig_general.o)
    0x080019f4   0x080019f4   0x0000000e   Code   RO         3749    .text               c_w.l(defsig_rtmem_outer.o)
    0x08001a02   0x08001a02   0x0000000e   Code   RO         3760    .text               c_w.l(sys_wrch.o)
    0x08001a10   0x08001a10   0x00000002   Code   RO         3762    .text               c_w.l(use_no_semi.o)
    0x08001a12   0x08001a12   0x00000000   Code   RO         3764    .text               c_w.l(indicate_semi.o)
    0x08001a12   0x08001a12   0x00000002   PAD
    0x08001a14   0x08001a14   0x00000008   Code   RO         3775    .text               c_w.l(rt_errno_addr_intlibspace.o)
    0x08001a1c   0x08001a1c   0x00000050   Code   RO         3779    .text               c_w.l(defsig_rtmem_inner.o)
    0x08001a6c   0x08001a6c   0x00000018   Code   RO         1560    i.ADC1_Cmd          mdr32f9qx_adc.o
    0x08001a84   0x08001a84   0x00000018   Code   RO         1565    i.ADC1_ITConfig     mdr32f9qx_adc.o
    0x08001a9c   0x08001a9c   0x00000058   Code   RO         1566    i.ADC1_Init         mdr32f9qx_adc.o
    0x08001af4   0x08001af4   0x00000024   Code   RO         1593    i.ADC_DeInit        mdr32f9qx_adc.o
    0x08001b18   0x08001b18   0x00000002   Code   RO          138    i.ADC_IRQHandler    mdr32f9qx_it.o
    0x08001b1a   0x08001b1a   0x00000002   PAD
    0x08001b1c   0x08001b1c   0x00000034   Code   RO         1598    i.ADC_Init          mdr32f9qx_adc.o
    0x08001b50   0x08001b50   0x00000012   Code   RO         1600    i.ADC_StructInit    mdr32f9qx_adc.o
    0x08001b62   0x08001b62   0x0000001c   Code   RO         1601    i.ADCx_StructInit   mdr32f9qx_adc.o
    0x08001b7e   0x08001b7e   0x00000002   Code   RO          139    i.BACKUP_IRQHandler  mdr32f9qx_it.o
    0x08001b80   0x08001b80   0x00000030   Code   RO          868    i.BlinkLED          led.o
    0x08001bb0   0x08001bb0   0x00000002   Code   RO          140    i.BusFault_Handler  mdr32f9qx_it.o
    0x08001bb2   0x08001bb2   0x00000002   Code   RO          141    i.CAN1_IRQHandler   mdr32f9qx_it.o
    0x08001bb4   0x08001bb4   0x00000002   Code   RO          142    i.CAN2_IRQHandler   mdr32f9qx_it.o
    0x08001bb6   0x08001bb6   0x00000002   Code   RO          143    i.COMPARATOR_IRQHandler  mdr32f9qx_it.o
    0x08001bb8   0x08001bb8   0x00000078   Code   RO            3    i.ClockConfigure    main.o
    0x08001c30   0x08001c30   0x00000018   Code   RO         2023    i.DAC2_Cmd          mdr32f9qx_dac.o
    0x08001c48   0x08001c48   0x00000014   Code   RO         2025    i.DAC2_Init         mdr32f9qx_dac.o
    0x08001c5c   0x08001c5c   0x00000018   Code   RO         2094    i.DMA_Cmd           mdr32f9qx_dma.o
    0x08001c74   0x08001c74   0x00000068   Code   RO         2095    i.DMA_CtrlDataInit  mdr32f9qx_dma.o
    0x08001cdc   0x08001cdc   0x0000001c   Code   RO         2096    i.DMA_CtrlInit      mdr32f9qx_dma.o
    0x08001cf8   0x08001cf8   0x00000020   Code   RO         2097    i.DMA_DeInit        mdr32f9qx_dma.o
    0x08001d18   0x08001d18   0x00000050   Code   RO         2099    i.DMA_GetFlagStatus  mdr32f9qx_dma.o
    0x08001d68   0x08001d68   0x00000074   Code   RO          910    i.DMA_IRQCallback   player.o
    0x08001ddc   0x08001ddc   0x00000004   Code   RO          144    i.DMA_IRQHandler    mdr32f9qx_it.o
    0x08001de0   0x08001de0   0x00000064   Code   RO         2100    i.DMA_Init          mdr32f9qx_dma.o
    0x08001e44   0x08001e44   0x00000010   Code   RO         2105    i.DMA_StructInit    mdr32f9qx_dma.o
    0x08001e54   0x08001e54   0x00000002   Code   RO          145    i.DebugMon_Handler  mdr32f9qx_it.o
    0x08001e56   0x08001e56   0x00000010   Code   RO          869    i.Delay             led.o
    0x08001e66   0x08001e66   0x00000002   Code   RO          146    i.EXT_INT1_IRQHandler  mdr32f9qx_it.o
    0x08001e68   0x08001e68   0x00000002   Code   RO          147    i.EXT_INT2_IRQHandler  mdr32f9qx_it.o
    0x08001e6a   0x08001e6a   0x00000002   Code   RO          148    i.EXT_INT3_IRQHandler  mdr32f9qx_it.o
    0x08001e6c   0x08001e6c   0x00000002   Code   RO          149    i.EXT_INT4_IRQHandler  mdr32f9qx_it.o
    0x08001e6e   0x08001e6e   0x00000002   PAD
    0x08001e70   0x08001e70   0x0000000c   Code   RO          439    i.HAL_GetTick       timer.o
    0x08001e7c   0x08001e7c   0x00000066   Code   RO         1018    i.HAL_SPI_Receive   spi.o
    0x08001ee2   0x08001ee2   0x0000006a   Code   RO         1020    i.HAL_SPI_TransmitReceive  spi.o
    0x08001f4c   0x08001f4c   0x0000003c   Code   RO          440    i.HAL_SYSTICK_Callback  timer.o
    0x08001f88   0x08001f88   0x00000024   Code   RO          911    i.HW_stop           player.o
    0x08001fac   0x08001fac   0x00000002   Code   RO          150    i.HardFault_Handler  mdr32f9qx_it.o
    0x08001fae   0x08001fae   0x00000002   Code   RO          151    i.I2C_IRQHandler    mdr32f9qx_it.o
    0x08001fb0   0x08001fb0   0x00000034   Code   RO          870    i.LEDConfig         led.o
    0x08001fe4   0x08001fe4   0x0000000c   Code   RO          871    i.LEDOff            led.o
    0x08001ff0   0x08001ff0   0x0000000c   Code   RO          872    i.LEDOn             led.o
    0x08001ffc   0x08001ffc   0x00000002   Code   RO          152    i.MemManage_Handler  mdr32f9qx_it.o
    0x08001ffe   0x08001ffe   0x00000002   Code   RO          153    i.NMI_Handler       mdr32f9qx_it.o
    0x08002000   0x08002000   0x00000016   Code   RO          337    i.NVIC_DisableIRQ   uart_app.o
    0x08002016   0x08002016   0x00000016   Code   RO          912    i.NVIC_DisableIRQ   player.o
    0x0800202c   0x0800202c   0x00000016   Code   RO          338    i.NVIC_EnableIRQ    uart_app.o
    0x08002042   0x08002042   0x00000002   PAD
    0x08002044   0x08002044   0x00000168   Code   RO         2277    i.PORT_Init         mdr32f9qx_port.o
    0x080021ac   0x080021ac   0x0000001c   Code   RO         2280    i.PORT_ResetBits    mdr32f9qx_port.o
    0x080021c8   0x080021c8   0x0000001c   Code   RO         2281    i.PORT_SetBits      mdr32f9qx_port.o
    0x080021e4   0x080021e4   0x00000002   Code   RO          154    i.POWER_IRQHandler  mdr32f9qx_it.o
    0x080021e6   0x080021e6   0x00000002   Code   RO          155    i.PendSV_Handler    mdr32f9qx_it.o
    0x080021e8   0x080021e8   0x0000000c   Code   RO         2454    i.RST_CLK_CPU_PLLcmd  mdr32f9qx_rst_clk.o
    0x080021f4   0x080021f4   0x00000038   Code   RO         2455    i.RST_CLK_CPU_PLLconfig  mdr32f9qx_rst_clk.o
    0x0800222c   0x0800222c   0x0000002c   Code   RO         2456    i.RST_CLK_CPU_PLLstatus  mdr32f9qx_rst_clk.o
    0x08002258   0x08002258   0x0000000c   Code   RO         2457    i.RST_CLK_CPU_PLLuse  mdr32f9qx_rst_clk.o
    0x08002264   0x08002264   0x00000014   Code   RO         2458    i.RST_CLK_CPUclkPrescaler  mdr32f9qx_rst_clk.o
    0x08002278   0x08002278   0x00000014   Code   RO         2459    i.RST_CLK_CPUclkSelection  mdr32f9qx_rst_clk.o
    0x0800228c   0x0800228c   0x00000160   Code   RO         2461    i.RST_CLK_GetClocksFreq  mdr32f9qx_rst_clk.o
    0x080023ec   0x080023ec   0x0000002c   Code   RO         2462    i.RST_CLK_GetFlagStatus  mdr32f9qx_rst_clk.o
    0x08002418   0x08002418   0x00000028   Code   RO         2464    i.RST_CLK_HSEconfig  mdr32f9qx_rst_clk.o
    0x08002440   0x08002440   0x0000002c   Code   RO         2465    i.RST_CLK_HSEstatus  mdr32f9qx_rst_clk.o
    0x0800246c   0x0800246c   0x00000018   Code   RO         2475    i.RST_CLK_PCLKcmd   mdr32f9qx_rst_clk.o
    0x08002484   0x08002484   0x000000f0   Code   RO         1021    i.SPI_init          spi.o
    0x08002574   0x08002574   0x00000002   Code   RO          156    i.SSP1_IRQHandler   mdr32f9qx_it.o
    0x08002576   0x08002576   0x00000002   Code   RO          157    i.SSP2_IRQHandler   mdr32f9qx_it.o
    0x08002578   0x08002578   0x0000003c   Code   RO         2667    i.SSP_BRGInit       mdr32f9qx_ssp.o
    0x080025b4   0x080025b4   0x00000016   Code   RO         2669    i.SSP_Cmd           mdr32f9qx_ssp.o
    0x080025ca   0x080025ca   0x00000012   Code   RO         2671    i.SSP_DeInit        mdr32f9qx_ssp.o
    0x080025dc   0x080025dc   0x0000000a   Code   RO         2672    i.SSP_GetFlagStatus  mdr32f9qx_ssp.o
    0x080025e6   0x080025e6   0x00000026   Code   RO         2676    i.SSP_Init          mdr32f9qx_ssp.o
    0x0800260c   0x0800260c   0x00000006   Code   RO         2677    i.SSP_ReceiveData   mdr32f9qx_ssp.o
    0x08002612   0x08002612   0x00000004   Code   RO         2678    i.SSP_SendData      mdr32f9qx_ssp.o
    0x08002616   0x08002616   0x00000018   Code   RO         2679    i.SSP_StructInit    mdr32f9qx_ssp.o
    0x0800262e   0x0800262e   0x00000002   Code   RO          158    i.SVC_Handler       mdr32f9qx_it.o
    0x08002630   0x08002630   0x00000004   Code   RO          159    i.SysTick_Handler   mdr32f9qx_it.o
    0x08002634   0x08002634   0x00000060   Code   RO         1522    i.SystemCoreClockUpdate  system_mdr32f9qx.o
    0x08002694   0x08002694   0x00000028   Code   RO         1523    i.SystemInit        system_mdr32f9qx.o
    0x080026bc   0x080026bc   0x00000054   Code   RO         2759    i.TIMER_BRGInit     mdr32f9qx_timer.o
    0x08002710   0x08002710   0x00000012   Code   RO         2786    i.TIMER_Cmd         mdr32f9qx_timer.o
    0x08002722   0x08002722   0x00000036   Code   RO         2789    i.TIMER_CntInit     mdr32f9qx_timer.o
    0x08002758   0x08002758   0x0000000e   Code   RO         2792    i.TIMER_DMACmd      mdr32f9qx_timer.o
    0x08002766   0x08002766   0x00000044   Code   RO         2793    i.TIMER_DeInit      mdr32f9qx_timer.o
    0x080027aa   0x080027aa   0x00000002   PAD
    0x080027ac   0x080027ac   0x00000024   Code   RO          540    i.TRML_putc         terminal.o
    0x080027d0   0x080027d0   0x00000024   Code   RO          541    i.TRML_strComplete  terminal.o
    0x080027f4   0x080027f4   0x00000002   Code   RO          160    i.Timer1_IRQHandler  mdr32f9qx_it.o
    0x080027f6   0x080027f6   0x00000002   Code   RO          161    i.Timer2_IRQHandler  mdr32f9qx_it.o
    0x080027f8   0x080027f8   0x00000002   Code   RO          162    i.Timer3_IRQHandler  mdr32f9qx_it.o
    0x080027fa   0x080027fa   0x00000002   PAD
    0x080027fc   0x080027fc   0x00000058   Code   RO          163    i.UART1_IRQHandler  mdr32f9qx_it.o
    0x08002854   0x08002854   0x000000b0   Code   RO          340    i.UART1_Init        uart_app.o
    0x08002904   0x08002904   0x00000044   Code   RO          341    i.UART1_RxCpltCallback  uart_app.o
    0x08002948   0x08002948   0x0000004c   Code   RO          342    i.UART1_TxCpltCallback  uart_app.o
    0x08002994   0x08002994   0x00000024   Code   RO          164    i.UART2_IRQHandler  mdr32f9qx_it.o
    0x080029b8   0x080029b8   0x0000003c   Code   RO         3109    i.UART_BRGInit      mdr32f9qx_uart.o
    0x080029f4   0x080029f4   0x00000008   Code   RO         3111    i.UART_ClearITPendingBit  mdr32f9qx_uart.o
    0x080029fc   0x080029fc   0x00000016   Code   RO         3112    i.UART_Cmd          mdr32f9qx_uart.o
    0x08002a12   0x08002a12   0x0000000a   Code   RO         3116    i.UART_GetFlagStatus  mdr32f9qx_uart.o
    0x08002a1c   0x08002a1c   0x0000000a   Code   RO         3118    i.UART_GetITStatusMasked  mdr32f9qx_uart.o
    0x08002a26   0x08002a26   0x00000010   Code   RO         3119    i.UART_ITConfig     mdr32f9qx_uart.o
    0x08002a36   0x08002a36   0x00000002   PAD
    0x08002a38   0x08002a38   0x00000094   Code   RO         3120    i.UART_Init         mdr32f9qx_uart.o
    0x08002acc   0x08002acc   0x00000006   Code   RO         3123    i.UART_ReceiveData  mdr32f9qx_uart.o
    0x08002ad2   0x08002ad2   0x00000006   Code   RO         3124    i.UART_SendData     mdr32f9qx_uart.o
    0x08002ad8   0x08002ad8   0x00000002   Code   RO          165    i.USB_IRQHandler    mdr32f9qx_it.o
    0x08002ada   0x08002ada   0x00000002   Code   RO          166    i.UsageFault_Handler  mdr32f9qx_it.o
    0x08002adc   0x08002adc   0x00000070   Code   RO         1262    i.W25qxx_EraseSector  w25qxx.o
    0x08002b4c   0x08002b4c   0x000000e0   Code   RO         1263    i.W25qxx_Init       w25qxx.o
    0x08002c2c   0x08002c2c   0x00000080   Code   RO         1271    i.W25qxx_ReadBytes  w25qxx.o
    0x08002cac   0x08002cac   0x00000044   Code   RO         1272    i.W25qxx_ReadID     w25qxx.o
    0x08002cf0   0x08002cf0   0x00000068   Code   RO         1275    i.W25qxx_ReadStatusRegister  w25qxx.o
    0x08002d58   0x08002d58   0x0000004c   Code   RO         1276    i.W25qxx_ReadUniqID  w25qxx.o
    0x08002da4   0x08002da4   0x00000020   Code   RO         1279    i.W25qxx_Spi        w25qxx.o
    0x08002dc4   0x08002dc4   0x00000038   Code   RO         1280    i.W25qxx_WaitForWriteEnd  w25qxx.o
    0x08002dfc   0x08002dfc   0x00000078   Code   RO         1282    i.W25qxx_WriteByte  w25qxx.o
    0x08002e74   0x08002e74   0x00000024   Code   RO         1284    i.W25qxx_WriteEnable  w25qxx.o
    0x08002e98   0x08002e98   0x00000002   Code   RO          167    i.WWDG_IRQHandler   mdr32f9qx_it.o
    0x08002e9a   0x08002e9a   0x0000000e   Code   RO         3272    i._is_digit         c_w.l(__printf_wp.o)
    0x08002ea8   0x08002ea8   0x00000018   Code   RO         1451    i._sys_close        retarget_io.o
    0x08002ec0   0x08002ec0   0x0000000c   Code   RO         1452    i._sys_flen         retarget_io.o
    0x08002ecc   0x08002ecc   0x00000018   Code   RO         1453    i._sys_istty        retarget_io.o
    0x08002ee4   0x08002ee4   0x0000005c   Code   RO         1454    i._sys_open         retarget_io.o
    0x08002f40   0x08002f40   0x00000026   Code   RO         1455    i._sys_read         retarget_io.o
    0x08002f66   0x08002f66   0x00000006   Code   RO         1456    i._sys_seek         retarget_io.o
    0x08002f6c   0x08002f6c   0x0000002e   Code   RO         1457    i._sys_write        retarget_io.o
    0x08002f9a   0x08002f9a   0x00000002   PAD
    0x08002f9c   0x08002f9c   0x00000080   Code   RO          980    i.adc_init          adc.o
    0x0800301c   0x0800301c   0x00000038   Code   RO         1127    i.ch0Init           sensors.o
    0x08003054   0x08003054   0x00000008   Code   RO         1057    i.chLpfReset        channel.o
    0x0800305c   0x0800305c   0x0000000c   Code   RO         1059    i.chSetCalibr       channel.o
    0x08003068   0x08003068   0x00000004   Code   RO         1061    i.chSetLPF          channel.o
    0x0800306c   0x0800306c   0x00000014   Code   RO         1064    i.chSetSimulType    channel.o
    0x08003080   0x08003080   0x00000030   Code   RO          603    i.checkStringParam  cmdlineterminal.o
    0x080030b0   0x080030b0   0x00000064   Code   RO          604    i.cmdLine           cmdlineterminal.o
    0x08003114   0x08003114   0x00000064   Code   RO          674    i.cmd_dac           command.o
    0x08003178   0x08003178   0x00000068   Code   RO          675    i.cmd_debug         command.o
    0x080031e0   0x080031e0   0x0000000c   Code   RO          676    i.cmd_help          command.o
    0x080031ec   0x080031ec   0x00000040   Code   RO          677    i.cmd_name          command.o
    0x0800322c   0x0800322c   0x00000004   Code   RO          678    i.cmd_status        command.o
    0x08003230   0x08003230   0x0000021c   Code   RO          679    i.cmd_w25q          command.o
    0x0800344c   0x0800344c   0x00000080   Code   RO         1235    i.command_interpritation  protocol_module.o
    0x080034cc   0x080034cc   0x00000050   Code   RO          605    i.decodeCmdAndRun   cmdlineterminal.o
    0x0800351c   0x0800351c   0x00000034   Code   RO          606    i.deleteTokens      cmdlineterminal.o
    0x08003550   0x08003550   0x00000048   Code   RO          913    i.dmaBufRefresh     player.o
    0x08003598   0x08003598   0x00000034   Code   RO          914    i.dmaReqProcessing  player.o
    0x080035cc   0x080035cc   0x0000000c   Code   RO          445    i.event_period_cycle  timer.o
    0x080035d8   0x080035d8   0x00000040   Code   RO          446    i.event_sys_tick_evt  timer.o
    0x08003618   0x08003618   0x00000018   Code   RO         3392    i.fgetc             c_w.l(fgetc.o)
    0x08003630   0x08003630   0x00000040   Code   RO          607    i.findHandler       cmdlineterminal.o
    0x08003670   0x08003670   0x0000001a   Code   RO         3294    i.fputc             c_w.l(fputc.o)
    0x0800368a   0x0800368a   0x00000002   PAD
    0x0800368c   0x0800368c   0x00000044   Code   RO         1236    i.get_byte          protocol_module.o
    0x080036d0   0x080036d0   0x00000050   Code   RO          812    i.init_audio_dictionaty  testmelody.o
    0x08003720   0x08003720   0x0000000c   Code   RO          748    i.ltrim             tools.o
    0x0800372c   0x0800372c   0x000000b4   Code   RO            4    i.main              main.o
    0x080037e0   0x080037e0   0x00000068   Code   RO          608    i.parseCmdStr       cmdlineterminal.o
    0x08003848   0x08003848   0x00000050   Code   RO          915    i.play_init         player.o
    0x08003898   0x08003898   0x000000b0   Code   RO          813    i.play_nextBlockCallback  testmelody.o
    0x08003948   0x08003948   0x00000120   Code   RO          916    i.play_start        player.o
    0x08003a68   0x08003a68   0x00000004   Code   RO          917    i.play_stop         player.o
    0x08003a6c   0x08003a6c   0x00000058   Code   RO          609    i.printHelpCmd      cmdlineterminal.o
    0x08003ac4   0x08003ac4   0x00000010   Code   RO          814    i.read_4_byte       testmelody.o
    0x08003ad4   0x08003ad4   0x0000000c   Code   RO          610    i.setCmdTbl         cmdlineterminal.o
    0x08003ae0   0x08003ae0   0x00000044   Code   RO          344    i.stdin_getchar     uart_app.o
    0x08003b24   0x08003b24   0x00000074   Code   RO          345    i.stdout_putchar    uart_app.o
    0x08003b98   0x08003b98   0x0000002e   Code   RO          752    i.strupr1251        tools.o
    0x08003bc6   0x08003bc6   0x0000012a   Code   RO          544    i.terminal_rx       terminal.o
    0x08003cf0   0x08003cf0   0x0000005c   Code   RO          815    i.testAudioStart    testmelody.o
    0x08003d4c   0x08003d4c   0x00000010   Code   RO          816    i.testAudioStop     testmelody.o
    0x08003d5c   0x08003d5c   0x00000014   Code   RO          347    i.waitUart1TxComplete  uart_app.o
    0x08003d70   0x08003d70   0x00000010   Code   RO          348    i.waitUartTxEnd     uart_app.o
    0x08003d80   0x08003d80   0x0000002c   Code   RO         3743    locale$$code        c_w.l(lc_ctype_c.o)
    0x08003dac   0x08003dac   0x00000010   Data   RO            5    .constdata          main.o
    0x08003dbc   0x08003dbc   0x00000510   Data   RO          681    .constdata          command.o
    0x080042cc   0x080042cc   0x00000001   Data   RO          682    .constdata          command.o
    0x080042cd   0x080042cd   0x00000003   PAD
    0x080042d0   0x080042d0   0x00000010   Data   RO         1130    .constdata          sensors.o
    0x080042e0   0x080042e0   0x00000007   Data   RO         1458    .constdata          retarget_io.o
    0x080042e7   0x080042e7   0x00000008   Data   RO         1459    .constdata          retarget_io.o
    0x080042ef   0x080042ef   0x00000008   Data   RO         1460    .constdata          retarget_io.o
    0x080042f7   0x080042f7   0x00000028   Data   RO         3245    .constdata          c_w.l(_printf_hex_int.o)
    0x0800431f   0x0800431f   0x00000011   Data   RO         3275    .constdata          c_w.l(__printf_flags_wp.o)
    0x08004330   0x08004330   0x00000020   Data   RO         3804    Region$$Table       anon$$obj.o
    0x08004350   0x08004350   0x00000110   Data   RO         3742    locale$$data        c_w.l(lc_ctype_c.o)


    Execution Region RW_IRAM1 (Exec base: 0x20000000, Load base: 0x08004460, Size: 0x00002760, Max: 0x00008000, ABSOLUTE)

    Exec Addr    Load Addr    Size         Type   Attr      Idx    E Section Name        Object

    0x20000000   0x08004460   0x00000001   Data   RW            6    .data               main.o
    0x20000001   0x08004461   0x00000003   PAD
    0x20000004   0x08004464   0x00000004   Data   RW          350    .data               uart_app.o
    0x20000008   0x08004468   0x00000004   Data   RW          351    .data               uart_app.o
    0x2000000c   0x0800446c   0x00000001   Data   RW          352    .data               uart_app.o
    0x2000000d   0x0800446d   0x00000003   PAD
    0x20000010   0x08004470   0x00000014   Data   RW          448    .data               timer.o
    0x20000024   0x08004484   0x00000018   Data   RW          613    .data               cmdlineterminal.o
    0x2000003c   0x0800449c   0x00000011   Data   RW          683    .data               command.o
    0x2000004d   0x080044ad   0x00000003   PAD
    0x20000050   0x080044b0   0x00000018   Data   RW          819    .data               testmelody.o
    0x20000068   0x080044c8   0x00000001   Data   RW          919    .data               player.o
    0x20000069   0x080044c9   0x00000003   PAD
    0x2000006c   0x080044cc   0x00000010   Data   RW         1238    .data               protocol_module.o
    0x2000007c   0x080044dc   0x00000004   Data   RW         1524    .data               system_mdr32f9qx.o
    0x20000080   0x080044e0   0x00000004   Data   RW         3304    .data               c_w.l(stdio_streams.o)
    0x20000084   0x080044e4   0x00000004   Data   RW         3305    .data               c_w.l(stdio_streams.o)
    0x20000088   0x080044e8   0x00000004   Data   RW         3306    .data               c_w.l(stdio_streams.o)
    0x2000008c        -       0x00000408   Zero   RW          349    .bss                uart_app.o
    0x20000494        -       0x0000003c   Zero   RW          545    .bss                terminal.o
    0x200004d0        -       0x0000002c   Zero   RW          612    .bss                cmdlineterminal.o
    0x200004fc        -       0x00000400   Zero   RW          680    .bss                command.o
    0x200008fc        -       0x00000190   Zero   RW          817    .bss                testmelody.o
    0x20000a8c        -       0x00001084   Zero   RW          918    .bss                player.o
    0x20001b10        -       0x00000048   Zero   RW          982    .bss                adc.o
    0x20001b58        -       0x00000030   Zero   RW         1129    .bss                sensors.o
    0x20001b88        -       0x00000030   Zero   RW         1237    .bss                protocol_module.o
    0x20001bb8        -       0x00000028   Zero   RW         1288    .bss                w25qxx.o
    0x20001be0   0x080044ec   0x00000020   PAD
    0x20001c00        -       0x00000400   Zero   RW         2106    .bss                mdr32f9qx_dma.o
    0x20002000        -       0x00000054   Zero   RW         3301    .bss                c_w.l(stdio_streams.o)
    0x20002054        -       0x00000054   Zero   RW         3302    .bss                c_w.l(stdio_streams.o)
    0x200020a8        -       0x00000054   Zero   RW         3303    .bss                c_w.l(stdio_streams.o)
    0x200020fc        -       0x00000060   Zero   RW         3647    .bss                c_w.l(libspace.o)
    0x2000215c   0x080044ec   0x00000004   PAD
    0x20002160        -       0x00000200   Zero   RW         1514    HEAP                startup_mdr32f9qx.o
    0x20002360        -       0x00000400   Zero   RW         1513    STACK               startup_mdr32f9qx.o



  Load Region LR_IROM2 (Base: 0x08010000, Size: 0x00000000, Max: 0x00010000, ABSOLUTE)

    Execution Region FLASH_MELODY (Exec base: 0x08010000, Load base: 0x08010000, Size: 0x00000000, Max: 0xffffffff, ABSOLUTE)

    **** No section assigned to this execution region ****


==============================================================================

Image component sizes


      Code (inc. data)   RO Data    RW Data    ZI Data      Debug   Object Name

       128         10          0          0         72       1575   adc.o
        44          0          0          0          0       2123   channel.o
       548        126          0         24         44       5381   cmdlineterminal.o
       824        202       1297         17       1024       6397   command.o
       140         14          0          0          0       2702   led.o
       300         64         16          1          0     123085   main.o
       270         32          0          0          0       4710   mdr32f9qx_adc.o
        44         10          0          0          0       1151   mdr32f9qx_dac.o
       384         42          0          0       1024       5436   mdr32f9qx_dma.o
       184         20          0          0          0      11805   mdr32f9qx_it.o
       416         16          0          0          0       3020   mdr32f9qx_port.o
       668         58          0          0          0      10693   mdr32f9qx_rst_clk.o
       182         14          0          0          0       5382   mdr32f9qx_ssp.o
       238         18          0          0          0       3866   mdr32f9qx_timer.o
       286         28          0          0          0       7072   mdr32f9qx_uart.o
       670         64          0          1       4228      20062   player.o
       196         36          0         16         48       2255   protocol_module.o
       242         24         23          0          0       5534   retarget_io.o
        56         14         16          0         48        643   sensors.o
       448         14          0          0          0       3011   spi.o
        64         26        192          0       1536        792   startup_mdr32f9qx.o
       136         20          0          4          0       1371   system_mdr32f9qx.o
       370         18          0          0         60       4352   terminal.o
       380         34          0         24        400       4877   testmelody.o
       148         30          0         20          0       3393   timer.o
        58          0          0          0          0        985   tools.o
       584         56          0          9       1032      29178   uart_app.o
       956         98          0          0         40       7146   w25qxx.o

    ----------------------------------------------------------------------
      8978       1088       1579        128       9588     277997   Object Totals
         0          0         32          0          0          0   (incl. Generated)
        14          0          3         12         32          0   (incl. Padding)

    ----------------------------------------------------------------------

      Code (inc. data)   RO Data    RW Data    ZI Data      Debug   Library Member Name

        60          8          0          0          0         84   __0sscanf.o
         8          0          0          0          0         68   __main.o
       312          4         17          0          0         92   __printf_flags_wp.o
        14          0          0          0          0         68   __printf_wp.o
         0          0          0          0          0          0   __rtentry.o
        12          0          0          0          0          0   __rtentry2.o
         6          0          0          0          0          0   __rtentry4.o
        52          8          0          0          0          0   __scatter.o
        26          0          0          0          0          0   __scatter_copy.o
        28          0          0          0          0          0   __scatter_zi.o
        28          0          0          0          0         68   _chval.o
        44          0          0          0          0        108   _printf_char.o
        48          6          0          0          0         96   _printf_char_common.o
        36          4          0          0          0         80   _printf_char_file.o
         6          0          0          0          0          0   _printf_d.o
       120         16          0          0          0         92   _printf_dec.o
        88          4         40          0          0         88   _printf_hex_int.o
       178          0          0          0          0         88   _printf_intcommon.o
        78          0          0          0          0        108   _printf_pad.o
         0          0          0          0          0          0   _printf_percent.o
         4          0          0          0          0          0   _printf_percent_end.o
         6          0          0          0          0          0   _printf_s.o
        82          0          0          0          0         80   _printf_str.o
         6          0          0          0          0          0   _printf_x.o
       884          4          0          0          0        100   _scanf.o
       332          0          0          0          0         96   _scanf_int.o
        64          0          0          0          0         84   _sgetc.o
        12          0          0          0          0         68   clearerr.o
        10          0          0          0          0         68   defsig_exit.o
        50          0          0          0          0         88   defsig_general.o
        80         58          0          0          0         76   defsig_rtmem_inner.o
        14          0          0          0          0         80   defsig_rtmem_outer.o
        52         38          0          0          0         76   defsig_rtred_inner.o
        14          0          0          0          0         80   defsig_rtred_outer.o
        18          0          0          0          0         80   exit.o
        76          0          0          0          0         88   fclose.o
         8          0          0          0          0         68   ferror.o
       100          4          0          0          0        120   fflush.o
        24          0          0          0          0         68   fgetc.o
       570          0          0          0          0        132   filbuf.o
       470          0          0          0          0         88   flsbuf.o
        56          6          0          0          0         80   flushlinebuffered.o
       236          4          0          0          0        128   fopen.o
        26          0          0          0          0         68   fputc.o
       248          6          0          0          0         84   fseek.o
        66          0          0          0          0         76   ftell.o
         4          0          0          0          0         68   getc.o
        94          0          0          0          0         80   h1_alloc.o
        52          0          0          0          0         68   h1_extend.o
        78          0          0          0          0         80   h1_free.o
        14          0          0          0          0         84   h1_init.o
         6          0          0          0          0        152   heapauxi.o
         4          0          0          0          0        136   hguard.o
         0          0          0          0          0          0   indicate_semi.o
       138          0          0          0          0        168   init_alloc.o
       312         46          0          0          0        112   initio.o
        18          0          0          0          0         76   isspace.o
        44         10        272          0          0         76   lc_ctype_c.o
         2          0          0          0          0          0   libinit.o
        32          0          0          0          0          0   libinit2.o
         2          0          0          0          0          0   libshutdown.o
         6          0          0          0          0          0   libshutdown2.o
         8          4          0          0         96         68   libspace.o
         0          0          0          0          0          0   maybetermalloc1.o
        20          0          0          0          0         84   noretval__2fprintf.o
        24          4          0          0          0         84   noretval__2printf.o
        16          4          0          0          0         76   rt_ctype_table.o
         8          4          0          0          0         68   rt_errno_addr_intlibspace.o
         8          4          0          0          0         68   rt_heap_descriptor_intlibspace.o
         8          4          0          0          0         68   rt_locale_intlibspace.o
        78          0          0          0          0         80   rt_memclr_w.o
         2          0          0          0          0          0   rtexit.o
        10          0          0          0          0          0   rtexit2.o
        44          8          0          0          0         84   scanf_char.o
        70          0          0          0          0         80   setvbuf.o
       240          6          0          0          0        156   stdio.o
         0          0          0         12        252          0   stdio_streams.o
       128          0          0          0          0         68   strcmpv7m.o
        32          0          0          0          0         80   strcspn.o
        62          0          0          0          0         76   strlen.o
       150          0          0          0          0         80   strncmp.o
        28          0          0          0          0         80   strspn.o
        36          0          0          0          0         80   strstr.o
        68          4          0          0          0         84   strtok_int.o
         4          0          0          0          0         68   strtok_r.o
        12          4          0          0          0         68   sys_exit.o
        74          0          0          0          0         80   sys_stackheap_outer.o
        14          0          0          0          0         76   sys_wrch.o
         2          0          0          0          0         68   use_no_semi.o

    ----------------------------------------------------------------------
      6618        272        329         12        352       5940   Library Totals
        14          0          0          0          4          0   (incl. Padding)

    ----------------------------------------------------------------------

      Code (inc. data)   RO Data    RW Data    ZI Data      Debug   Library Name

      6604        272        329         12        348       5940   c_w.l

    ----------------------------------------------------------------------
      6618        272        329         12        352       5940   Library Totals

    ----------------------------------------------------------------------

==============================================================================


      Code (inc. data)   RO Data    RW Data    ZI Data      Debug   

     15596       1360       1908        140       9940     272285   Grand Totals
     15596       1360       1908        140       9940     272285   ELF Image Totals
     15596       1360       1908        140          0          0   ROM Totals

==============================================================================

    Total RO  Size (Code + RO Data)                17504 (  17.09kB)
    Total RW  Size (RW Data + ZI Data)             10080 (   9.84kB)
    Total ROM Size (Code + RO Data + RW Data)      17644 (  17.23kB)

==============================================================================

